Archive member included to satisfy reference by file (symbol)

..\..\src\libLoRa_pico_lib.a(LoRa-RP2040.cpp.obj)
                              CMakeFiles/LoRaSetSpread.dir/LoRaSetSpread.cpp.obj (_ZN9LoRaClass9availableEv)
..\..\src\libLoRa_print.a(Print.cpp.obj)
                              CMakeFiles/LoRaSetSpread.dir/LoRaSetSpread.cpp.obj (_ZN5Print5printEPKc)
c:/progra~2/armgnu~1/112202~1.02/bin/../lib/gcc/arm-none-eabi/11.2.1/thumb/v6-m/nofp\libstdc++.a(class_type_info.o)
                              ..\..\src\libLoRa_print.a(Print.cpp.obj) (_ZTVN10__cxxabiv117__class_type_infoE)
c:/progra~2/armgnu~1/112202~1.02/bin/../lib/gcc/arm-none-eabi/11.2.1/thumb/v6-m/nofp\libstdc++.a(del_ops.o)
                              CMakeFiles/LoRaSetSpread.dir/LoRaSetSpread.cpp.obj (_ZdlPvj)
c:/progra~2/armgnu~1/112202~1.02/bin/../lib/gcc/arm-none-eabi/11.2.1/thumb/v6-m/nofp\libstdc++.a(eh_arm.o)
                              CMakeFiles/LoRaSetSpread.dir/LoRaSetSpread.cpp.obj (__cxa_end_cleanup)
c:/progra~2/armgnu~1/112202~1.02/bin/../lib/gcc/arm-none-eabi/11.2.1/thumb/v6-m/nofp\libstdc++.a(eh_exception.o)
                              c:/progra~2/armgnu~1/112202~1.02/bin/../lib/gcc/arm-none-eabi/11.2.1/thumb/v6-m/nofp\libstdc++.a(eh_arm.o) (_ZTIN10__cxxabiv115__forced_unwindE)
c:/progra~2/armgnu~1/112202~1.02/bin/../lib/gcc/arm-none-eabi/11.2.1/thumb/v6-m/nofp\libstdc++.a(eh_globals.o)
                              c:/progra~2/armgnu~1/112202~1.02/bin/../lib/gcc/arm-none-eabi/11.2.1/thumb/v6-m/nofp\libstdc++.a(eh_arm.o) (__cxa_get_globals)
c:/progra~2/armgnu~1/112202~1.02/bin/../lib/gcc/arm-none-eabi/11.2.1/thumb/v6-m/nofp\libstdc++.a(eh_personality.o)
                              CMakeFiles/LoRaSetSpread.dir/LoRaSetSpread.cpp.obj (__gxx_personality_v0)
c:/progra~2/armgnu~1/112202~1.02/bin/../lib/gcc/arm-none-eabi/11.2.1/thumb/v6-m/nofp\libstdc++.a(eh_terminate.o)
                              c:/progra~2/armgnu~1/112202~1.02/bin/../lib/gcc/arm-none-eabi/11.2.1/thumb/v6-m/nofp\libstdc++.a(eh_arm.o) (_ZSt9terminatev)
c:/progra~2/armgnu~1/112202~1.02/bin/../lib/gcc/arm-none-eabi/11.2.1/thumb/v6-m/nofp\libstdc++.a(eh_unex_handler.o)
                              c:/progra~2/armgnu~1/112202~1.02/bin/../lib/gcc/arm-none-eabi/11.2.1/thumb/v6-m/nofp\libstdc++.a(eh_terminate.o) (_ZN10__cxxabiv120__unexpected_handlerE)
c:/progra~2/armgnu~1/112202~1.02/bin/../lib/gcc/arm-none-eabi/11.2.1/thumb/v6-m/nofp\libstdc++.a(si_class_type_info.o)
                              c:/progra~2/armgnu~1/112202~1.02/bin/../lib/gcc/arm-none-eabi/11.2.1/thumb/v6-m/nofp\libstdc++.a(class_type_info.o) (_ZTVN10__cxxabiv120__si_class_type_infoE)
c:/progra~2/armgnu~1/112202~1.02/bin/../lib/gcc/arm-none-eabi/11.2.1/thumb/v6-m/nofp\libstdc++.a(tinfo.o)
                              c:/progra~2/armgnu~1/112202~1.02/bin/../lib/gcc/arm-none-eabi/11.2.1/thumb/v6-m/nofp\libstdc++.a(class_type_info.o) (_ZNSt9type_infoD2Ev)
c:/progra~2/armgnu~1/112202~1.02/bin/../lib/gcc/arm-none-eabi/11.2.1/thumb/v6-m/nofp\libstdc++.a(vterminate.o)
                              c:/progra~2/armgnu~1/112202~1.02/bin/../lib/gcc/arm-none-eabi/11.2.1/thumb/v6-m/nofp\libstdc++.a(eh_terminate.o) (_ZN9__gnu_cxx27__verbose_terminate_handlerEv)
c:/progra~2/armgnu~1/112202~1.02/bin/../lib/gcc/arm-none-eabi/11.2.1/thumb/v6-m/nofp\libstdc++.a(functexcept.o)
                              CMakeFiles/LoRaSetSpread.dir/LoRaSetSpread.cpp.obj (_ZSt19__throw_logic_errorPKc)
c:/progra~2/armgnu~1/112202~1.02/bin/../lib/gcc/arm-none-eabi/11.2.1/thumb/v6-m/nofp\libstdc++.a(snprintf_lite.o)
                              c:/progra~2/armgnu~1/112202~1.02/bin/../lib/gcc/arm-none-eabi/11.2.1/thumb/v6-m/nofp\libstdc++.a(functexcept.o) (_ZN9__gnu_cxx15__snprintf_liteEPcjPKcSt9__va_list)
c:/progra~2/armgnu~1/112202~1.02/bin/../lib/gcc/arm-none-eabi/11.2.1/thumb/v6-m/nofp\libstdc++.a(string-inst.o)
                              CMakeFiles/LoRaSetSpread.dir/LoRaSetSpread.cpp.obj (_ZNSt7__cxx1112basic_stringIcSt11char_traitsIcESaIcEE9_M_createERjj)
c:/progra~2/armgnu~1/112202~1.02/bin/../lib/gcc/arm-none-eabi/11.2.1/thumb/v6-m/nofp\libstdc++.a(bad_alloc.o)
                              c:/progra~2/armgnu~1/112202~1.02/bin/../lib/gcc/arm-none-eabi/11.2.1/thumb/v6-m/nofp\libstdc++.a(functexcept.o) (_ZNSt9bad_allocD1Ev)
c:/progra~2/armgnu~1/112202~1.02/bin/../lib/gcc/arm-none-eabi/11.2.1/thumb/v6-m/nofp\libstdc++.a(bad_array_new.o)
                              c:/progra~2/armgnu~1/112202~1.02/bin/../lib/gcc/arm-none-eabi/11.2.1/thumb/v6-m/nofp\libstdc++.a(functexcept.o) (_ZNSt20bad_array_new_lengthD1Ev)
c:/progra~2/armgnu~1/112202~1.02/bin/../lib/gcc/arm-none-eabi/11.2.1/thumb/v6-m/nofp\libstdc++.a(bad_cast.o)
                              c:/progra~2/armgnu~1/112202~1.02/bin/../lib/gcc/arm-none-eabi/11.2.1/thumb/v6-m/nofp\libstdc++.a(functexcept.o) (_ZNSt8bad_castD1Ev)
c:/progra~2/armgnu~1/112202~1.02/bin/../lib/gcc/arm-none-eabi/11.2.1/thumb/v6-m/nofp\libstdc++.a(bad_typeid.o)
[...]
Memory Configuration

Name             Origin             Length             Attributes
FLASH            0x10000000         0x00200000         xr
RAM              0x20000000         0x00040000         xrw
SCRATCH_X        0x20040000         0x00001000         xrw
SCRATCH_Y        0x20041000         0x00001000         xrw
*default*        0x00000000         0xffffffff

Linker script and memory map

LOAD c:/progra~2/armgnu~1/112202~1.02/bin/../lib/gcc/arm-none-eabi/11.2.1/thumb/v6-m/nofp/crti.o
LOAD c:/progra~2/armgnu~1/112202~1.02/bin/../lib/gcc/arm-none-eabi/11.2.1/thumb/v6-m/nofp/crtbegin.o
LOAD c:/progra~2/armgnu~1/112202~1.02/bin/../lib/gcc/arm-none-eabi/11.2.1/thumb/v6-m/nofp/crt0.o

.flash_begin    0x10000000        0x0
                0x10000000                __flash_binary_start = .

.boot2          0x10000000      0x100
                0x10000000                __boot2_start__ = .
 *(.boot2)
 .boot2         0x10000000      0x100 C:\Users\HENRIK~1.PED\AppData\Local\Temp\cc4zLKrb.o
                0x10000100                __boot2_end__ = .
                0x00000001                ASSERT (((__boot2_end__ - __boot2_start__) == 0x100), ERROR: Pico second stage bootloader must be 256 bytes in size)

.text           0x10000100    0x12ca8
                0x10000100                __logical_binary_start = .
 *(.vectors)
 .vectors       0x10000100       0xd4 CMakeFiles/LoRaSetSpread.dir/C_/Users/henrik.pedersen/pico/pico-sdk/src/rp2_common/pico_standard_link/crt0.S.obj
                0x10000100                __VECTOR_TABLE
                0x10000100                __vectors
                0x100001c0                isr_invalid
                0x100001c0                __default_isrs_start
                0x100001c2                isr_nmi
                0x100001c4                isr_hardfault
                0x100001c6                isr_svcall
                0x100001c8                isr_pendsv
                0x100001ca                isr_systick
                0x100001cc                isr_irq23
                0x100001cc                isr_irq18
                0x100001cc                isr_irq11
                0x100001cc                isr_irq28
                0x100001cc                isr_irq19
                0x100001cc                isr_irq0
                0x100001cc                isr_irq6
                0x100001cc                isr_irq5
                0x100001cc                isr_irq12
                0x100001cc                isr_irq22
                0x100001cc                isr_irq31
                0x100001cc                isr_irq17
                0x100001cc                isr_irq27
                0x100001cc                isr_irq30
                0x100001cc                isr_irq2
                0x100001cc                isr_irq10
                0x100001cc                isr_irq8
                0x100001cc                isr_irq24
                0x100001cc                isr_irq1
                0x100001cc                isr_irq7
                0x100001cc                isr_irq21
                0x100001cc                isr_irq20
                0x100001cc                isr_irq15
                0x100001cc                isr_irq25
                0x100001cc                isr_irq13
                0x100001cc                __unhandled_user_irq
                0x100001cc                isr_irq4
                0x100001cc                isr_irq16
                0x100001cc                isr_irq29
                0x100001cc                isr_irq26
                0x100001cc                __default_isrs_end
                0x100001cc                isr_irq3
                0x100001cc                isr_irq14
                0x100001cc                isr_irq9
                0x100001d2                unhandled_user_irq_num_in_r0
 *(.binary_info_header)
 .binary_info_header
                0x100001d4       0x14 CMakeFiles/LoRaSetSpread.dir/C_/Users/henrik.pedersen/pico/pico-sdk/src/rp2_common/pico_standard_link/crt0.S.obj
                0x100001e8                __binary_info_header_end = .
 *(.reset)
 .reset         0x100001e8       0xa8 CMakeFiles/LoRaSetSpread.dir/C_/Users/henrik.pedersen/pico/pico-sdk/src/rp2_common/pico_standard_link/crt0.S.obj
                0x100001e8                _entry_point
                0x10000266                __get_current_exception
 .reset         0x10000290       0x30 CMakeFiles/LoRaSetSpread.dir/C_/Users/henrik.pedersen/pico/pico-sdk/src/rp2_common/pico_standard_link/binary_info.c.obj
 *(.init)
 .init          0x100002c0        0x4 c:/progra~2/armgnu~1/112202~1.02/bin/../lib/gcc/arm-none-eabi/11.2.1/thumb/v6-m/nofp/crti.o
                0x100002c0                _init
 *(EXCLUDE_FILE(*libm.a: *libc.a:*lib_a-mem*.o *libgcc.a:) .text*)
 .text.register_tm_clones
                0x100002c4       0x28 c:/progra~2/armgnu~1/112202~1.02/bin/../lib/gcc/arm-none-eabi/11.2.1/thumb/v6-m/nofp/crtbegin.o
 .text.frame_dummy
                0x100002ec       0x24 c:/progra~2/armgnu~1/112202~1.02/bin/../lib/gcc/arm-none-eabi/11.2.1/thumb/v6-m/nofp/crtbegin.o
 .text._Z9onReceivei
                0x10000310      0x15c CMakeFiles/LoRaSetSpread.dir/LoRaSetSpread.cpp.obj
                0x10000310                _Z9onReceivei
 .text.startup.main
                0x1000046c      0x19c CMakeFiles/LoRaSetSpread.dir/LoRaSetSpread.cpp.obj
                0x1000046c                main
 .text.gpio_set_function
                0x10000608       0x30 CMakeFiles/LoRaSetSpread.dir/C_/Users/henrik.pedersen/pico/pico-sdk/src/rp2_common/hardware_gpio/gpio.c.obj
                0x10000608                gpio_set_function
 .text.gpio_init
                0x10000638       0x3c CMakeFiles/LoRaSetSpread.dir/C_/Users/henrik.pedersen/pico/pico-sdk/src/rp2_common/hardware_gpio/gpio.c.obj
                0x10000638                gpio_init
 .text.hw_claim_or_assert
                0x10000674       0x44 CMakeFiles/LoRaSetSpread.dir/C_/Users/henrik.pedersen/pico/pico-sdk/src/rp2_common/hardware_claim/claim.c.obj
                0x10000674                hw_claim_or_assert
 .text.hw_claim_unused_from_range
                0x100006b8       0x9c CMakeFiles/LoRaSetSpread.dir/C_/Users/henrik.pedersen/pico/pico-sdk/src/rp2_common/hardware_claim/claim.c.obj
                0x100006b8                hw_claim_unused_from_range
 .text.running_on_fpga
                0x10000754       0x10 CMakeFiles/LoRaSetSpread.dir/C_/Users/henrik.pedersen/pico/pico-sdk/src/rp2_common/pico_platform/platform.c.obj
                0x10000754                running_on_fpga
 .text.spin_locks_reset
                0x10000764       0x1c CMakeFiles/LoRaSetSpread.dir/C_/Users/henrik.pedersen/pico/pico-sdk/src/rp2_common/hardware_sync/sync.c.obj
                0x10000764                spin_locks_reset
 .text.next_striped_spin_lock_num
                0x10000780       0x18 CMakeFiles/LoRaSetSpread.dir/C_/Users/henrik.pedersen/pico/pico-sdk/src/rp2_common/hardware_sync/sync.c.obj
                0x10000780                next_striped_spin_lock_num
 .text.spin_lock_claim_unused
                0x10000798       0x24 CMakeFiles/LoRaSetSpread.dir/C_/Users/henrik.pedersen/pico/pico-sdk/src/rp2_common/hardware_sync/sync.c.obj
                0x10000798                spin_lock_claim_unused
 .text.irq_set_enabled
                0x100007bc       0x24 CMakeFiles/LoRaSetSpread.dir/C_/Users/henrik.pedersen/pico/pico-sdk/src/rp2_common/hardware_irq/irq.c.obj
                0x100007bc                irq_set_enabled
 .text.irq_set_pending
                0x100007e0       0x10 CMakeFiles/LoRaSetSpread.dir/C_/Users/henrik.pedersen/pico/pico-sdk/src/rp2_common/hardware_irq/irq.c.obj
                0x100007e0                irq_set_pending
 .text.irq_has_shared_handler
                0x100007f0       0x2c CMakeFiles/LoRaSetSpread.dir/C_/Users/henrik.pedersen/pico/pico-sdk/src/rp2_common/hardware_irq/irq.c.obj
                0x100007f0                irq_has_shared_handler
 .text.irq_get_vtable_handler
                0x1000081c       0x10 CMakeFiles/LoRaSetSpread.dir/C_/Users/henrik.pedersen/pico/pico-sdk/src/rp2_common/hardware_irq/irq.c.obj
                0x1000081c                irq_get_vtable_handler
 .text.irq_set_exclusive_handler
                0x1000082c       0x54 CMakeFiles/LoRaSetSpread.dir/C_/Users/henrik.pedersen/pico/pico-sdk/src/rp2_common/hardware_irq/irq.c.obj
                0x1000082c                irq_set_exclusive_handler
 .text.irq_add_shared_handler
                0x10000880      0x1e0 CMakeFiles/LoRaSetSpread.dir/C_/Users/henrik.pedersen/pico/pico-sdk/src/rp2_common/hardware_irq/irq.c.obj
                0x10000880                irq_add_shared_handler
 .text.irq_remove_handler
                0x10000a60      0x1b4 CMakeFiles/LoRaSetSpread.dir/C_/Users/henrik.pedersen/pico/pico-sdk/src/rp2_common/hardware_irq/irq.c.obj
                0x10000a60                irq_remove_handler
 .text.irq_add_tail_to_free_list
                0x10000c14       0xb4 CMakeFiles/LoRaSetSpread.dir/C_/Users/henrik.pedersen/pico/pico-sdk/src/rp2_common/hardware_irq/irq.c.obj
                0x10000c14                irq_add_tail_to_free_list
 .text.irq_init_priorities
                0x10000cc8       0x24 CMakeFiles/LoRaSetSpread.dir/C_/Users/henrik.pedersen/pico/pico-sdk/src/rp2_common/hardware_irq/irq.c.obj
                0x10000cc8                irq_init_priorities
 .text.user_irq_claim_unused
                0x10000cec       0x30 CMakeFiles/LoRaSetSpread.dir/C_/Users/henrik.pedersen/pico/pico-sdk/src/rp2_common/hardware_irq/irq.c.obj
                0x10000cec                user_irq_claim_unused
 .text.lock_init
                0x10000d1c       0x10 CMakeFiles/LoRaSetSpread.dir/C_/Users/henrik.pedersen/pico/pico-sdk/src/common/pico_sync/lock_core.c.obj
                0x10000d1c                lock_init
 .text.timer_pool_entry_comparator
                0x10000d2c       0x34 CMakeFiles/LoRaSetSpread.dir/C_/Users/henrik.pedersen/pico/pico-sdk/src/common/pico_time/time.c.obj
                0x10000d2c                timer_pool_entry_comparator
 .text.sleep_until_callback
                0x10000d60       0x30 CMakeFiles/LoRaSetSpread.dir/C_/Users/henrik.pedersen/pico/pico-sdk/src/common/pico_time/time.c.obj
 .text.add_alarm_under_lock.isra.0
                0x10000d90      0x104 CMakeFiles/LoRaSetSpread.dir/C_/Users/henrik.pedersen/pico/pico-sdk/src/common/pico_time/time.c.obj
 .text.alarm_pool_alarm_callback
                0x10000e94      0x1c8 CMakeFiles/LoRaSetSpread.dir/C_/Users/henrik.pedersen/pico/pico-sdk/src/common/pico_time/time.c.obj
 .text.alarm_pool_add_alarm_at.constprop.0
                0x1000105c      0x11c CMakeFiles/LoRaSetSpread.dir/C_/Users/henrik.pedersen/pico/pico-sdk/src/common/pico_time/time.c.obj
 .text.alarm_pool_init_default
                0x10001178       0x64 CMakeFiles/LoRaSetSpread.dir/C_/Users/henrik.pedersen/pico/pico-sdk/src/common/pico_time/time.c.obj
                0x10001178                alarm_pool_init_default
 .text.alarm_pool_get_default
                0x100011dc        0x8 CMakeFiles/LoRaSetSpread.dir/C_/Users/henrik.pedersen/pico/pico-sdk/src/common/pico_time/time.c.obj
                0x100011dc                alarm_pool_get_default
 .text.alarm_pool_add_alarm_at
                0x100011e4      0x1a0 CMakeFiles/LoRaSetSpread.dir/C_/Users/henrik.pedersen/pico/pico-sdk/src/common/pico_time/time.c.obj
                0x100011e4                alarm_pool_add_alarm_at
 .text.sleep_until
                0x10001384       0xac CMakeFiles/LoRaSetSpread.dir/C_/Users/henrik.pedersen/pico/pico-sdk/src/common/pico_time/time.c.obj
                0x10001384                sleep_until
 .text.sleep_ms
                0x10001430       0x38 CMakeFiles/LoRaSetSpread.dir/C_/Users/henrik.pedersen/pico/pico-sdk/src/common/pico_time/time.c.obj
                0x10001430                sleep_ms
 .text.best_effort_wfe_or_timeout
                0x10001468       0xc0 CMakeFiles/LoRaSetSpread.dir/C_/Users/henrik.pedersen/pico/pico-sdk/src/common/pico_time/time.c.obj
                0x10001468                best_effort_wfe_or_timeout
 .text.hardware_alarm_irq_handler
                0x10001528       0xb8 CMakeFiles/LoRaSetSpread.dir/C_/Users/henrik.pedersen/pico/pico-sdk/src/rp2_common/hardware_timer/timer.c.obj
 .text.hardware_alarm_claim
                0x100015e0       0x18 CMakeFiles/LoRaSetSpread.dir/C_/Users/henrik.pedersen/pico/pico-sdk/src/rp2_common/hardware_timer/timer.c.obj
                0x100015e0                hardware_alarm_claim
 .text.time_us_64
                0x100015f8       0x14 CMakeFiles/LoRaSetSpread.dir/C_/Users/henrik.pedersen/pico/pico-sdk/src/rp2_common/hardware_timer/timer.c.obj
                0x100015f8                time_us_64
 .text.busy_wait_us
                0x1000160c       0x54 CMakeFiles/LoRaSetSpread.dir/C_/Users/henrik.pedersen/pico/pico-sdk/src/rp2_common/hardware_timer/timer.c.obj
                0x1000160c                busy_wait_us
 .text.busy_wait_until
                0x10001660       0x20 CMakeFiles/LoRaSetSpread.dir/C_/Users/henrik.pedersen/pico/pico-sdk/src/rp2_common/hardware_timer/timer.c.obj
                0x10001660                busy_wait_until
 .text.hardware_alarm_set_callback
                0x10001680       0x8c CMakeFiles/LoRaSetSpread.dir/C_/Users/henrik.pedersen/pico/pico-sdk/src/rp2_common/hardware_timer/timer.c.obj
                0x10001680                hardware_alarm_set_callback
 .text.hardware_alarm_set_target
                0x1000170c       0xe0 CMakeFiles/LoRaSetSpread.dir/C_/Users/henrik.pedersen/pico/pico-sdk/src/rp2_common/hardware_timer/timer.c.obj
                0x1000170c                hardware_alarm_set_target
 .text.hardware_alarm_cancel
                0x100017ec       0x3c CMakeFiles/LoRaSetSpread.dir/C_/Users/henrik.pedersen/pico/pico-sdk/src/rp2_common/hardware_timer/timer.c.obj
                0x100017ec                hardware_alarm_cancel
 .text.ph_merge_nodes
                0x10001828       0x68 CMakeFiles/LoRaSetSpread.dir/C_/Users/henrik.pedersen/pico/pico-sdk/src/common/pico_util/pheap.c.obj
 .text.ph_post_alloc_init
                0x10001890       0x3c CMakeFiles/LoRaSetSpread.dir/C_/Users/henrik.pedersen/pico/pico-sdk/src/common/pico_util/pheap.c.obj
                0x10001890                ph_post_alloc_init
 .text.ph_merge_two_pass
                0x100018cc       0x9c CMakeFiles/LoRaSetSpread.dir/C_/Users/henrik.pedersen/pico/pico-sdk/src/common/pico_util/pheap.c.obj
                0x100018cc                ph_merge_two_pass
 .text.ph_remove_any_head
                0x10001968       0xf8 CMakeFiles/LoRaSetSpread.dir/C_/Users/henrik.pedersen/pico/pico-sdk/src/common/pico_util/pheap.c.obj
 .text.ph_remove_head
                0x10001a60       0xfc CMakeFiles/LoRaSetSpread.dir/C_/Users/henrik.pedersen/pico/pico-sdk/src/common/pico_util/pheap.c.obj
                0x10001a60                ph_remove_head
 .text.ph_remove_and_free_node
                0x10001b5c       0x7c CMakeFiles/LoRaSetSpread.dir/C_/Users/henrik.pedersen/pico/pico-sdk/src/common/pico_util/pheap.c.obj
                0x10001b5c                ph_remove_and_free_node
 .text.mutex_init
                0x10001bd8       0x1c CMakeFiles/LoRaSetSpread.dir/C_/Users/henrik.pedersen/pico/pico-sdk/src/common/pico_sync/mutex.c.obj
                0x10001bd8                mutex_init
 .text.recursive_mutex_init
                0x10001bf4       0x1c CMakeFiles/LoRaSetSpread.dir/C_/Users/henrik.pedersen/pico/pico-sdk/src/common/pico_sync/mutex.c.obj
                0x10001bf4                recursive_mutex_init
 .text.critical_section_init
                0x10001c10       0x20 CMakeFiles/LoRaSetSpread.dir/C_/Users/henrik.pedersen/pico/pico-sdk/src/common/pico_sync/critical_section.c.obj
                0x10001c10                critical_section_init
 .text.runtime_init
                0x10001c30       0xf0 CMakeFiles/LoRaSetSpread.dir/C_/Users/henrik.pedersen/pico/pico-sdk/src/rp2_common/pico_runtime/runtime.c.obj
                0x10001c30                runtime_init
 .text._exit    0x10001d20        0x4 CMakeFiles/LoRaSetSpread.dir/C_/Users/henrik.pedersen/pico/pico-sdk/src/rp2_common/pico_runtime/runtime.c.obj
                0x10001d20                _exit
 .text._sbrk    0x10001d24       0x34 CMakeFiles/LoRaSetSpread.dir/C_/Users/henrik.pedersen/pico/pico-sdk/src/rp2_common/pico_runtime/runtime.c.obj
                0x10001d24                _sbrk
 .text.exit     0x10001d58        0x4 CMakeFiles/LoRaSetSpread.dir/C_/Users/henrik.pedersen/pico/pico-sdk/src/rp2_common/pico_runtime/runtime.c.obj
                0x10001d58                exit
 .text.panic    0x10001d5c       0x30 CMakeFiles/LoRaSetSpread.dir/C_/Users/henrik.pedersen/pico/pico-sdk/src/rp2_common/pico_runtime/runtime.c.obj
                0x10001d5c                panic
 .text.hard_assertion_failure
                0x10001d8c        0xc CMakeFiles/LoRaSetSpread.dir/C_/Users/henrik.pedersen/pico/pico-sdk/src/rp2_common/pico_runtime/runtime.c.obj
                0x10001d8c                hard_assertion_failure
 .text.clocks_init
                0x10001d98      0x2b0 CMakeFiles/LoRaSetSpread.dir/C_/Users/henrik.pedersen/pico/pico-sdk/src/rp2_common/hardware_clocks/clocks.c.obj
                0x10001d98                clocks_init
 .text.clock_get_hz
                0x10002048        0xc CMakeFiles/LoRaSetSpread.dir/C_/Users/henrik.pedersen/pico/pico-sdk/src/rp2_common/hardware_clocks/clocks.c.obj
                0x10002048                clock_get_hz
 .text.pll_init
                0x10002054       0xa8 CMakeFiles/LoRaSetSpread.dir/C_/Users/henrik.pedersen/pico/pico-sdk/src/rp2_common/hardware_pll/pll.c.obj
                0x10002054                pll_init
 .text.watchdog_start_tick
                0x100020fc       0x10 CMakeFiles/LoRaSetSpread.dir/C_/Users/henrik.pedersen/pico/pico-sdk/src/rp2_common/hardware_watchdog/watchdog.c.obj
                0x100020fc                watchdog_start_tick
 .text.watchdog_reboot
                0x1000210c       0x9c CMakeFiles/LoRaSetSpread.dir/C_/Users/henrik.pedersen/pico/pico-sdk/src/rp2_common/hardware_watchdog/watchdog.c.obj
                0x1000210c                watchdog_reboot
 .text.xosc_init
                0x100021a8       0x28 CMakeFiles/LoRaSetSpread.dir/C_/Users/henrik.pedersen/pico/pico-sdk/src/rp2_common/hardware_xosc/xosc.c.obj
                0x100021a8                xosc_init
 .text._out_buffer
                0x100021d0        0x8 CMakeFiles/LoRaSetSpread.dir/C_/Users/henrik.pedersen/pico/pico-sdk/src/rp2_common/pico_printf/printf.c.obj
 .text._out_null
                0x100021d8        0x4 CMakeFiles/LoRaSetSpread.dir/C_/Users/henrik.pedersen/pico/pico-sdk/src/rp2_common/pico_printf/printf.c.obj
 .text._out_rev
                0x100021dc       0x90 CMakeFiles/LoRaSetSpread.dir/C_/Users/henrik.pedersen/pico/pico-sdk/src/rp2_common/pico_printf/printf.c.obj
 .text._ntoa_format
                0x1000226c      0x1cc CMakeFiles/LoRaSetSpread.dir/C_/Users/henrik.pedersen/pico/pico-sdk/src/rp2_common/pico_printf/printf.c.obj
 .text._out_char
                0x10002438       0x10 CMakeFiles/LoRaSetSpread.dir/C_/Users/henrik.pedersen/pico/pico-sdk/src/rp2_common/pico_printf/printf.c.obj
 .text._out_fct
                0x10002448       0x10 CMakeFiles/LoRaSetSpread.dir/C_/Users/henrik.pedersen/pico/pico-sdk/src/rp2_common/pico_printf/printf.c.obj
 .text._etoa    0x10002458      0x44c CMakeFiles/LoRaSetSpread.dir/C_/Users/henrik.pedersen/pico/pico-sdk/src/rp2_common/pico_printf/printf.c.obj
 .text._ftoa    0x100028a4      0x3d0 CMakeFiles/LoRaSetSpread.dir/C_/Users/henrik.pedersen/pico/pico-sdk/src/rp2_common/pico_printf/printf.c.obj
 .text._vsnprintf
                0x10002c74      0xabc CMakeFiles/LoRaSetSpread.dir/C_/Users/henrik.pedersen/pico/pico-sdk/src/rp2_common/pico_printf/printf.c.obj
 .text.__wrap_sprintf
                0x10003730       0x2c CMakeFiles/LoRaSetSpread.dir/C_/Users/henrik.pedersen/pico/pico-sdk/src/rp2_common/pico_printf/printf.c.obj
                0x10003730                __wrap_sprintf
 .text.vfctprintf
                0x1000375c       0x20 CMakeFiles/LoRaSetSpread.dir/C_/Users/henrik.pedersen/pico/pico-sdk/src/rp2_common/pico_printf/printf.c.obj
                0x1000375c                vfctprintf
 .text.weak_raw_vprintf
                0x1000377c       0x30 CMakeFiles/LoRaSetSpread.dir/C_/Users/henrik.pedersen/pico/pico-sdk/src/rp2_common/pico_printf/printf.c.obj
                0x1000377c                weak_raw_vprintf
 .text          0x100037ac       0x10 CMakeFiles/LoRaSetSpread.dir/C_/Users/henrik.pedersen/pico/pico-sdk/src/rp2_common/pico_bit_ops/bit_ops_aeabi.S.obj
 .text.rom_func_lookup
                0x100037bc       0x10 CMakeFiles/LoRaSetSpread.dir/C_/Users/henrik.pedersen/pico/pico-sdk/src/rp2_common/pico_bootrom/bootrom.c.obj
                0x100037bc                rom_func_lookup
 .text.rom_data_lookup
                0x100037cc       0x10 CMakeFiles/LoRaSetSpread.dir/C_/Users/henrik.pedersen/pico/pico-sdk/src/rp2_common/pico_bootrom/bootrom.c.obj
                0x100037cc                rom_data_lookup
 .text.rom_funcs_lookup
                0x100037dc       0x44 CMakeFiles/LoRaSetSpread.dir/C_/Users/henrik.pedersen/pico/pico-sdk/src/rp2_common/pico_bootrom/bootrom.c.obj
                0x100037dc                rom_funcs_lookup
 .text.__wrap___aeabi_idiv
                0x10003820       0x50 CMakeFiles/LoRaSetSpread.dir/C_/Users/henrik.pedersen/pico/pico-sdk/src/rp2_common/pico_divider/divider.S.obj
                0x10003820                __wrap___aeabi_idivmod
                0x10003820                divmod_s32s32
                0x10003820                div_s32s32
                0x10003820                __wrap___aeabi_idiv
                0x10003828                divmod_s32s32_unsafe
                0x10003854                divmod_s32s32_savestate
 .text.__wrap___aeabi_uidiv
                0x10003870       0x4c CMakeFiles/LoRaSetSpread.dir/C_/Users/henrik.pedersen/pico/pico-sdk/src/rp2_common/pico_divider/divider.S.obj
                0x10003870                __wrap___aeabi_uidiv
                0x10003870                __wrap___aeabi_uidivmod
                0x10003870                div_u32u32
                0x10003870                divmod_u32u32
                0x10003878                divmod_u32u32_unsafe
                0x100038a0                divmod_u32u32_savestate
 .text.__wrap___aeabi_ldiv
                0x100038bc      0x434 CMakeFiles/LoRaSetSpread.dir/C_/Users/henrik.pedersen/pico/pico-sdk/src/rp2_common/pico_divider/divider.S.obj
                0x100038bc                div_s64s64
                0x100038bc                divmod_s64s64
                0x100038bc                __wrap___aeabi_ldivmod
                0x100038f4                divmod_u64u64
                0x100038f4                div_u64u64
                0x100038f4                __wrap___aeabi_uldivmod
                0x10003904                divmod_u64u64_savestate
                0x1000392c                divmod_s64s64_unsafe
                0x100039b4                divmod_u64u64_unsafe
 .text.__wrap___aeabi_darithmetic
                0x10003cf0       0x80 CMakeFiles/LoRaSetSpread.dir/C_/Users/henrik.pedersen/pico/pico-sdk/src/rp2_common/pico_double/double_aeabi.S.obj
                0x10003cf0                __wrap___aeabi_drsub
                0x10003cf6                __wrap___aeabi_dsub
                0x10003d08                __wrap___aeabi_dadd
                0x10003d1a                __wrap___aeabi_ddiv
                0x10003d56                __wrap___aeabi_dmul
 .text.__wrap___aeabi_cdcmple
                0x10003d70       0x6c CMakeFiles/LoRaSetSpread.dir/C_/Users/henrik.pedersen/pico/pico-sdk/src/rp2_common/pico_double/double_aeabi.S.obj
                0x10003d70                __wrap___aeabi_cdrcmple
                0x10003d80                __wrap___aeabi_cdcmpeq
                0x10003d80                __wrap___aeabi_cdcmple
 .text.__wrap___aeabi_dcmplt
                0x10003ddc        0xc CMakeFiles/LoRaSetSpread.dir/C_/Users/henrik.pedersen/pico/pico-sdk/src/rp2_common/pico_double/double_aeabi.S.obj
                0x10003ddc                __wrap___aeabi_dcmplt
 .text.__wrap___aeabi_dcmple
                0x10003de8       0x10 CMakeFiles/LoRaSetSpread.dir/C_/Users/henrik.pedersen/pico/pico-sdk/src/rp2_common/pico_double/double_aeabi.S.obj
                0x10003de8                __wrap___aeabi_dcmple
 .text.__wrap___aeabi_dcmpge
                0x10003df8       0x10 CMakeFiles/LoRaSetSpread.dir/C_/Users/henrik.pedersen/pico/pico-sdk/src/rp2_common/pico_double/double_aeabi.S.obj
                0x10003df8                __wrap___aeabi_dcmpge
 .text.__wrap___aeabi_dcmpgt
                0x10003e08        0xa CMakeFiles/LoRaSetSpread.dir/C_/Users/henrik.pedersen/pico/pico-sdk/src/rp2_common/pico_double/double_aeabi.S.obj
                0x10003e08                __wrap___aeabi_dcmpgt
 .text.__wrap___aeabi_dcmpun
                0x10003e12       0x1c CMakeFiles/LoRaSetSpread.dir/C_/Users/henrik.pedersen/pico/pico-sdk/src/rp2_common/pico_double/double_aeabi.S.obj
                0x10003e12                __wrap___aeabi_dcmpun
 *fill*         0x10003e2e        0x2 
 .text.__wrap___aeabi_i2d
                0x10003e30       0x38 CMakeFiles/LoRaSetSpread.dir/C_/Users/henrik.pedersen/pico/pico-sdk/src/rp2_common/pico_double/double_aeabi.S.obj
                0x10003e30                __wrap___aeabi_ui2d
                0x10003e38                __wrap___aeabi_i2d
 .text.__wrap___aeabi_d2iz
                0x10003e68       0x48 CMakeFiles/LoRaSetSpread.dir/C_/Users/henrik.pedersen/pico/pico-sdk/src/rp2_common/pico_double/double_aeabi.S.obj
                0x10003e68                double2int_z
                0x10003e68                __wrap___aeabi_d2iz
 .text.__wrap___aeabi_d2uiz
                0x10003eb0       0x18 CMakeFiles/LoRaSetSpread.dir/C_/Users/henrik.pedersen/pico/pico-sdk/src/rp2_common/pico_double/double_aeabi.S.obj
                0x10003eb0                __wrap___aeabi_d2uiz
                0x10003eb0                double2uint
 .text.__wrap___aeabi_d2f
                0x10003ec8       0x18 CMakeFiles/LoRaSetSpread.dir/C_/Users/henrik.pedersen/pico/pico-sdk/src/rp2_common/pico_double/double_aeabi.S.obj
                0x10003ec8                __wrap___aeabi_d2f
 .text.__aeabi_double_init
                0x10003ee0       0x94 CMakeFiles/LoRaSetSpread.dir/C_/Users/henrik.pedersen/pico/pico-sdk/src/rp2_common/pico_double/double_init_rom.c.obj
                0x10003ee0                __aeabi_double_init
 .text.double_table_shim_on_use_helper
                0x10003f74       0x2c CMakeFiles/LoRaSetSpread.dir/C_/Users/henrik.pedersen/pico/pico-sdk/src/rp2_common/pico_double/double_v1_rom_shim.S.obj
                0x10003f74                double_table_shim_on_use_helper
 .text.__wrap___aeabi_dsub
                0x10003fa0       0x10 CMakeFiles/LoRaSetSpread.dir/C_/Users/henrik.pedersen/pico/pico-sdk/src/rp2_common/pico_double/double_v1_rom_shim.S.obj
                0x10003fa0                drsub_shim
                0x10003fa6                dsub_shim
 .text.dadd_shim
                0x10003fb0      0x15c CMakeFiles/LoRaSetSpread.dir/C_/Users/henrik.pedersen/pico/pico-sdk/src/rp2_common/pico_double/double_v1_rom_shim.S.obj
                0x10003fb0                dadd_shim
 .text.dmul_shim
                0x1000410c      0x15c CMakeFiles/LoRaSetSpread.dir/C_/Users/henrik.pedersen/pico/pico-sdk/src/rp2_common/pico_double/double_v1_rom_shim.S.obj
                0x1000410c                dmul_shim
 .text.ddiv_shim
                0x10004268      0x1b0 CMakeFiles/LoRaSetSpread.dir/C_/Users/henrik.pedersen/pico/pico-sdk/src/rp2_common/pico_double/double_v1_rom_shim.S.obj
                0x10004268                ddiv_shim
 .text.double2uint_shim
                0x10004418        0xe CMakeFiles/LoRaSetSpread.dir/C_/Users/henrik.pedersen/pico/pico-sdk/src/rp2_common/pico_double/double_v1_rom_shim.S.obj
                0x10004418                double2uint_shim
                0x1000441a                double2ufix_shim
 *fill*         0x10004426        0x2 
 .text.double2uint64_shim
                0x10004428       0x70 CMakeFiles/LoRaSetSpread.dir/C_/Users/henrik.pedersen/pico/pico-sdk/src/rp2_common/pico_double/double_v1_rom_shim.S.obj
                0x10004428                double2uint64_shim
                0x1000442a                double2ufix64_shim
                0x1000444a                d2fix_a
 .text.double2float_shim
                0x10004498       0x5c CMakeFiles/LoRaSetSpread.dir/C_/Users/henrik.pedersen/pico/pico-sdk/src/rp2_common/pico_double/double_v1_rom_shim.S.obj
                0x10004498                double2float_shim
 .text.dunpacks
                0x100044f4       0x3c CMakeFiles/LoRaSetSpread.dir/C_/Users/henrik.pedersen/pico/pico-sdk/src/rp2_common/pico_double/double_v1_rom_shim.S.obj
                0x100044f4                dunpacks
 .text.__aeabi_lmul
                0x10004530       0x32 CMakeFiles/LoRaSetSpread.dir/C_/Users/henrik.pedersen/pico/pico-sdk/src/rp2_common/pico_int64_ops/pico_int64_ops_aeabi.S.obj
                0x10004530                __wrap___aeabi_lmul
 *fill*         0x10004562        0x2 
 .text.__wrap___aeabi_f2d
                0x10004564       0x14 CMakeFiles/LoRaSetSpread.dir/C_/Users/henrik.pedersen/pico/pico-sdk/src/rp2_common/pico_float/float_aeabi.S.obj
                0x10004564                __wrap___aeabi_f2d
 .text.__aeabi_float_init
                0x10004578       0x64 CMakeFiles/LoRaSetSpread.dir/C_/Users/henrik.pedersen/pico/pico-sdk/src/rp2_common/pico_float/float_init_rom.c.obj
                0x10004578                __aeabi_float_init
 .text.float_table_shim_on_use_helper
                0x100045dc       0x2c CMakeFiles/LoRaSetSpread.dir/C_/Users/henrik.pedersen/pico/pico-sdk/src/rp2_common/pico_float/float_v1_rom_shim.S.obj
                0x100045dc                float_table_shim_on_use_helper
 .text.float2double_shim
                0x10004608       0x30 CMakeFiles/LoRaSetSpread.dir/C_/Users/henrik.pedersen/pico/pico-sdk/src/rp2_common/pico_float/float_v1_rom_shim.S.obj
                0x10004608                float2double_shim
 .text.__wrap_malloc
                0x10004638       0x24 CMakeFiles/LoRaSetSpread.dir/C_/Users/henrik.pedersen/pico/pico-sdk/src/rp2_common/pico_malloc/pico_malloc.c.obj
                0x10004638                __wrap_malloc
 .text.__wrap_realloc
                0x1000465c       0x24 CMakeFiles/LoRaSetSpread.dir/C_/Users/henrik.pedersen/pico/pico-sdk/src/rp2_common/pico_malloc/pico_malloc.c.obj
                0x1000465c                __wrap_realloc
 .text.__wrap_free
                0x10004680        0x8 CMakeFiles/LoRaSetSpread.dir/C_/Users/henrik.pedersen/pico/pico-sdk/src/rp2_common/pico_malloc/pico_malloc.c.obj
                0x10004680                __wrap_free
 .text          0x10004688       0x10 CMakeFiles/LoRaSetSpread.dir/C_/Users/henrik.pedersen/pico/pico-sdk/src/rp2_common/pico_mem_ops/mem_ops_aeabi.S.obj
                0x10004688                __aeabi_mem_init
 .text.memset   0x10004698        0xc CMakeFiles/LoRaSetSpread.dir/C_/Users/henrik.pedersen/pico/pico-sdk/src/rp2_common/pico_mem_ops/mem_ops_aeabi.S.obj
                0x10004698                __wrap_memset
 .text.memcpy   0x100046a4        0xc CMakeFiles/LoRaSetSpread.dir/C_/Users/henrik.pedersen/pico/pico-sdk/src/rp2_common/pico_mem_ops/mem_ops_aeabi.S.obj
                0x100046a4                __wrap_memcpy
                0x100046a4                __wrap___aeabi_memcpy
 .text.stdio_out_chars_no_crlf
                0x100046b0       0x10 CMakeFiles/LoRaSetSpread.dir/C_/Users/henrik.pedersen/pico/pico-sdk/src/rp2_common/pico_stdio/stdio.c.obj
 .text.stdio_out_chars_crlf
                0x100046c0       0xb4 CMakeFiles/LoRaSetSpread.dir/C_/Users/henrik.pedersen/pico/pico-sdk/src/rp2_common/pico_stdio/stdio.c.obj
 .text.stdio_buffered_printer
                0x10004774       0x64 CMakeFiles/LoRaSetSpread.dir/C_/Users/henrik.pedersen/pico/pico-sdk/src/rp2_common/pico_stdio/stdio.c.obj
 .text.stdio_put_string.isra.0
                0x100047d8       0xfc CMakeFiles/LoRaSetSpread.dir/C_/Users/henrik.pedersen/pico/pico-sdk/src/rp2_common/pico_stdio/stdio.c.obj
 .text.__wrap_putchar
                0x100048d4       0xa0 CMakeFiles/LoRaSetSpread.dir/C_/Users/henrik.pedersen/pico/pico-sdk/src/rp2_common/pico_stdio/stdio.c.obj
                0x100048d4                __wrap_putchar
 .text.__wrap_puts
                0x10004974       0x3c CMakeFiles/LoRaSetSpread.dir/C_/Users/henrik.pedersen/pico/pico-sdk/src/rp2_common/pico_stdio/stdio.c.obj
                0x10004974                __wrap_puts
 .text._read    0x100049b0       0x94 CMakeFiles/LoRaSetSpread.dir/C_/Users/henrik.pedersen/pico/pico-sdk/src/rp2_common/pico_stdio/stdio.c.obj
                0x100049b0                _read
 .text._write   0x10004a44       0xb0 CMakeFiles/LoRaSetSpread.dir/C_/Users/henrik.pedersen/pico/pico-sdk/src/rp2_common/pico_stdio/stdio.c.obj
                0x10004a44                _write
 .text.stdio_set_driver_enabled
                0x10004af4       0x30 CMakeFiles/LoRaSetSpread.dir/C_/Users/henrik.pedersen/pico/pico-sdk/src/rp2_common/pico_stdio/stdio.c.obj
                0x10004af4                stdio_set_driver_enabled
 .text.__wrap_vprintf
                0x10004b24       0xd4 CMakeFiles/LoRaSetSpread.dir/C_/Users/henrik.pedersen/pico/pico-sdk/src/rp2_common/pico_stdio/stdio.c.obj
                0x10004b24                __wrap_vprintf
 .text.__wrap_printf
                0x10004bf8       0x18 CMakeFiles/LoRaSetSpread.dir/C_/Users/henrik.pedersen/pico/pico-sdk/src/rp2_common/pico_stdio/stdio.c.obj
                0x10004bf8                __wrap_printf
 .text.stdio_init_all
                0x10004c10        0x8 CMakeFiles/LoRaSetSpread.dir/C_/Users/henrik.pedersen/pico/pico-sdk/src/rp2_common/pico_stdio/stdio.c.obj
                0x10004c10                stdio_init_all
 .text.resetd_init
                0x10004c18        0x4 CMakeFiles/LoRaSetSpread.dir/C_/Users/henrik.pedersen/pico/pico-sdk/src/rp2_common/pico_stdio_usb/reset_interface.c.obj
 .text.resetd_reset
                0x10004c1c        0xc CMakeFiles/LoRaSetSpread.dir/C_/Users/henrik.pedersen/pico/pico-sdk/src/rp2_common/pico_stdio_usb/reset_interface.c.obj
 .text.resetd_open
                0x10004c28       0x28 CMakeFiles/LoRaSetSpread.dir/C_/Users/henrik.pedersen/pico/pico-sdk/src/rp2_common/pico_stdio_usb/reset_interface.c.obj
 .text.resetd_xfer_cb
                0x10004c50        0x4 CMakeFiles/LoRaSetSpread.dir/C_/Users/henrik.pedersen/pico/pico-sdk/src/rp2_common/pico_stdio_usb/reset_interface.c.obj
 .text.resetd_control_xfer_cb
                0x10004c54       0x64 CMakeFiles/LoRaSetSpread.dir/C_/Users/henrik.pedersen/pico/pico-sdk/src/rp2_common/pico_stdio_usb/reset_interface.c.obj
 .text.usbd_app_driver_get_cb
                0x10004cb8        0xc CMakeFiles/LoRaSetSpread.dir/C_/Users/henrik.pedersen/pico/pico-sdk/src/rp2_common/pico_stdio_usb/reset_interface.c.obj
                0x10004cb8                usbd_app_driver_get_cb
 .text.tud_cdc_line_coding_cb
                0x10004cc4       0x34 CMakeFiles/LoRaSetSpread.dir/C_/Users/henrik.pedersen/pico/pico-sdk/src/rp2_common/pico_stdio_usb/reset_interface.c.obj
                0x10004cc4                tud_cdc_line_coding_cb
 .text.stdio_usb_in_chars
                0x10004cf8       0x68 CMakeFiles/LoRaSetSpread.dir/C_/Users/henrik.pedersen/pico/pico-sdk/src/rp2_common/pico_stdio_usb/stdio_usb.c.obj
                0x10004cf8                stdio_usb_in_chars
 .text.stdio_usb_out_chars
                0x10004d60       0xe8 CMakeFiles/LoRaSetSpread.dir/C_/Users/henrik.pedersen/pico/pico-sdk/src/rp2_common/pico_stdio_usb/stdio_usb.c.obj
 .text.timer_task
                0x10004e48       0x18 CMakeFiles/LoRaSetSpread.dir/C_/Users/henrik.pedersen/pico/pico-sdk/src/rp2_common/pico_stdio_usb/stdio_usb.c.obj
 .text.usb_irq  0x10004e60       0x10 CMakeFiles/LoRaSetSpread.dir/C_/Users/henrik.pedersen/pico/pico-sdk/src/rp2_common/pico_stdio_usb/stdio_usb.c.obj
 .text.low_priority_worker_irq
                0x10004e70       0x24 CMakeFiles/LoRaSetSpread.dir/C_/Users/henrik.pedersen/pico/pico-sdk/src/rp2_common/pico_stdio_usb/stdio_usb.c.obj
 .text.stdio_usb_init
                0x10004e94       0xb0 CMakeFiles/LoRaSetSpread.dir/C_/Users/henrik.pedersen/pico/pico-sdk/src/rp2_common/pico_stdio_usb/stdio_usb.c.obj
                0x10004e94                stdio_usb_init
 .text.tud_descriptor_device_cb
                0x10004f44        0x8 CMakeFiles/LoRaSetSpread.dir/C_/Users/henrik.pedersen/pico/pico-sdk/src/rp2_common/pico_stdio_usb/stdio_usb_descriptors.c.obj
                0x10004f44                tud_descriptor_device_cb
 .text.tud_descriptor_configuration_cb
                0x10004f4c        0x8 CMakeFiles/LoRaSetSpread.dir/C_/Users/henrik.pedersen/pico/pico-sdk/src/rp2_common/pico_stdio_usb/stdio_usb_descriptors.c.obj
                0x10004f4c                tud_descriptor_configuration_cb
 .text.tud_descriptor_string_cb
                0x10004f54       0x74 CMakeFiles/LoRaSetSpread.dir/C_/Users/henrik.pedersen/pico/pico-sdk/src/rp2_common/pico_stdio_usb/stdio_usb_descriptors.c.obj
                0x10004f54                tud_descriptor_string_cb
 .text.dcd_rp2040_irq
                0x10004fc8      0x1cc CMakeFiles/LoRaSetSpread.dir/C_/Users/henrik.pedersen/pico/pico-sdk/lib/tinyusb/src/portable/raspberrypi/rp2040/dcd_rp2040.c.obj
 .text.dcd_int_enable
                0x10005194        0xc CMakeFiles/LoRaSetSpread.dir/C_/Users/henrik.pedersen/pico/pico-sdk/lib/tinyusb/src/portable/raspberrypi/rp2040/dcd_rp2040.c.obj
                0x10005194                dcd_int_enable
 .text.dcd_set_address
                0x100051a0       0x14 CMakeFiles/LoRaSetSpread.dir/C_/Users/henrik.pedersen/pico/pico-sdk/lib/tinyusb/src/portable/raspberrypi/rp2040/dcd_rp2040.c.obj
                0x100051a0                dcd_set_address
 .text.dcd_connect
                0x100051b4       0x10 CMakeFiles/LoRaSetSpread.dir/C_/Users/henrik.pedersen/pico/pico-sdk/lib/tinyusb/src/portable/raspberrypi/rp2040/dcd_rp2040.c.obj
                0x100051b4                dcd_connect
 .text.dcd_init
                0x100051c4       0xf0 CMakeFiles/LoRaSetSpread.dir/C_/Users/henrik.pedersen/pico/pico-sdk/lib/tinyusb/src/portable/raspberrypi/rp2040/dcd_rp2040.c.obj
                0x100051c4                dcd_init
 .text.dcd_edpt0_status_complete
                0x100052b4       0x1c CMakeFiles/LoRaSetSpread.dir/C_/Users/henrik.pedersen/pico/pico-sdk/lib/tinyusb/src/portable/raspberrypi/rp2040/dcd_rp2040.c.obj
                0x100052b4                dcd_edpt0_status_complete
 .text.dcd_edpt_open
                0x100052d0       0xf0 CMakeFiles/LoRaSetSpread.dir/C_/Users/henrik.pedersen/pico/pico-sdk/lib/tinyusb/src/portable/raspberrypi/rp2040/dcd_rp2040.c.obj
                0x100052d0                dcd_edpt_open
 .text.dcd_edpt_close_all
                0x100053c0       0x68 CMakeFiles/LoRaSetSpread.dir/C_/Users/henrik.pedersen/pico/pico-sdk/lib/tinyusb/src/portable/raspberrypi/rp2040/dcd_rp2040.c.obj
                0x100053c0                dcd_edpt_close_all
 .text.dcd_edpt_xfer
                0x10005428       0x24 CMakeFiles/LoRaSetSpread.dir/C_/Users/henrik.pedersen/pico/pico-sdk/lib/tinyusb/src/portable/raspberrypi/rp2040/dcd_rp2040.c.obj
                0x10005428                dcd_edpt_xfer
 .text.dcd_edpt_stall
                0x1000544c       0x38 CMakeFiles/LoRaSetSpread.dir/C_/Users/henrik.pedersen/pico/pico-sdk/lib/tinyusb/src/portable/raspberrypi/rp2040/dcd_rp2040.c.obj
                0x1000544c                dcd_edpt_stall
 .text.dcd_edpt_clear_stall
                0x10005484       0x30 CMakeFiles/LoRaSetSpread.dir/C_/Users/henrik.pedersen/pico/pico-sdk/lib/tinyusb/src/portable/raspberrypi/rp2040/dcd_rp2040.c.obj
                0x10005484                dcd_edpt_clear_stall
 .text._hw_endpoint_buffer_control_update32.part.0.isra.0
                0x100054b4       0x1c CMakeFiles/LoRaSetSpread.dir/C_/Users/henrik.pedersen/pico/pico-sdk/lib/tinyusb/src/portable/raspberrypi/rp2040/rp2040_usb.c.obj
 .text.rp2040_usb_init
                0x100054d0       0x4c CMakeFiles/LoRaSetSpread.dir/C_/Users/henrik.pedersen/pico/pico-sdk/lib/tinyusb/src/portable/raspberrypi/rp2040/rp2040_usb.c.obj
                0x100054d0                rp2040_usb_init
 .text.hw_endpoint_reset_transfer
                0x1000551c        0xc CMakeFiles/LoRaSetSpread.dir/C_/Users/henrik.pedersen/pico/pico-sdk/lib/tinyusb/src/portable/raspberrypi/rp2040/rp2040_usb.c.obj
                0x1000551c                hw_endpoint_reset_transfer
 .text._hw_endpoint_buffer_control_update32
                0x10005528       0x44 CMakeFiles/LoRaSetSpread.dir/C_/Users/henrik.pedersen/pico/pico-sdk/lib/tinyusb/src/portable/raspberrypi/rp2040/rp2040_usb.c.obj
                0x10005528                _hw_endpoint_buffer_control_update32
 .text.hw_endpoint_xfer_start
                0x1000556c      0x134 CMakeFiles/LoRaSetSpread.dir/C_/Users/henrik.pedersen/pico/pico-sdk/lib/tinyusb/src/portable/raspberrypi/rp2040/rp2040_usb.c.obj
                0x1000556c                hw_endpoint_xfer_start
 .text.hw_endpoint_xfer_continue
                0x100056a0      0x1dc CMakeFiles/LoRaSetSpread.dir/C_/Users/henrik.pedersen/pico/pico-sdk/lib/tinyusb/src/portable/raspberrypi/rp2040/rp2040_usb.c.obj
                0x100056a0                hw_endpoint_xfer_continue
 .text.tud_mounted
                0x1000587c       0x10 CMakeFiles/LoRaSetSpread.dir/C_/Users/henrik.pedersen/pico/pico-sdk/lib/tinyusb/src/device/usbd.c.obj
                0x1000587c                tud_mounted
 .text.tud_suspended
                0x1000588c       0x10 CMakeFiles/LoRaSetSpread.dir/C_/Users/henrik.pedersen/pico/pico-sdk/lib/tinyusb/src/device/usbd.c.obj
                0x1000588c                tud_suspended
 .text.tud_inited
                0x1000589c        0xc CMakeFiles/LoRaSetSpread.dir/C_/Users/henrik.pedersen/pico/pico-sdk/lib/tinyusb/src/device/usbd.c.obj
                0x1000589c                tud_inited
 .text.tud_init
                0x100058a8       0xd8 CMakeFiles/LoRaSetSpread.dir/C_/Users/henrik.pedersen/pico/pico-sdk/lib/tinyusb/src/device/usbd.c.obj
                0x100058a8                tud_init
 .text.tud_task
                0x10005980      0x93c CMakeFiles/LoRaSetSpread.dir/C_/Users/henrik.pedersen/pico/pico-sdk/lib/tinyusb/src/device/usbd.c.obj
                0x10005980                tud_task
 .text.dcd_event_bus_signal
                0x100062bc      0x120 CMakeFiles/LoRaSetSpread.dir/C_/Users/henrik.pedersen/pico/pico-sdk/lib/tinyusb/src/device/usbd.c.obj
                0x100062bc                dcd_event_bus_signal
 .text.dcd_event_bus_reset
                0x100063dc       0x54 CMakeFiles/LoRaSetSpread.dir/C_/Users/henrik.pedersen/pico/pico-sdk/lib/tinyusb/src/device/usbd.c.obj
                0x100063dc                dcd_event_bus_reset
 .text.dcd_event_setup_received
                0x10006430       0x50 CMakeFiles/LoRaSetSpread.dir/C_/Users/henrik.pedersen/pico/pico-sdk/lib/tinyusb/src/device/usbd.c.obj
                0x10006430                dcd_event_setup_received
 .text.dcd_event_xfer_complete
                0x10006480       0x68 CMakeFiles/LoRaSetSpread.dir/C_/Users/henrik.pedersen/pico/pico-sdk/lib/tinyusb/src/device/usbd.c.obj
                0x10006480                dcd_event_xfer_complete
 .text.usbd_open_edpt_pair
                0x100064e8       0x80 CMakeFiles/LoRaSetSpread.dir/C_/Users/henrik.pedersen/pico/pico-sdk/lib/tinyusb/src/device/usbd.c.obj
                0x100064e8                usbd_open_edpt_pair
 .text.usbd_edpt_open
                0x10006568       0x30 CMakeFiles/LoRaSetSpread.dir/C_/Users/henrik.pedersen/pico/pico-sdk/lib/tinyusb/src/device/usbd.c.obj
                0x10006568                usbd_edpt_open
 .text.usbd_edpt_claim
                0x10006598       0x64 CMakeFiles/LoRaSetSpread.dir/C_/Users/henrik.pedersen/pico/pico-sdk/lib/tinyusb/src/device/usbd.c.obj
                0x10006598                usbd_edpt_claim
 .text.usbd_edpt_release
                0x100065fc       0x4c CMakeFiles/LoRaSetSpread.dir/C_/Users/henrik.pedersen/pico/pico-sdk/lib/tinyusb/src/device/usbd.c.obj
                0x100065fc                usbd_edpt_release
 .text.usbd_edpt_xfer
                0x10006648       0x48 CMakeFiles/LoRaSetSpread.dir/C_/Users/henrik.pedersen/pico/pico-sdk/lib/tinyusb/src/device/usbd.c.obj
                0x10006648                usbd_edpt_xfer
 .text.tud_control_status
                0x10006690       0x2c CMakeFiles/LoRaSetSpread.dir/C_/Users/henrik.pedersen/pico/pico-sdk/lib/tinyusb/src/device/usbd_control.c.obj
                0x10006690                tud_control_status
 .text.tud_control_xfer
                0x100066bc       0xac CMakeFiles/LoRaSetSpread.dir/C_/Users/henrik.pedersen/pico/pico-sdk/lib/tinyusb/src/device/usbd_control.c.obj
                0x100066bc                tud_control_xfer
 .text.usbd_control_reset
                0x10006768       0x14 CMakeFiles/LoRaSetSpread.dir/C_/Users/henrik.pedersen/pico/pico-sdk/lib/tinyusb/src/device/usbd_control.c.obj
                0x10006768                usbd_control_reset
 .text.usbd_control_set_complete_callback
                0x1000677c        0xc CMakeFiles/LoRaSetSpread.dir/C_/Users/henrik.pedersen/pico/pico-sdk/lib/tinyusb/src/device/usbd_control.c.obj
                0x1000677c                usbd_control_set_complete_callback
 .text.usbd_control_set_request
                0x10006788       0x1c CMakeFiles/LoRaSetSpread.dir/C_/Users/henrik.pedersen/pico/pico-sdk/lib/tinyusb/src/device/usbd_control.c.obj
                0x10006788                usbd_control_set_request
 .text.usbd_control_xfer_cb
                0x100067a4       0xf4 CMakeFiles/LoRaSetSpread.dir/C_/Users/henrik.pedersen/pico/pico-sdk/lib/tinyusb/src/device/usbd_control.c.obj
                0x100067a4                usbd_control_xfer_cb
 .text.tud_cdc_n_connected
                0x10006898       0x30 CMakeFiles/LoRaSetSpread.dir/C_/Users/henrik.pedersen/pico/pico-sdk/lib/tinyusb/src/class/cdc/cdc_device.c.obj
                0x10006898                tud_cdc_n_connected
 .text.tud_cdc_n_available
                0x100068c8       0x18 CMakeFiles/LoRaSetSpread.dir/C_/Users/henrik.pedersen/pico/pico-sdk/lib/tinyusb/src/class/cdc/cdc_device.c.obj
                0x100068c8                tud_cdc_n_available
 .text.tud_cdc_n_read
                0x100068e0       0x70 CMakeFiles/LoRaSetSpread.dir/C_/Users/henrik.pedersen/pico/pico-sdk/lib/tinyusb/src/class/cdc/cdc_device.c.obj
                0x100068e0                tud_cdc_n_read
 .text.tud_cdc_n_write_flush
                0x10006950       0x78 CMakeFiles/LoRaSetSpread.dir/C_/Users/henrik.pedersen/pico/pico-sdk/lib/tinyusb/src/class/cdc/cdc_device.c.obj
                0x10006950                tud_cdc_n_write_flush
 .text.tud_cdc_n_write
                0x100069c8       0x34 CMakeFiles/LoRaSetSpread.dir/C_/Users/henrik.pedersen/pico/pico-sdk/lib/tinyusb/src/class/cdc/cdc_device.c.obj
                0x100069c8                tud_cdc_n_write
 .text.tud_cdc_n_write_available
                0x100069fc       0x18 CMakeFiles/LoRaSetSpread.dir/C_/Users/henrik.pedersen/pico/pico-sdk/lib/tinyusb/src/class/cdc/cdc_device.c.obj
                0x100069fc                tud_cdc_n_write_available
 .text.cdcd_init
                0x10006a14       0x7c CMakeFiles/LoRaSetSpread.dir/C_/Users/henrik.pedersen/pico/pico-sdk/lib/tinyusb/src/class/cdc/cdc_device.c.obj
                0x10006a14                cdcd_init
 .text.cdcd_reset
                0x10006a90       0x2c CMakeFiles/LoRaSetSpread.dir/C_/Users/henrik.pedersen/pico/pico-sdk/lib/tinyusb/src/class/cdc/cdc_device.c.obj
                0x10006a90                cdcd_reset
 .text.cdcd_open
                0x10006abc       0xe4 CMakeFiles/LoRaSetSpread.dir/C_/Users/henrik.pedersen/pico/pico-sdk/lib/tinyusb/src/class/cdc/cdc_device.c.obj
                0x10006abc                cdcd_open
 .text.cdcd_control_xfer_cb
                0x10006ba0       0xe4 CMakeFiles/LoRaSetSpread.dir/C_/Users/henrik.pedersen/pico/pico-sdk/lib/tinyusb/src/class/cdc/cdc_device.c.obj
                0x10006ba0                cdcd_control_xfer_cb
 .text.cdcd_xfer_cb
                0x10006c84      0x148 CMakeFiles/LoRaSetSpread.dir/C_/Users/henrik.pedersen/pico/pico-sdk/lib/tinyusb/src/class/cdc/cdc_device.c.obj
                0x10006c84                cdcd_xfer_cb
 .text.tusb_init
                0x10006dcc        0xc CMakeFiles/LoRaSetSpread.dir/C_/Users/henrik.pedersen/pico/pico-sdk/lib/tinyusb/src/tusb.c.obj
                0x10006dcc                tusb_init
 .text.tusb_inited
                0x10006dd8        0x8 CMakeFiles/LoRaSetSpread.dir/C_/Users/henrik.pedersen/pico/pico-sdk/lib/tinyusb/src/tusb.c.obj
                0x10006dd8                tusb_inited
 .text.tu_edpt_validate
                0x10006de0       0x78 CMakeFiles/LoRaSetSpread.dir/C_/Users/henrik.pedersen/pico/pico-sdk/lib/tinyusb/src/tusb.c.obj
                0x10006de0                tu_edpt_validate
 .text.tu_edpt_bind_driver
                0x10006e58       0x2c CMakeFiles/LoRaSetSpread.dir/C_/Users/henrik.pedersen/pico/pico-sdk/lib/tinyusb/src/tusb.c.obj
                0x10006e58                tu_edpt_bind_driver
 .text.tu_fifo_config
                0x10006e84       0x78 CMakeFiles/LoRaSetSpread.dir/C_/Users/henrik.pedersen/pico/pico-sdk/lib/tinyusb/src/common/tusb_fifo.c.obj
                0x10006e84                tu_fifo_config
 .text.tu_fifo_count
                0x10006efc       0x20 CMakeFiles/LoRaSetSpread.dir/C_/Users/henrik.pedersen/pico/pico-sdk/lib/tinyusb/src/common/tusb_fifo.c.obj
                0x10006efc                tu_fifo_count
 .text.tu_fifo_empty
                0x10006f1c       0x10 CMakeFiles/LoRaSetSpread.dir/C_/Users/henrik.pedersen/pico/pico-sdk/lib/tinyusb/src/common/tusb_fifo.c.obj
                0x10006f1c                tu_fifo_empty
 .text.tu_fifo_remaining
                0x10006f2c       0x1c CMakeFiles/LoRaSetSpread.dir/C_/Users/henrik.pedersen/pico/pico-sdk/lib/tinyusb/src/common/tusb_fifo.c.obj
                0x10006f2c                tu_fifo_remaining
 .text.tu_fifo_read
                0x10006f48       0x9c CMakeFiles/LoRaSetSpread.dir/C_/Users/henrik.pedersen/pico/pico-sdk/lib/tinyusb/src/common/tusb_fifo.c.obj
                0x10006f48                tu_fifo_read
 .text.tu_fifo_read_n
                0x10006fe4       0xfc CMakeFiles/LoRaSetSpread.dir/C_/Users/henrik.pedersen/pico/pico-sdk/lib/tinyusb/src/common/tusb_fifo.c.obj
                0x10006fe4                tu_fifo_read_n
 .text.tu_fifo_write
                0x100070e0       0x7c CMakeFiles/LoRaSetSpread.dir/C_/Users/henrik.pedersen/pico/pico-sdk/lib/tinyusb/src/common/tusb_fifo.c.obj
                0x100070e0                tu_fifo_write
 .text.tu_fifo_write_n
                0x1000715c      0x100 CMakeFiles/LoRaSetSpread.dir/C_/Users/henrik.pedersen/pico/pico-sdk/lib/tinyusb/src/common/tusb_fifo.c.obj
                0x1000715c                tu_fifo_write_n
 .text.tu_fifo_clear
                0x1000725c       0x4c CMakeFiles/LoRaSetSpread.dir/C_/Users/henrik.pedersen/pico/pico-sdk/lib/tinyusb/src/common/tusb_fifo.c.obj
                0x1000725c                tu_fifo_clear
 .text.tu_fifo_set_overwritable
                0x100072a8       0x3c CMakeFiles/LoRaSetSpread.dir/C_/Users/henrik.pedersen/pico/pico-sdk/lib/tinyusb/src/common/tusb_fifo.c.obj
                0x100072a8                tu_fifo_set_overwritable
 .text.startup._retrieve_unique_id_on_boot
                0x100072e4       0x10 CMakeFiles/LoRaSetSpread.dir/C_/Users/henrik.pedersen/pico/pico-sdk/src/rp2_common/pico_unique_id/unique_id.c.obj
 .text.pico_get_unique_board_id_string
                0x100072f4      0x1a8 CMakeFiles/LoRaSetSpread.dir/C_/Users/henrik.pedersen/pico/pico-sdk/src/rp2_common/pico_unique_id/unique_id.c.obj
                0x100072f4                pico_get_unique_board_id_string
 .text.flash_get_unique_id
                0x1000749c       0x40 CMakeFiles/LoRaSetSpread.dir/C_/Users/henrik.pedersen/pico/pico-sdk/src/rp2_common/hardware_flash/flash.c.obj
                0x1000749c                flash_get_unique_id
 .text.spi_init
                0x100074dc       0xf8 CMakeFiles/LoRaSetSpread.dir/C_/Users/henrik.pedersen/pico/pico-sdk/src/rp2_common/hardware_spi/spi.c.obj
                0x100074dc                spi_init
 .text._ZN5Print17availableForWriteEv
                0x100075d4        0x4 ..\..\src\libLoRa_pico_lib.a(LoRa-RP2040.cpp.obj)
                0x100075d4                _ZN5Print17availableForWriteEv
 .text._ZN9LoRaClass5flushEv
                0x100075d8        0x4 ..\..\src\libLoRa_pico_lib.a(LoRa-RP2040.cpp.obj)
                0x100075d8                _ZN9LoRaClass5flushEv
 .text._ZN9LoRaClass9availableEv
                0x100075dc       0x7c ..\..\src\libLoRa_pico_lib.a(LoRa-RP2040.cpp.obj)
                0x100075dc                _ZN9LoRaClass9availableEv
 .text._ZN9LoRaClass5writeEPKhj
                0x10007658      0x104 ..\..\src\libLoRa_pico_lib.a(LoRa-RP2040.cpp.obj)
                0x10007658                _ZN9LoRaClass5writeEPKhj
 .text._ZN9LoRaClass4readEv
                0x1000775c       0xec ..\..\src\libLoRa_pico_lib.a(LoRa-RP2040.cpp.obj)
                0x1000775c                _ZN9LoRaClass4readEv
 .text._ZN9LoRaClass5writeEh
                0x10007848       0xf8 ..\..\src\libLoRa_pico_lib.a(LoRa-RP2040.cpp.obj)
                0x10007848                _ZN9LoRaClass5writeEh
 .text._ZN9LoRaClass4peekEv
                0x10007940      0x158 ..\..\src\libLoRa_pico_lib.a(LoRa-RP2040.cpp.obj)
                0x10007940                _ZN9LoRaClass4peekEv
 .text._ZN9LoRaClass5beginEl
                0x10007a98      0x380 ..\..\src\libLoRa_pico_lib.a(LoRa-RP2040.cpp.obj)
                0x10007a98                _ZN9LoRaClass5beginEl
 .text._ZN9LoRaClass11beginPacketEi
                0x10007e18      0x23c ..\..\src\libLoRa_pico_lib.a(LoRa-RP2040.cpp.obj)
                0x10007e18                _ZN9LoRaClass11beginPacketEi
 .text._ZN9LoRaClass9endPacketEb
                0x10008054      0x1b0 ..\..\src\libLoRa_pico_lib.a(LoRa-RP2040.cpp.obj)
                0x10008054                _ZN9LoRaClass9endPacketEb
 .text._ZN9LoRaClass11parsePacketEi
                0x10008204      0x348 ..\..\src\libLoRa_pico_lib.a(LoRa-RP2040.cpp.obj)
                0x10008204                _ZN9LoRaClass11parsePacketEi
 .text._ZN9LoRaClass10packetRssiEv
                0x1000854c       0x6c ..\..\src\libLoRa_pico_lib.a(LoRa-RP2040.cpp.obj)
                0x1000854c                _ZN9LoRaClass10packetRssiEv
 .text._ZN9LoRaClass9packetSnrEv
                0x100085b8       0x78 ..\..\src\libLoRa_pico_lib.a(LoRa-RP2040.cpp.obj)
                0x100085b8                _ZN9LoRaClass9packetSnrEv
 .text._ZN9LoRaClass10setLdoFlagEv
                0x10008630      0x14c ..\..\src\libLoRa_pico_lib.a(LoRa-RP2040.cpp.obj)
                0x10008630                _ZN9LoRaClass10setLdoFlagEv
 .text._ZN9LoRaClass18setSpreadingFactorEi
                0x1000877c      0x194 ..\..\src\libLoRa_pico_lib.a(LoRa-RP2040.cpp.obj)
                0x1000877c                _ZN9LoRaClass18setSpreadingFactorEi
 .text._ZN9LoRaClass7setPinsEiii
                0x10008910        0x8 ..\..\src\libLoRa_pico_lib.a(LoRa-RP2040.cpp.obj)
                0x10008910                _ZN9LoRaClass7setPinsEiii
 .text.startup._GLOBAL__sub_I__ZN9LoRaClassC2Ev
                0x10008918       0x38 ..\..\src\libLoRa_pico_lib.a(LoRa-RP2040.cpp.obj)
 .text          0x10008950      0xadc ..\..\src\libLoRa_print.a(Print.cpp.obj)
                0x10008950                _ZN5Print5writeEPKhj
                0x10008978                _ZN5Print5printENSt7__cxx1112basic_stringIcSt11char_traitsIcESaIcEEE
                0x100089bc                _ZN5Print5printEc
                0x100089c8                _ZN5Print5printEPKc
                0x10008a28                _ZN5Print7printlnEv
                0x10008a64                _ZN5Print7printlnEPKc
                0x10008afc                _ZN5Print7printlnEc
                0x10008b48                _ZN5Print11printNumberEmh
                0x10008be4                _ZN5Print5printEli
                0x10008c28                _ZN5Print7printlnEii
                0x10008c74                _ZN5Print7printlnEli
                0x10008cc0                _ZN5Print5printEmi
                0x10008cd8                _ZN5Print5printEji
                0x10008cf0                _ZN5Print5printEhi
                0x10008d08                _ZN5Print7printlnEji
                0x10008d6c                _ZN5Print7printlnEmi
                0x10008dd0                _ZN5Print7printlnEhi
                0x10008e34                _ZN5Print5printEii
                0x10008e78                _ZN5Print14printULLNumberEyh
                0x10008fbc                _ZN5Print5printExi
                0x10009010                _ZN5Print5printEyi
                0x10009030                _ZN5Print7printlnEyi
                0x1000909c                _ZN5Print7printlnExi
                0x10009138                _ZN5Print10printFloatEdi
                0x100093c8                _ZN5Print5printEdi
                0x100093d8                _ZN5Print7printlnEdi
 .text._ZNK10__cxxabiv117__class_type_info11__do_upcastEPKS0_PPv
                0x1000942c       0x34 c:/progra~2/armgnu~1/112202~1.02/bin/../lib/gcc/arm-none-eabi/11.2.1/thumb/v6-m/nofp\libstdc++.a(class_type_info.o)
                0x1000942c                _ZNK10__cxxabiv117__class_type_info11__do_upcastEPKS0_PPv
 .text._ZNK10__cxxabiv117__class_type_info20__do_find_public_srcEiPKvPKS0_S2_
                0x10009460       0x14 c:/progra~2/armgnu~1/112202~1.02/bin/../lib/gcc/arm-none-eabi/11.2.1/thumb/v6-m/nofp\libstdc++.a(class_type_info.o)
                0x10009460                _ZNK10__cxxabiv117__class_type_info20__do_find_public_srcEiPKvPKS0_S2_
 .text._ZN10__cxxabiv117__class_type_infoD2Ev
                0x10009474       0x18 c:/progra~2/armgnu~1/112202~1.02/bin/../lib/gcc/arm-none-eabi/11.2.1/thumb/v6-m/nofp\libstdc++.a(class_type_info.o)
                0x10009474                _ZN10__cxxabiv117__class_type_infoD2Ev
                0x10009474                _ZN10__cxxabiv117__class_type_infoD1Ev
 .text._ZN10__cxxabiv117__class_type_infoD0Ev
                0x1000948c       0x20 c:/progra~2/armgnu~1/112202~1.02/bin/../lib/gcc/arm-none-eabi/11.2.1/thumb/v6-m/nofp\libstdc++.a(class_type_info.o)
                0x1000948c                _ZN10__cxxabiv117__class_type_infoD0Ev
 .text._ZNK10__cxxabiv117__class_type_info12__do_dyncastEiNS0_10__sub_kindEPKS0_PKvS3_S5_RNS0_16__dyncast_resultE
                0x100094ac       0x40 c:/progra~2/armgnu~1/112202~1.02/bin/../lib/gcc/arm-none-eabi/11.2.1/thumb/v6-m/nofp\libstdc++.a(class_type_info.o)
                0x100094ac                _ZNK10__cxxabiv117__class_type_info12__do_dyncastEiNS0_10__sub_kindEPKS0_PKvS3_S5_RNS0_16__dyncast_resultE
 .text._ZNK10__cxxabiv117__class_type_info11__do_upcastEPKS0_PKvRNS0_15__upcast_resultE
                0x100094ec       0x1c c:/progra~2/armgnu~1/112202~1.02/bin/../lib/gcc/arm-none-eabi/11.2.1/thumb/v6-m/nofp\libstdc++.a(class_type_info.o)
                0x100094ec                _ZNK10__cxxabiv117__class_type_info11__do_upcastEPKS0_PKvRNS0_15__upcast_resultE
 .text._ZNK10__cxxabiv117__class_type_info10__do_catchEPKSt9type_infoPPvj
                0x10009508       0x24 c:/progra~2/armgnu~1/112202~1.02/bin/../lib/gcc/arm-none-eabi/11.2.1/thumb/v6-m/nofp\libstdc++.a(class_type_info.o)
                0x10009508                _ZNK10__cxxabiv117__class_type_info10__do_catchEPKSt9type_infoPPvj
 .text._ZdlPvj  0x1000952c        0x8 c:/progra~2/armgnu~1/112202~1.02/bin/../lib/gcc/arm-none-eabi/11.2.1/thumb/v6-m/nofp\libstdc++.a(del_ops.o)
                0x1000952c                _ZdlPvj
 .text.__cxa_end_cleanup
                0x10009534        0xc c:/progra~2/armgnu~1/112202~1.02/bin/../lib/gcc/arm-none-eabi/11.2.1/thumb/v6-m/nofp\libstdc++.a(eh_arm.o)
                0x10009534                __cxa_end_cleanup
 .text.__cxa_type_match
                0x10009540       0xbc c:/progra~2/armgnu~1/112202~1.02/bin/../lib/gcc/arm-none-eabi/11.2.1/thumb/v6-m/nofp\libstdc++.a(eh_arm.o)
                0x10009540                __cxa_type_match
 .text.__cxa_begin_cleanup
                0x100095fc       0x60 c:/progra~2/armgnu~1/112202~1.02/bin/../lib/gcc/arm-none-eabi/11.2.1/thumb/v6-m/nofp\libstdc++.a(eh_arm.o)
                0x100095fc                __cxa_begin_cleanup
 .text.__gnu_end_cleanup
                0x1000965c       0x70 c:/progra~2/armgnu~1/112202~1.02/bin/../lib/gcc/arm-none-eabi/11.2.1/thumb/v6-m/nofp\libstdc++.a(eh_arm.o)
                0x1000965c                __gnu_end_cleanup
 .text._ZNSt9exceptionD2Ev
                0x100096cc        0x4 c:/progra~2/armgnu~1/112202~1.02/bin/../lib/gcc/arm-none-eabi/11.2.1/thumb/v6-m/nofp\libstdc++.a(eh_exception.o)
                0x100096cc                _ZNSt9exceptionD1Ev
                0x100096cc                _ZNSt9exceptionD2Ev
 .text._ZNSt13bad_exceptionD2Ev
                0x100096d0        0x4 c:/progra~2/armgnu~1/112202~1.02/bin/../lib/gcc/arm-none-eabi/11.2.1/thumb/v6-m/nofp\libstdc++.a(eh_exception.o)
                0x100096d0                _ZNSt13bad_exceptionD1Ev
                0x100096d0                _ZNSt13bad_exceptionD2Ev
 .text._ZNKSt13bad_exception4whatEv
                0x100096d4        0x8 c:/progra~2/armgnu~1/112202~1.02/bin/../lib/gcc/arm-none-eabi/11.2.1/thumb/v6-m/nofp\libstdc++.a(eh_exception.o)
                0x100096d4                _ZNKSt13bad_exception4whatEv
                0x100096d4                _ZGTtNKSt13bad_exception4whatEv
 .text._ZNSt13bad_exceptionD0Ev
                0x100096dc       0x10 c:/progra~2/armgnu~1/112202~1.02/bin/../lib/gcc/arm-none-eabi/11.2.1/thumb/v6-m/nofp\libstdc++.a(eh_exception.o)
                0x100096dc                _ZNSt13bad_exceptionD0Ev
 .text.__cxa_get_globals_fast
                0x100096ec        0x8 c:/progra~2/armgnu~1/112202~1.02/bin/../lib/gcc/arm-none-eabi/11.2.1/thumb/v6-m/nofp\libstdc++.a(eh_globals.o)
                0x100096ec                __cxa_get_globals_fast
 .text.__cxa_get_globals
                0x100096f4        0x8 c:/progra~2/armgnu~1/112202~1.02/bin/../lib/gcc/arm-none-eabi/11.2.1/thumb/v6-m/nofp\libstdc++.a(eh_globals.o)
                0x100096f4                __cxa_get_globals
 .text._ZL28read_encoded_value_with_basehjPKhPj
                0x100096fc      0x114 c:/progra~2/armgnu~1/112202~1.02/bin/../lib/gcc/arm-none-eabi/11.2.1/thumb/v6-m/nofp\libstdc++.a(eh_personality.o)
 .text._ZL21base_of_encoded_valuehP15_Unwind_Context
                0x10009810       0x48 c:/progra~2/armgnu~1/112202~1.02/bin/../lib/gcc/arm-none-eabi/11.2.1/thumb/v6-m/nofp\libstdc++.a(eh_personality.o)
 .text._ZL17parse_lsda_headerP15_Unwind_ContextPKhP16lsda_header_info
                0x10009858       0x94 c:/progra~2/armgnu~1/112202~1.02/bin/../lib/gcc/arm-none-eabi/11.2.1/thumb/v6-m/nofp\libstdc++.a(eh_personality.o)
 .text.__gxx_personality_v0
                0x100098ec      0x4c0 c:/progra~2/armgnu~1/112202~1.02/bin/../lib/gcc/arm-none-eabi/11.2.1/thumb/v6-m/nofp\libstdc++.a(eh_personality.o)
                0x100098ec                __gxx_personality_v0
 .text._ZN10__cxxabiv111__terminateEPFvvE
                0x10009dac       0x10 c:/progra~2/armgnu~1/112202~1.02/bin/../lib/gcc/arm-none-eabi/11.2.1/thumb/v6-m/nofp\libstdc++.a(eh_terminate.o)
                0x10009dac                _ZN10__cxxabiv111__terminateEPFvvE
 .text._ZSt9terminatev
                0x10009dbc       0x10 c:/progra~2/armgnu~1/112202~1.02/bin/../lib/gcc/arm-none-eabi/11.2.1/thumb/v6-m/nofp\libstdc++.a(eh_terminate.o)
                0x10009dbc                _ZSt9terminatev
 .text._ZN10__cxxabiv112__unexpectedEPFvvE
                0x10009dcc        0x8 c:/progra~2/armgnu~1/112202~1.02/bin/../lib/gcc/arm-none-eabi/11.2.1/thumb/v6-m/nofp\libstdc++.a(eh_terminate.o)
                0x10009dcc                _ZN10__cxxabiv112__unexpectedEPFvvE
 .text._ZSt10unexpectedv
                0x10009dd4       0x10 c:/progra~2/armgnu~1/112202~1.02/bin/../lib/gcc/arm-none-eabi/11.2.1/thumb/v6-m/nofp\libstdc++.a(eh_terminate.o)
                0x10009dd4                _ZSt10unexpectedv
 .text._ZSt13get_terminatev
                0x10009de4        0xc c:/progra~2/armgnu~1/112202~1.02/bin/../lib/gcc/arm-none-eabi/11.2.1/thumb/v6-m/nofp\libstdc++.a(eh_terminate.o)
                0x10009de4                _ZSt13get_terminatev
 .text._ZSt14get_unexpectedv
                0x10009df0        0xc c:/progra~2/armgnu~1/112202~1.02/bin/../lib/gcc/arm-none-eabi/11.2.1/thumb/v6-m/nofp\libstdc++.a(eh_terminate.o)
                0x10009df0                _ZSt14get_unexpectedv
 .text._ZN10__cxxabiv120__si_class_type_infoD2Ev
                0x10009dfc       0x18 c:/progra~2/armgnu~1/112202~1.02/bin/../lib/gcc/arm-none-eabi/11.2.1/thumb/v6-m/nofp\libstdc++.a(si_class_type_info.o)
                0x10009dfc                _ZN10__cxxabiv120__si_class_type_infoD1Ev
                0x10009dfc                _ZN10__cxxabiv120__si_class_type_infoD2Ev
 .text._ZN10__cxxabiv120__si_class_type_infoD0Ev
                0x10009e14       0x20 c:/progra~2/armgnu~1/112202~1.02/bin/../lib/gcc/arm-none-eabi/11.2.1/thumb/v6-m/nofp\libstdc++.a(si_class_type_info.o)
                0x10009e14                _ZN10__cxxabiv120__si_class_type_infoD0Ev
 .text._ZNK10__cxxabiv120__si_class_type_info20__do_find_public_srcEiPKvPKNS_17__class_type_infoES2_
                0x10009e34       0x38 c:/progra~2/armgnu~1/112202~1.02/bin/../lib/gcc/arm-none-eabi/11.2.1/thumb/v6-m/nofp\libstdc++.a(si_class_type_info.o)
                0x10009e34                _ZNK10__cxxabiv120__si_class_type_info20__do_find_public_srcEiPKvPKNS_17__class_type_infoES2_
 .text._ZNK10__cxxabiv120__si_class_type_info12__do_dyncastEiNS_17__class_type_info10__sub_kindEPKS1_PKvS4_S6_RNS1_16__dyncast_resultE
                0x10009e6c       0x9c c:/progra~2/armgnu~1/112202~1.02/bin/../lib/gcc/arm-none-eabi/11.2.1/thumb/v6-m/nofp\libstdc++.a(si_class_type_info.o)
                0x10009e6c                _ZNK10__cxxabiv120__si_class_type_info12__do_dyncastEiNS_17__class_type_info10__sub_kindEPKS1_PKvS4_S6_RNS1_16__dyncast_resultE
 .text._ZNK10__cxxabiv120__si_class_type_info11__do_upcastEPKNS_17__class_type_infoEPKvRNS1_15__upcast_resultE
                0x10009f08       0x24 c:/progra~2/armgnu~1/112202~1.02/bin/../lib/gcc/arm-none-eabi/11.2.1/thumb/v6-m/nofp\libstdc++.a(si_class_type_info.o)
                0x10009f08                _ZNK10__cxxabiv120__si_class_type_info11__do_upcastEPKNS_17__class_type_infoEPKvRNS1_15__upcast_resultE
 .text._ZNSt9type_infoD2Ev
                0x10009f2c        0x4 c:/progra~2/armgnu~1/112202~1.02/bin/../lib/gcc/arm-none-eabi/11.2.1/thumb/v6-m/nofp\libstdc++.a(tinfo.o)
                0x10009f2c                _ZNSt9type_infoD2Ev
                0x10009f2c                _ZNSt9type_infoD1Ev
 .text._ZNKSt9type_info14__is_pointer_pEv
                0x10009f30        0x4 c:/progra~2/armgnu~1/112202~1.02/bin/../lib/gcc/arm-none-eabi/11.2.1/thumb/v6-m/nofp\libstdc++.a(tinfo.o)
                0x10009f30                _ZNKSt9type_info14__is_pointer_pEv
                0x10009f30                _ZNKSt9type_info15__is_function_pEv
 .text._ZNKSt9type_infoeqERKS_
                0x10009f34       0x30 c:/progra~2/armgnu~1/112202~1.02/bin/../lib/gcc/arm-none-eabi/11.2.1/thumb/v6-m/nofp\libstdc++.a(tinfo.o)
                0x10009f34                _ZNKSt9type_infoeqERKS_
 .text._ZN9__gnu_cxx27__verbose_terminate_handlerEv
                0x10009f64      0x114 c:/progra~2/armgnu~1/112202~1.02/bin/../lib/gcc/arm-none-eabi/11.2.1/thumb/v6-m/nofp\libstdc++.a(vterminate.o)
                0x10009f64                _ZN9__gnu_cxx27__verbose_terminate_handlerEv
 .text.unlikely._ZSt17__throw_bad_allocv
                0x1000a078       0x20 c:/progra~2/armgnu~1/112202~1.02/bin/../lib/gcc/arm-none-eabi/11.2.1/thumb/v6-m/nofp\libstdc++.a(functexcept.o)
                0x1000a078                _ZSt17__throw_bad_allocv
 .text.unlikely._ZSt19__throw_logic_errorPKc
                0x1000a098       0x30 c:/progra~2/armgnu~1/112202~1.02/bin/../lib/gcc/arm-none-eabi/11.2.1/thumb/v6-m/nofp\libstdc++.a(functexcept.o)
                0x1000a098                _ZSt19__throw_logic_errorPKc
 .text.unlikely._ZSt20__throw_length_errorPKc
                0x1000a0c8       0x30 c:/progra~2/armgnu~1/112202~1.02/bin/../lib/gcc/arm-none-eabi/11.2.1/thumb/v6-m/nofp\libstdc++.a(functexcept.o)
                0x1000a0c8                _ZSt20__throw_length_errorPKc
 .text._ZNSt7__cxx1112basic_stringIcSt11char_traitsIcESaIcEE9_M_createERjj
                0x1000a0f8       0x3c c:/progra~2/armgnu~1/112202~1.02/bin/../lib/gcc/arm-none-eabi/11.2.1/thumb/v6-m/nofp\libstdc++.a(string-inst.o)
                0x1000a0f8                _ZNSt7__cxx1112basic_stringIcSt11char_traitsIcESaIcEE9_M_createERjj
 .text._ZNSt7__cxx1112basic_stringIcSt11char_traitsIcESaIcEE9_M_mutateEjjPKcj
                0x1000a134       0xb4 c:/progra~2/armgnu~1/112202~1.02/bin/../lib/gcc/arm-none-eabi/11.2.1/thumb/v6-m/nofp\libstdc++.a(string-inst.o)
                0x1000a134                _ZNSt7__cxx1112basic_stringIcSt11char_traitsIcESaIcEE9_M_mutateEjjPKcj
 .text._ZNKSt9bad_alloc4whatEv
                0x1000a1e8        0x8 c:/progra~2/armgnu~1/112202~1.02/bin/../lib/gcc/arm-none-eabi/11.2.1/thumb/v6-m/nofp\libstdc++.a(bad_alloc.o)
                0x1000a1e8                _ZNKSt9bad_alloc4whatEv
 .text._ZNSt9bad_allocD2Ev
                0x1000a1f0       0x18 c:/progra~2/armgnu~1/112202~1.02/bin/../lib/gcc/arm-none-eabi/11.2.1/thumb/v6-m/nofp\libstdc++.a(bad_alloc.o)
                0x1000a1f0                _ZNSt9bad_allocD1Ev
                0x1000a1f0                _ZNSt9bad_allocD2Ev
 .text._ZNSt9bad_allocD0Ev
                0x1000a208       0x20 c:/progra~2/armgnu~1/112202~1.02/bin/../lib/gcc/arm-none-eabi/11.2.1/thumb/v6-m/nofp\libstdc++.a(bad_alloc.o)
                0x1000a208                _ZNSt9bad_allocD0Ev
 .text.d_make_comp
                0x1000a228       0xc0 c:/progra~2/armgnu~1/112202~1.02/bin/../lib/gcc/arm-none-eabi/11.2.1/thumb/v6-m/nofp\libstdc++.a(cp-demangle.o)
 .text.d_number
                0x1000a2e8       0x80 c:/progra~2/armgnu~1/112202~1.02/bin/../lib/gcc/arm-none-eabi/11.2.1/thumb/v6-m/nofp\libstdc++.a(cp-demangle.o)
 .text.d_call_offset
                0x1000a368       0x4c c:/progra~2/armgnu~1/112202~1.02/bin/../lib/gcc/arm-none-eabi/11.2.1/thumb/v6-m/nofp\libstdc++.a(cp-demangle.o)
 .text.d_ref_qualifier
                0x1000a3b4       0x30 c:/progra~2/armgnu~1/112202~1.02/bin/../lib/gcc/arm-none-eabi/11.2.1/thumb/v6-m/nofp\libstdc++.a(cp-demangle.o)
 .text.d_count_templates_scopes
                0x1000a3e4       0x7c c:/progra~2/armgnu~1/112202~1.02/bin/../lib/gcc/arm-none-eabi/11.2.1/thumb/v6-m/nofp\libstdc++.a(cp-demangle.o)
 .text.d_pack_length
                0x1000a460       0x20 c:/progra~2/armgnu~1/112202~1.02/bin/../lib/gcc/arm-none-eabi/11.2.1/thumb/v6-m/nofp\libstdc++.a(cp-demangle.o)
 .text.d_discriminator
                0x1000a480       0x4c c:/progra~2/armgnu~1/112202~1.02/bin/../lib/gcc/arm-none-eabi/11.2.1/thumb/v6-m/nofp\libstdc++.a(cp-demangle.o)
 .text.d_index_template_argument.part.0
                0x1000a4cc       0x20 c:/progra~2/armgnu~1/112202~1.02/bin/../lib/gcc/arm-none-eabi/11.2.1/thumb/v6-m/nofp\libstdc++.a(cp-demangle.o)
 .text.d_growable_string_callback_adapter
                0x1000a4ec       0x84 c:/progra~2/armgnu~1/112202~1.02/bin/../lib/gcc/arm-none-eabi/11.2.1/thumb/v6-m/nofp\libstdc++.a(cp-demangle.o)
 .text.next_is_type_qual.isra.0
                0x1000a570       0x34 c:/progra~2/armgnu~1/112202~1.02/bin/../lib/gcc/arm-none-eabi/11.2.1/thumb/v6-m/nofp\libstdc++.a(cp-demangle.o)
 .text.d_append_char
                0x1000a5a4       0x44 c:/progra~2/armgnu~1/112202~1.02/bin/../lib/gcc/arm-none-eabi/11.2.1/thumb/v6-m/nofp\libstdc++.a(cp-demangle.o)
 .text.d_lookup_template_argument
                0x1000a5e8       0x40 c:/progra~2/armgnu~1/112202~1.02/bin/../lib/gcc/arm-none-eabi/11.2.1/thumb/v6-m/nofp\libstdc++.a(cp-demangle.o)
 .text.d_find_pack
                0x1000a628       0x88 c:/progra~2/armgnu~1/112202~1.02/bin/../lib/gcc/arm-none-eabi/11.2.1/thumb/v6-m/nofp\libstdc++.a(cp-demangle.o)
 .text.d_append_string
                0x1000a6b0       0x78 c:/progra~2/armgnu~1/112202~1.02/bin/../lib/gcc/arm-none-eabi/11.2.1/thumb/v6-m/nofp\libstdc++.a(cp-demangle.o)
 .text.d_template_param
                0x1000a728       0x5c c:/progra~2/armgnu~1/112202~1.02/bin/../lib/gcc/arm-none-eabi/11.2.1/thumb/v6-m/nofp\libstdc++.a(cp-demangle.o)
 .text.d_append_num
                0x1000a784       0x8c c:/progra~2/armgnu~1/112202~1.02/bin/../lib/gcc/arm-none-eabi/11.2.1/thumb/v6-m/nofp\libstdc++.a(cp-demangle.o)
 .text.d_source_name
                0x1000a810       0xe4 c:/progra~2/armgnu~1/112202~1.02/bin/../lib/gcc/arm-none-eabi/11.2.1/thumb/v6-m/nofp\libstdc++.a(cp-demangle.o)
 .text.d_substitution
                0x1000a8f4      0x190 c:/progra~2/armgnu~1/112202~1.02/bin/../lib/gcc/arm-none-eabi/11.2.1/thumb/v6-m/nofp\libstdc++.a(cp-demangle.o)
 .text.d_type   0x1000aa84      0x710 c:/progra~2/armgnu~1/112202~1.02/bin/../lib/gcc/arm-none-eabi/11.2.1/thumb/v6-m/nofp\libstdc++.a(cp-demangle.o)
 .text.d_parmlist
                0x1000b194       0x84 c:/progra~2/armgnu~1/112202~1.02/bin/../lib/gcc/arm-none-eabi/11.2.1/thumb/v6-m/nofp\libstdc++.a(cp-demangle.o)
 .text.d_bare_function_type
                0x1000b218       0x48 c:/progra~2/armgnu~1/112202~1.02/bin/../lib/gcc/arm-none-eabi/11.2.1/thumb/v6-m/nofp\libstdc++.a(cp-demangle.o)
 .text.d_function_type
                0x1000b260       0x70 c:/progra~2/armgnu~1/112202~1.02/bin/../lib/gcc/arm-none-eabi/11.2.1/thumb/v6-m/nofp\libstdc++.a(cp-demangle.o)
 .text.d_operator_name
                0x1000b2d0      0x120 c:/progra~2/armgnu~1/112202~1.02/bin/../lib/gcc/arm-none-eabi/11.2.1/thumb/v6-m/nofp\libstdc++.a(cp-demangle.o)
 .text.d_unqualified_name
                0x1000b3f0      0x300 c:/progra~2/armgnu~1/112202~1.02/bin/../lib/gcc/arm-none-eabi/11.2.1/thumb/v6-m/nofp\libstdc++.a(cp-demangle.o)
 .text.d_expr_primary
                0x1000b6f0      0x11c c:/progra~2/armgnu~1/112202~1.02/bin/../lib/gcc/arm-none-eabi/11.2.1/thumb/v6-m/nofp\libstdc++.a(cp-demangle.o)
 .text.d_template_arg
                0x1000b80c       0x54 c:/progra~2/armgnu~1/112202~1.02/bin/../lib/gcc/arm-none-eabi/11.2.1/thumb/v6-m/nofp\libstdc++.a(cp-demangle.o)
 .text.d_template_args_1
                0x1000b860       0x60 c:/progra~2/armgnu~1/112202~1.02/bin/../lib/gcc/arm-none-eabi/11.2.1/thumb/v6-m/nofp\libstdc++.a(cp-demangle.o)
 .text.d_prefix
                0x1000b8c0       0xf0 c:/progra~2/armgnu~1/112202~1.02/bin/../lib/gcc/arm-none-eabi/11.2.1/thumb/v6-m/nofp\libstdc++.a(cp-demangle.o)
 .text.d_expression_1
                0x1000b9b0      0x51c c:/progra~2/armgnu~1/112202~1.02/bin/../lib/gcc/arm-none-eabi/11.2.1/thumb/v6-m/nofp\libstdc++.a(cp-demangle.o)
 .text.d_exprlist
                0x1000becc       0x70 c:/progra~2/armgnu~1/112202~1.02/bin/../lib/gcc/arm-none-eabi/11.2.1/thumb/v6-m/nofp\libstdc++.a(cp-demangle.o)
 .text.d_cv_qualifiers
                0x1000bf3c      0x170 c:/progra~2/armgnu~1/112202~1.02/bin/../lib/gcc/arm-none-eabi/11.2.1/thumb/v6-m/nofp\libstdc++.a(cp-demangle.o)
 .text.d_special_name
                0x1000c0ac      0x3f0 c:/progra~2/armgnu~1/112202~1.02/bin/../lib/gcc/arm-none-eabi/11.2.1/thumb/v6-m/nofp\libstdc++.a(cp-demangle.o)
 .text.d_name   0x1000c49c      0x294 c:/progra~2/armgnu~1/112202~1.02/bin/../lib/gcc/arm-none-eabi/11.2.1/thumb/v6-m/nofp\libstdc++.a(cp-demangle.o)
 .text.d_encoding.part.0
                0x1000c730       0xf0 c:/progra~2/armgnu~1/112202~1.02/bin/../lib/gcc/arm-none-eabi/11.2.1/thumb/v6-m/nofp\libstdc++.a(cp-demangle.o)
 .text.d_print_comp_inner
                0x1000c820     0x29cc c:/progra~2/armgnu~1/112202~1.02/bin/../lib/gcc/arm-none-eabi/11.2.1/thumb/v6-m/nofp\libstdc++.a(cp-demangle.o)
 .text.d_print_comp
                0x1000f1ec       0x5c c:/progra~2/armgnu~1/112202~1.02/bin/../lib/gcc/arm-none-eabi/11.2.1/thumb/v6-m/nofp\libstdc++.a(cp-demangle.o)
 .text.d_print_mod
                0x1000f248      0x6bc c:/progra~2/armgnu~1/112202~1.02/bin/../lib/gcc/arm-none-eabi/11.2.1/thumb/v6-m/nofp\libstdc++.a(cp-demangle.o)
 .text.d_print_function_type
                0x1000f904      0x240 c:/progra~2/armgnu~1/112202~1.02/bin/../lib/gcc/arm-none-eabi/11.2.1/thumb/v6-m/nofp\libstdc++.a(cp-demangle.o)
 .text.d_print_mod_list
                0x1000fb44      0x2c4 c:/progra~2/armgnu~1/112202~1.02/bin/../lib/gcc/arm-none-eabi/11.2.1/thumb/v6-m/nofp\libstdc++.a(cp-demangle.o)
 .text.d_print_array_type
                0x1000fe08      0x208 c:/progra~2/armgnu~1/112202~1.02/bin/../lib/gcc/arm-none-eabi/11.2.1/thumb/v6-m/nofp\libstdc++.a(cp-demangle.o)
 .text.d_print_expr_op
                0x10010010       0x84 c:/progra~2/armgnu~1/112202~1.02/bin/../lib/gcc/arm-none-eabi/11.2.1/thumb/v6-m/nofp\libstdc++.a(cp-demangle.o)
 .text.d_demangle_callback.constprop.0
                0x10010094      0x3c0 c:/progra~2/armgnu~1/112202~1.02/bin/../lib/gcc/arm-none-eabi/11.2.1/thumb/v6-m/nofp\libstdc++.a(cp-demangle.o)
 .text.d_print_subexpr
                0x10010454      0x108 c:/progra~2/armgnu~1/112202~1.02/bin/../lib/gcc/arm-none-eabi/11.2.1/thumb/v6-m/nofp\libstdc++.a(cp-demangle.o)
 .text.d_maybe_print_fold_expression
                0x1001055c      0x28c c:/progra~2/armgnu~1/112202~1.02/bin/../lib/gcc/arm-none-eabi/11.2.1/thumb/v6-m/nofp\libstdc++.a(cp-demangle.o)
 .text.d_maybe_print_designated_init
                0x100107e8      0x218 c:/progra~2/armgnu~1/112202~1.02/bin/../lib/gcc/arm-none-eabi/11.2.1/thumb/v6-m/nofp\libstdc++.a(cp-demangle.o)
 .text.__cxa_demangle
                0x10010a00       0xd0 c:/progra~2/armgnu~1/112202~1.02/bin/../lib/gcc/arm-none-eabi/11.2.1/thumb/v6-m/nofp\libstdc++.a(cp-demangle.o)
                0x10010a00                __cxa_demangle
 .text._ZdlPv   0x10010ad0        0x8 c:/progra~2/armgnu~1/112202~1.02/bin/../lib/gcc/arm-none-eabi/11.2.1/thumb/v6-m/nofp\libstdc++.a(del_op.o)
                0x10010ad0                _ZdlPv
 .text._ZN12_GLOBAL__N_14pool4freeEPv.constprop.0
                0x10010ad8       0x74 c:/progra~2/armgnu~1/112202~1.02/bin/../lib/gcc/arm-none-eabi/11.2.1/thumb/v6-m/nofp\libstdc++.a(eh_alloc.o)
 .text._ZN12_GLOBAL__N_14pool8allocateEj.constprop.0
                0x10010b4c       0x50 c:/progra~2/armgnu~1/112202~1.02/bin/../lib/gcc/arm-none-eabi/11.2.1/thumb/v6-m/nofp\libstdc++.a(eh_alloc.o)
 .text.__cxa_allocate_exception
                0x10010b9c       0x2c c:/progra~2/armgnu~1/112202~1.02/bin/../lib/gcc/arm-none-eabi/11.2.1/thumb/v6-m/nofp\libstdc++.a(eh_alloc.o)
                0x10010b9c                __cxa_allocate_exception
 .text.__cxa_free_exception
                0x10010bc8       0x24 c:/progra~2/armgnu~1/112202~1.02/bin/../lib/gcc/arm-none-eabi/11.2.1/thumb/v6-m/nofp\libstdc++.a(eh_alloc.o)
                0x10010bc8                __cxa_free_exception
 .text.startup._GLOBAL__sub_I__ZN9__gnu_cxx9__freeresEv
                0x10010bec       0x2c c:/progra~2/armgnu~1/112202~1.02/bin/../lib/gcc/arm-none-eabi/11.2.1/thumb/v6-m/nofp\libstdc++.a(eh_alloc.o)
 .text._ZN10__cxxabiv1L24__is_gxx_exception_classEPc
                0x10010c18       0x3c c:/progra~2/armgnu~1/112202~1.02/bin/../lib/gcc/arm-none-eabi/11.2.1/thumb/v6-m/nofp\libstdc++.a(eh_call.o)
 .text.__cxa_call_terminate
                0x10010c54       0x20 c:/progra~2/armgnu~1/112202~1.02/bin/../lib/gcc/arm-none-eabi/11.2.1/thumb/v6-m/nofp\libstdc++.a(eh_call.o)
                0x10010c54                __cxa_call_terminate
 .text.unlikely.__cxa_call_unexpected
                0x10010c74      0x100 c:/progra~2/armgnu~1/112202~1.02/bin/../lib/gcc/arm-none-eabi/11.2.1/thumb/v6-m/nofp\libstdc++.a(eh_call.o)
                0x10010c74                __cxa_call_unexpected
 .text.__cxa_begin_catch
                0x10010d74       0x74 c:/progra~2/armgnu~1/112202~1.02/bin/../lib/gcc/arm-none-eabi/11.2.1/thumb/v6-m/nofp\libstdc++.a(eh_catch.o)
                0x10010d74                __cxa_begin_catch
 .text.__cxa_end_catch
                0x10010de8       0x90 c:/progra~2/armgnu~1/112202~1.02/bin/../lib/gcc/arm-none-eabi/11.2.1/thumb/v6-m/nofp\libstdc++.a(eh_catch.o)
                0x10010de8                __cxa_end_catch
 .text._ZL23__gxx_exception_cleanup19_Unwind_Reason_CodeP21_Unwind_Control_Block
                0x10010e78       0x34 c:/progra~2/armgnu~1/112202~1.02/bin/../lib/gcc/arm-none-eabi/11.2.1/thumb/v6-m/nofp\libstdc++.a(eh_throw.o)
 .text.__cxa_init_primary_exception
                0x10010eac       0x4c c:/progra~2/armgnu~1/112202~1.02/bin/../lib/gcc/arm-none-eabi/11.2.1/thumb/v6-m/nofp\libstdc++.a(eh_throw.o)
                0x10010eac                __cxa_init_primary_exception
 .text.__cxa_throw
                0x10010ef8       0x34 c:/progra~2/armgnu~1/112202~1.02/bin/../lib/gcc/arm-none-eabi/11.2.1/thumb/v6-m/nofp\libstdc++.a(eh_throw.o)
                0x10010ef8                __cxa_throw
 .text.__cxa_rethrow
                0x10010f2c       0x70 c:/progra~2/armgnu~1/112202~1.02/bin/../lib/gcc/arm-none-eabi/11.2.1/thumb/v6-m/nofp\libstdc++.a(eh_throw.o)
                0x10010f2c                __cxa_rethrow
 .text.__cxa_current_exception_type
                0x10010f9c       0x20 c:/progra~2/armgnu~1/112202~1.02/bin/../lib/gcc/arm-none-eabi/11.2.1/thumb/v6-m/nofp\libstdc++.a(eh_type.o)
                0x10010f9c                __cxa_current_exception_type
 .text._Znwj    0x10010fbc       0x40 c:/progra~2/armgnu~1/112202~1.02/bin/../lib/gcc/arm-none-eabi/11.2.1/thumb/v6-m/nofp\libstdc++.a(new_op.o)
                0x10010fbc                _Znwj
 .text._ZNKSt11logic_error4whatEv
                0x10010ffc        0x4 c:/progra~2/armgnu~1/112202~1.02/bin/../lib/gcc/arm-none-eabi/11.2.1/thumb/v6-m/nofp\libstdc++.a(stdexcept.o)
                0x10010ffc                _ZNKSt11logic_error4whatEv
                0x10010ffc                _ZNKSt13runtime_error4whatEv
 .text._ZNSt11logic_errorD2Ev
                0x10011000       0x40 c:/progra~2/armgnu~1/112202~1.02/bin/../lib/gcc/arm-none-eabi/11.2.1/thumb/v6-m/nofp\libstdc++.a(stdexcept.o)
                0x10011000                _ZNSt11logic_errorD1Ev
                0x10011000                _ZNSt11logic_errorD2Ev
 .text._ZNSt12length_errorD2Ev
                0x10011040       0x40 c:/progra~2/armgnu~1/112202~1.02/bin/../lib/gcc/arm-none-eabi/11.2.1/thumb/v6-m/nofp\libstdc++.a(stdexcept.o)
                0x10011040                _ZNSt12length_errorD1Ev
                0x10011040                _ZNSt12length_errorD2Ev
 .text._ZNSt11logic_errorD0Ev
                0x10011080       0x48 c:/progra~2/armgnu~1/112202~1.02/bin/../lib/gcc/arm-none-eabi/11.2.1/thumb/v6-m/nofp\libstdc++.a(stdexcept.o)
                0x10011080                _ZNSt11logic_errorD0Ev
 .text._ZNSt12length_errorD0Ev
                0x100110c8       0x48 c:/progra~2/armgnu~1/112202~1.02/bin/../lib/gcc/arm-none-eabi/11.2.1/thumb/v6-m/nofp\libstdc++.a(stdexcept.o)
                0x100110c8                _ZNSt12length_errorD0Ev
 .text._ZNSt11logic_errorC2EPKc
                0x10011110       0x88 c:/progra~2/armgnu~1/112202~1.02/bin/../lib/gcc/arm-none-eabi/11.2.1/thumb/v6-m/nofp\libstdc++.a(cow-stdexcept.o)
                0x10011110                _ZNSt11logic_errorC1EPKc
                0x10011110                _ZNSt11logic_errorC2EPKc
 .text._ZNSt12length_errorC2EPKc
                0x10011198       0x14 c:/progra~2/armgnu~1/112202~1.02/bin/../lib/gcc/arm-none-eabi/11.2.1/thumb/v6-m/nofp\libstdc++.a(cow-stdexcept.o)
                0x10011198                _ZNSt12length_errorC1EPKc
                0x10011198                _ZNSt12length_errorC2EPKc
 .text._ZNSs4_Rep9_S_createEjjRKSaIcE
                0x100111ac       0x78 c:/progra~2/armgnu~1/112202~1.02/bin/../lib/gcc/arm-none-eabi/11.2.1/thumb/v6-m/nofp\libstdc++.a(cow-string-inst.o)
                0x100111ac                _ZNSs4_Rep9_S_createEjjRKSaIcE
 .text._ZNSs4_Rep10_M_destroyERKSaIcE
                0x10011224        0x8 c:/progra~2/armgnu~1/112202~1.02/bin/../lib/gcc/arm-none-eabi/11.2.1/thumb/v6-m/nofp\libstdc++.a(cow-string-inst.o)
                0x10011224                _ZNSs4_Rep10_M_destroyERKSaIcE
 .text._ZSt15get_new_handlerv
                0x1001122c        0xc c:/progra~2/armgnu~1/112202~1.02/bin/../lib/gcc/arm-none-eabi/11.2.1/thumb/v6-m/nofp\libstdc++.a(new_handler.o)
                0x1001122c                _ZSt15get_new_handlerv
 .text.abort    0x10011238       0x10 c:/progra~2/armgnu~1/112202~1.02/bin/../lib/gcc/arm-none-eabi/11.2.1/thumb/v6-m/nofp\libc.a(lib_a-abort.o)
                0x10011238                abort
 .text.fputc    0x10011248       0x2c c:/progra~2/armgnu~1/112202~1.02/bin/../lib/gcc/arm-none-eabi/11.2.1/thumb/v6-m/nofp\libc.a(lib_a-fputc.o)
                0x10011248                fputc
 .text._fputs_r
                0x10011274       0x58 c:/progra~2/armgnu~1/112202~1.02/bin/../lib/gcc/arm-none-eabi/11.2.1/thumb/v6-m/nofp\libc.a(lib_a-fputs.o)
                0x10011274                _fputs_r
 .text.fputs    0x100112cc       0x18 c:/progra~2/armgnu~1/112202~1.02/bin/../lib/gcc/arm-none-eabi/11.2.1/thumb/v6-m/nofp\libc.a(lib_a-fputs.o)
                0x100112cc                fputs
 .text.__sfvwrite_r
                0x100112e4      0x2f4 c:/progra~2/armgnu~1/112202~1.02/bin/../lib/gcc/arm-none-eabi/11.2.1/thumb/v6-m/nofp\libc.a(lib_a-fvwrite.o)
                0x100112e4                __sfvwrite_r
 .text.fwrite   0x100115d8       0x80 c:/progra~2/armgnu~1/112202~1.02/bin/../lib/gcc/arm-none-eabi/11.2.1/thumb/v6-m/nofp\libc.a(lib_a-fwrite.o)
                0x100115d8                fwrite
 .text.malloc   0x10011658       0x14 c:/progra~2/armgnu~1/112202~1.02/bin/../lib/gcc/arm-none-eabi/11.2.1/thumb/v6-m/nofp\libc.a(lib_a-malloc.o)
                0x10011658                malloc
 .text.free     0x1001166c       0x14 c:/progra~2/armgnu~1/112202~1.02/bin/../lib/gcc/arm-none-eabi/11.2.1/thumb/v6-m/nofp\libc.a(lib_a-malloc.o)
                0x1001166c                free
 .text._malloc_r
                0x10011680      0x57c c:/progra~2/armgnu~1/112202~1.02/bin/../lib/gcc/arm-none-eabi/11.2.1/thumb/v6-m/nofp\libc.a(lib_a-mallocr.o)
                0x10011680                _malloc_r
 .text.__malloc_lock
                0x10011bfc        0x4 c:/progra~2/armgnu~1/112202~1.02/bin/../lib/gcc/arm-none-eabi/11.2.1/thumb/v6-m/nofp\libc.a(lib_a-mlock.o)
                0x10011bfc                __malloc_lock
 .text.__malloc_unlock
                0x10011c00        0x4 c:/progra~2/armgnu~1/112202~1.02/bin/../lib/gcc/arm-none-eabi/11.2.1/thumb/v6-m/nofp\libc.a(lib_a-mlock.o)
                0x10011c00                __malloc_unlock
 .text._putc_r  0x10011c04       0x48 c:/progra~2/armgnu~1/112202~1.02/bin/../lib/gcc/arm-none-eabi/11.2.1/thumb/v6-m/nofp\libc.a(lib_a-putc.o)
                0x10011c04                _putc_r
 .text.rand     0x10011c4c       0x34 c:/progra~2/armgnu~1/112202~1.02/bin/../lib/gcc/arm-none-eabi/11.2.1/thumb/v6-m/nofp\libc.a(lib_a-rand.o)
                0x10011c4c                rand
 .text.realloc  0x10011c80       0x18 c:/progra~2/armgnu~1/112202~1.02/bin/../lib/gcc/arm-none-eabi/11.2.1/thumb/v6-m/nofp\libc.a(lib_a-realloc.o)
                0x10011c80                realloc
 .text._realloc_r
                0x10011c98      0x368 c:/progra~2/armgnu~1/112202~1.02/bin/../lib/gcc/arm-none-eabi/11.2.1/thumb/v6-m/nofp\libc.a(lib_a-reallocr.o)
                0x10011c98                _realloc_r
 .text._sbrk_r  0x10012000       0x24 c:/progra~2/armgnu~1/112202~1.02/bin/../lib/gcc/arm-none-eabi/11.2.1/thumb/v6-m/nofp\libc.a(lib_a-sbrkr.o)
                0x10012000                _sbrk_r
 .text.raise    0x10012024       0x60 c:/progra~2/armgnu~1/112202~1.02/bin/../lib/gcc/arm-none-eabi/11.2.1/thumb/v6-m/nofp\libc.a(lib_a-signal.o)
                0x10012024                raise
 .text._kill_r  0x10012084       0x28 c:/progra~2/armgnu~1/112202~1.02/bin/../lib/gcc/arm-none-eabi/11.2.1/thumb/v6-m/nofp\libc.a(lib_a-signalr.o)
                0x10012084                _kill_r
 .text._getpid_r
                0x100120ac        0x8 c:/progra~2/armgnu~1/112202~1.02/bin/../lib/gcc/arm-none-eabi/11.2.1/thumb/v6-m/nofp\libc.a(lib_a-signalr.o)
                0x100120ac                _getpid_r
 .text          0x100120b4       0x88 c:/progra~2/armgnu~1/112202~1.02/bin/../lib/gcc/arm-none-eabi/11.2.1/thumb/v6-m/nofp\libc.a(lib_a-strcmp.o)
                0x100120b4                strcmp
 .text.strlen   0x1001213c       0x5c c:/progra~2/armgnu~1/112202~1.02/bin/../lib/gcc/arm-none-eabi/11.2.1/thumb/v6-m/nofp\libc.a(lib_a-strlen-stub.o)
                0x1001213c                strlen
 .text.strncmp  0x10012198       0x74 c:/progra~2/armgnu~1/112202~1.02/bin/../lib/gcc/arm-none-eabi/11.2.1/thumb/v6-m/nofp\libc.a(lib_a-strncmp.o)
                0x10012198                strncmp
 .text.__swbuf_r
                0x1001220c       0xc8 c:/progra~2/armgnu~1/112202~1.02/bin/../lib/gcc/arm-none-eabi/11.2.1/thumb/v6-m/nofp\libc.a(lib_a-wbuf.o)
                0x1001220c                __swbuf_r
 .text.__swsetup_r
                0x100122d4       0xdc c:/progra~2/armgnu~1/112202~1.02/bin/../lib/gcc/arm-none-eabi/11.2.1/thumb/v6-m/nofp\libc.a(lib_a-wsetup.o)
                0x100122d4                __swsetup_r
 .text._close_r
                0x100123b0       0x24 c:/progra~2/armgnu~1/112202~1.02/bin/../lib/gcc/arm-none-eabi/11.2.1/thumb/v6-m/nofp\libc.a(lib_a-closer.o)
                0x100123b0                _close_r
 .text.__sflush_r
                0x100123d4      0x134 c:/progra~2/armgnu~1/112202~1.02/bin/../lib/gcc/arm-none-eabi/11.2.1/thumb/v6-m/nofp\libc.a(lib_a-fflush.o)
                0x100123d4                __sflush_r
 .text._fflush_r
                0x10012508       0x2c c:/progra~2/armgnu~1/112202~1.02/bin/../lib/gcc/arm-none-eabi/11.2.1/thumb/v6-m/nofp\libc.a(lib_a-fflush.o)
                0x10012508                _fflush_r
 .text._cleanup_r
                0x10012534       0x10 c:/progra~2/armgnu~1/112202~1.02/bin/../lib/gcc/arm-none-eabi/11.2.1/thumb/v6-m/nofp\libc.a(lib_a-findfp.o)
                0x10012534                _cleanup_r
 .text.__sinit.part.0
                0x10012544       0xe8 c:/progra~2/armgnu~1/112202~1.02/bin/../lib/gcc/arm-none-eabi/11.2.1/thumb/v6-m/nofp\libc.a(lib_a-findfp.o)
 .text.__sinit  0x1001262c       0x10 c:/progra~2/armgnu~1/112202~1.02/bin/../lib/gcc/arm-none-eabi/11.2.1/thumb/v6-m/nofp\libc.a(lib_a-findfp.o)
                0x1001262c                __sinit
 .text.__sfp_lock_acquire
                0x1001263c        0x4 c:/progra~2/armgnu~1/112202~1.02/bin/../lib/gcc/arm-none-eabi/11.2.1/thumb/v6-m/nofp\libc.a(lib_a-findfp.o)
                0x1001263c                __sfp_lock_acquire
 .text.__sfp_lock_release
                0x10012640        0x4 c:/progra~2/armgnu~1/112202~1.02/bin/../lib/gcc/arm-none-eabi/11.2.1/thumb/v6-m/nofp\libc.a(lib_a-findfp.o)
                0x10012640                __sfp_lock_release
 .text._malloc_trim_r
                0x10012644       0x9c c:/progra~2/armgnu~1/112202~1.02/bin/../lib/gcc/arm-none-eabi/11.2.1/thumb/v6-m/nofp\libc.a(lib_a-freer.o)
                0x10012644                _malloc_trim_r
 .text._free_r  0x100126e0      0x1bc c:/progra~2/armgnu~1/112202~1.02/bin/../lib/gcc/arm-none-eabi/11.2.1/thumb/v6-m/nofp\libc.a(lib_a-freer.o)
                0x100126e0                _free_r
 .text._fwalk_reent
                0x1001289c       0x48 c:/progra~2/armgnu~1/112202~1.02/bin/../lib/gcc/arm-none-eabi/11.2.1/thumb/v6-m/nofp\libc.a(lib_a-fwalk.o)
                0x1001289c                _fwalk_reent
 .text.__smakebuf_r
                0x100128e4       0xe4 c:/progra~2/armgnu~1/112202~1.02/bin/../lib/gcc/arm-none-eabi/11.2.1/thumb/v6-m/nofp\libc.a(lib_a-makebuf.o)
                0x100128e4                __smakebuf_r
 .text.__sread  0x100129c8       0x28 c:/progra~2/armgnu~1/112202~1.02/bin/../lib/gcc/arm-none-eabi/11.2.1/thumb/v6-m/nofp\libc.a(lib_a-stdio.o)
                0x100129c8                __sread
 .text.__swrite
                0x100129f0       0x40 c:/progra~2/armgnu~1/112202~1.02/bin/../lib/gcc/arm-none-eabi/11.2.1/thumb/v6-m/nofp\libc.a(lib_a-stdio.o)
                0x100129f0                __swrite
 .text.__sseek  0x10012a30       0x2c c:/progra~2/armgnu~1/112202~1.02/bin/../lib/gcc/arm-none-eabi/11.2.1/thumb/v6-m/nofp\libc.a(lib_a-stdio.o)
                0x10012a30                __sseek
 .text.__sclose
                0x10012a5c        0xc c:/progra~2/armgnu~1/112202~1.02/bin/../lib/gcc/arm-none-eabi/11.2.1/thumb/v6-m/nofp\libc.a(lib_a-stdio.o)
                0x10012a5c                __sclose
 .text._write_r
                0x10012a68       0x28 c:/progra~2/armgnu~1/112202~1.02/bin/../lib/gcc/arm-none-eabi/11.2.1/thumb/v6-m/nofp\libc.a(lib_a-writer.o)
                0x10012a68                _write_r
 .text._fclose_r
                0x10012a90       0x98 c:/progra~2/armgnu~1/112202~1.02/bin/../lib/gcc/arm-none-eabi/11.2.1/thumb/v6-m/nofp\libc.a(lib_a-fclose.o)
                0x10012a90                _fclose_r
 .text._fstat_r
                0x10012b28       0x28 c:/progra~2/armgnu~1/112202~1.02/bin/../lib/gcc/arm-none-eabi/11.2.1/thumb/v6-m/nofp\libc.a(lib_a-fstatr.o)
                0x10012b28                _fstat_r
 .text._isatty_r
                0x10012b50       0x24 c:/progra~2/armgnu~1/112202~1.02/bin/../lib/gcc/arm-none-eabi/11.2.1/thumb/v6-m/nofp\libc.a(lib_a-isattyr.o)
                0x10012b50                _isatty_r
 .text._lseek_r
                0x10012b74       0x28 c:/progra~2/armgnu~1/112202~1.02/bin/../lib/gcc/arm-none-eabi/11.2.1/thumb/v6-m/nofp\libc.a(lib_a-lseekr.o)
                0x10012b74                _lseek_r