Archive member included to satisfy reference by file (symbol)

..\..\src\libLoRa_pico_lib.a(LoRa-RP2040.cpp.obj)
                              CMakeFiles/LoRaSender.dir/LoRaSender.cpp.obj (_ZN9LoRaClass5writeEPKhj)
c:/progra~2/armgnu~1/112202~1.02/bin/../lib/gcc/arm-none-eabi/11.2.1/thumb/v6-m/nofp\libgcc.a(_dvmd_tls.o)
                              CMakeFiles/LoRaSender.dir/C_/Users/henrik.pedersen/pico/pico-sdk/src/rp2_common/pico_divider/divider.S.obj (__aeabi_idiv0)
c:/progra~2/armgnu~1/112202~1.02/bin/../lib/gcc/arm-none-eabi/11.2.1/thumb/v6-m/nofp\libgcc.a(unwind-arm.o)
                              CMakeFiles/LoRaSender.dir/LoRaSender.cpp.obj (__aeabi_unwind_cpp_pr1)
c:/progra~2/armgnu~1/112202~1.02/bin/../lib/gcc/arm-none-eabi/11.2.1/thumb/v6-m/nofp\libgcc.a(libunwind.o)
                              c:/progra~2/armgnu~1/112202~1.02/bin/../lib/gcc/arm-none-eabi/11.2.1/thumb/v6-m/nofp\libgcc.a(unwind-arm.o) (restore_core_regs)
c:/progra~2/armgnu~1/112202~1.02/bin/../lib/gcc/arm-none-eabi/11.2.1/thumb/v6-m/nofp\libgcc.a(pr-support.o)
                              c:/progra~2/armgnu~1/112202~1.02/bin/../lib/gcc/arm-none-eabi/11.2.1/thumb/v6-m/nofp\libgcc.a(unwind-arm.o) (__gnu_unwind_execute)
c:/progra~2/armgnu~1/112202~1.02/bin/../lib/gcc/arm-none-eabi/11.2.1/thumb/v6-m/nofp\libc.a(lib_a-abort.o)
                              c:/progra~2/armgnu~1/112202~1.02/bin/../lib/gcc/arm-none-eabi/11.2.1/thumb/v6-m/nofp\libgcc.a(unwind-arm.o) (abort)
c:/progra~2/armgnu~1/112202~1.02/bin/../lib/gcc/arm-none-eabi/11.2.1/thumb/v6-m/nofp\libc.a(lib_a-calloc.o)
                              CMakeFiles/LoRaSender.dir/C_/Users/henrik.pedersen/pico/pico-sdk/src/rp2_common/pico_malloc/pico_malloc.c.obj (calloc)
c:/progra~2/armgnu~1/112202~1.02/bin/../lib/gcc/arm-none-eabi/11.2.1/thumb/v6-m/nofp\libc.a(lib_a-callocr.o)
                              c:/progra~2/armgnu~1/112202~1.02/bin/../lib/gcc/arm-none-eabi/11.2.1/thumb/v6-m/nofp\libc.a(lib_a-calloc.o) (_calloc_r)
c:/progra~2/armgnu~1/112202~1.02/bin/../lib/gcc/arm-none-eabi/11.2.1/thumb/v6-m/nofp\libc.a(lib_a-errno.o)
                              c:/progra~2/armgnu~1/112202~1.02/bin/../lib/gcc/arm-none-eabi/11.2.1/thumb/v6-m/nofp\libc.a(lib_a-callocr.o) (__errno)
c:/progra~2/armgnu~1/112202~1.02/bin/../lib/gcc/arm-none-eabi/11.2.1/thumb/v6-m/nofp\libc.a(lib_a-impure.o)
                              c:/progra~2/armgnu~1/112202~1.02/bin/../lib/gcc/arm-none-eabi/11.2.1/thumb/v6-m/nofp\libc.a(lib_a-calloc.o) (_impure_ptr)
c:/progra~2/armgnu~1/112202~1.02/bin/../lib/gcc/arm-none-eabi/11.2.1/thumb/v6-m/nofp\libc.a(lib_a-init.o)
                              c:/progra~2/armgnu~1/112202~1.02/bin/../lib/gcc/arm-none-eabi/11.2.1/thumb/v6-m/nofp/crt0.o (__libc_init_array)
c:/progra~2/armgnu~1/112202~1.02/bin/../lib/gcc/arm-none-eabi/11.2.1/thumb/v6-m/nofp\libc.a(lib_a-malloc.o)
                              CMakeFiles/LoRaSender.dir/C_/Users/henrik.pedersen/pico/pico-sdk/src/rp2_common/pico_malloc/pico_malloc.c.obj (malloc)
c:/progra~2/armgnu~1/112202~1.02/bin/../lib/gcc/arm-none-eabi/11.2.1/thumb/v6-m/nofp\libc.a(lib_a-mallocr.o)
                              c:/progra~2/armgnu~1/112202~1.02/bin/../lib/gcc/arm-none-eabi/11.2.1/thumb/v6-m/nofp\libc.a(lib_a-callocr.o) (_malloc_r)
c:/progra~2/armgnu~1/112202~1.02/bin/../lib/gcc/arm-none-eabi/11.2.1/thumb/v6-m/nofp\libc.a(lib_a-mlock.o)
                              c:/progra~2/armgnu~1/112202~1.02/bin/../lib/gcc/arm-none-eabi/11.2.1/thumb/v6-m/nofp\libc.a(lib_a-mallocr.o) (__malloc_lock)
c:/progra~2/armgnu~1/112202~1.02/bin/../lib/gcc/arm-none-eabi/11.2.1/thumb/v6-m/nofp\libc.a(lib_a-realloc.o)
                              CMakeFiles/LoRaSender.dir/C_/Users/henrik.pedersen/pico/pico-sdk/src/rp2_common/pico_malloc/pico_malloc.c.obj (realloc)
c:/progra~2/armgnu~1/112202~1.02/bin/../lib/gcc/arm-none-eabi/11.2.1/thumb/v6-m/nofp\libc.a(lib_a-reallocr.o)
                              c:/progra~2/armgnu~1/112202~1.02/bin/../lib/gcc/arm-none-eabi/11.2.1/thumb/v6-m/nofp\libc.a(lib_a-realloc.o) (_realloc_r)
c:/progra~2/armgnu~1/112202~1.02/bin/../lib/gcc/arm-none-eabi/11.2.1/thumb/v6-m/nofp\libc.a(lib_a-sbrkr.o)
                              c:/progra~2/armgnu~1/112202~1.02/bin/../lib/gcc/arm-none-eabi/11.2.1/thumb/v6-m/nofp\libc.a(lib_a-mallocr.o) (_sbrk_r)
c:/progra~2/armgnu~1/112202~1.02/bin/../lib/gcc/arm-none-eabi/11.2.1/thumb/v6-m/nofp\libc.a(lib_a-signal.o)
                              c:/progra~2/armgnu~1/112202~1.02/bin/../lib/gcc/arm-none-eabi/11.2.1/thumb/v6-m/nofp\libc.a(lib_a-abort.o) (raise)
c:/progra~2/armgnu~1/112202~1.02/bin/../lib/gcc/arm-none-eabi/11.2.1/thumb/v6-m/nofp\libc.a(lib_a-signalr.o)
                              c:/progra~2/armgnu~1/112202~1.02/bin/../lib/gcc/arm-none-eabi/11.2.1/thumb/v6-m/nofp\libc.a(lib_a-signal.o) (_kill_r)
c:/progra~2/armgnu~1/112202~1.02/bin/../lib/gcc/arm-none-eabi/11.2.1/thumb/v6-m/nofp\libc.a(lib_a-strlen-stub.o)
[...]
Memory Configuration

Name             Origin             Length             Attributes
FLASH            0x10000000         0x00200000         xr
RAM              0x20000000         0x00040000         xrw
SCRATCH_X        0x20040000         0x00001000         xrw
SCRATCH_Y        0x20041000         0x00001000         xrw
*default*        0x00000000         0xffffffff

Linker script and memory map

LOAD c:/progra~2/armgnu~1/112202~1.02/bin/../lib/gcc/arm-none-eabi/11.2.1/thumb/v6-m/nofp/crti.o
LOAD c:/progra~2/armgnu~1/112202~1.02/bin/../lib/gcc/arm-none-eabi/11.2.1/thumb/v6-m/nofp/crtbegin.o
LOAD c:/progra~2/armgnu~1/112202~1.02/bin/../lib/gcc/arm-none-eabi/11.2.1/thumb/v6-m/nofp/crt0.o

.flash_begin    0x10000000        0x0
                0x10000000                __flash_binary_start = .

.boot2          0x10000000      0x100
                0x10000000                __boot2_start__ = .
 *(.boot2)
 .boot2         0x10000000      0x100 C:\Users\HENRIK~1.PED\AppData\Local\Temp\ccMwxmB5.o
                0x10000100                __boot2_end__ = .
                0x00000001                ASSERT (((__boot2_end__ - __boot2_start__) == 0x100), ERROR: Pico second stage bootloader must be 256 bytes in size)

.text           0x10000100     0x7e48
                0x10000100                __logical_binary_start = .
 *(.vectors)
 .vectors       0x10000100       0xd4 CMakeFiles/LoRaSender.dir/C_/Users/henrik.pedersen/pico/pico-sdk/src/rp2_common/pico_standard_link/crt0.S.obj
                0x10000100                __VECTOR_TABLE
                0x10000100                __vectors
                0x100001c0                isr_invalid
                0x100001c0                __default_isrs_start
                0x100001c2                isr_nmi
                0x100001c4                isr_hardfault
                0x100001c6                isr_svcall
                0x100001c8                isr_pendsv
                0x100001ca                isr_systick
                0x100001cc                isr_irq23
                0x100001cc                isr_irq18
                0x100001cc                isr_irq11
                0x100001cc                isr_irq28
                0x100001cc                isr_irq19
                0x100001cc                isr_irq0
                0x100001cc                isr_irq6
                0x100001cc                isr_irq5
                0x100001cc                isr_irq12
                0x100001cc                isr_irq22
                0x100001cc                isr_irq31
                0x100001cc                isr_irq17
                0x100001cc                isr_irq27
                0x100001cc                isr_irq30
                0x100001cc                isr_irq2
                0x100001cc                isr_irq10
                0x100001cc                isr_irq8
                0x100001cc                isr_irq24
                0x100001cc                isr_irq1
                0x100001cc                isr_irq7
                0x100001cc                isr_irq21
                0x100001cc                isr_irq20
                0x100001cc                isr_irq15
                0x100001cc                isr_irq25
                0x100001cc                isr_irq13
                0x100001cc                __unhandled_user_irq
                0x100001cc                isr_irq4
                0x100001cc                isr_irq16
                0x100001cc                isr_irq29
                0x100001cc                isr_irq26
                0x100001cc                __default_isrs_end
                0x100001cc                isr_irq3
                0x100001cc                isr_irq14
                0x100001cc                isr_irq9
                0x100001d2                unhandled_user_irq_num_in_r0
 *(.binary_info_header)
 .binary_info_header
                0x100001d4       0x14 CMakeFiles/LoRaSender.dir/C_/Users/henrik.pedersen/pico/pico-sdk/src/rp2_common/pico_standard_link/crt0.S.obj
                0x100001e8                __binary_info_header_end = .
 *(.reset)
 .reset         0x100001e8       0xa8 CMakeFiles/LoRaSender.dir/C_/Users/henrik.pedersen/pico/pico-sdk/src/rp2_common/pico_standard_link/crt0.S.obj
                0x100001e8                _entry_point
                0x10000266                __get_current_exception
 .reset         0x10000290       0x30 CMakeFiles/LoRaSender.dir/C_/Users/henrik.pedersen/pico/pico-sdk/src/rp2_common/pico_standard_link/binary_info.c.obj
 *(.init)
 .init          0x100002c0        0x4 c:/progra~2/armgnu~1/112202~1.02/bin/../lib/gcc/arm-none-eabi/11.2.1/thumb/v6-m/nofp/crti.o
                0x100002c0                _init
 *(EXCLUDE_FILE(*libm.a: *libc.a:*lib_a-mem*.o *libgcc.a:) .text*)
 .text.register_tm_clones
                0x100002c4       0x28 c:/progra~2/armgnu~1/112202~1.02/bin/../lib/gcc/arm-none-eabi/11.2.1/thumb/v6-m/nofp/crtbegin.o
 .text.frame_dummy
                0x100002ec       0x24 c:/progra~2/armgnu~1/112202~1.02/bin/../lib/gcc/arm-none-eabi/11.2.1/thumb/v6-m/nofp/crtbegin.o
 .text.startup.main
                0x10000310       0xd8 CMakeFiles/LoRaSender.dir/LoRaSender.cpp.obj
                0x10000310                main
 .text.gpio_set_function
                0x100003e8       0x30 CMakeFiles/LoRaSender.dir/C_/Users/henrik.pedersen/pico/pico-sdk/src/rp2_common/hardware_gpio/gpio.c.obj
                0x100003e8                gpio_set_function
 .text.gpio_init
                0x10000418       0x3c CMakeFiles/LoRaSender.dir/C_/Users/henrik.pedersen/pico/pico-sdk/src/rp2_common/hardware_gpio/gpio.c.obj
                0x10000418                gpio_init
 .text.hw_claim_or_assert
                0x10000454       0x44 CMakeFiles/LoRaSender.dir/C_/Users/henrik.pedersen/pico/pico-sdk/src/rp2_common/hardware_claim/claim.c.obj
                0x10000454                hw_claim_or_assert
 .text.hw_claim_unused_from_range
                0x10000498       0x9c CMakeFiles/LoRaSender.dir/C_/Users/henrik.pedersen/pico/pico-sdk/src/rp2_common/hardware_claim/claim.c.obj
                0x10000498                hw_claim_unused_from_range
 .text.running_on_fpga
                0x10000534       0x10 CMakeFiles/LoRaSender.dir/C_/Users/henrik.pedersen/pico/pico-sdk/src/rp2_common/pico_platform/platform.c.obj
                0x10000534                running_on_fpga
 .text.spin_locks_reset
                0x10000544       0x1c CMakeFiles/LoRaSender.dir/C_/Users/henrik.pedersen/pico/pico-sdk/src/rp2_common/hardware_sync/sync.c.obj
                0x10000544                spin_locks_reset
 .text.next_striped_spin_lock_num
                0x10000560       0x18 CMakeFiles/LoRaSender.dir/C_/Users/henrik.pedersen/pico/pico-sdk/src/rp2_common/hardware_sync/sync.c.obj
                0x10000560                next_striped_spin_lock_num
 .text.spin_lock_claim_unused
                0x10000578       0x24 CMakeFiles/LoRaSender.dir/C_/Users/henrik.pedersen/pico/pico-sdk/src/rp2_common/hardware_sync/sync.c.obj
                0x10000578                spin_lock_claim_unused
 .text.irq_set_enabled
                0x1000059c       0x24 CMakeFiles/LoRaSender.dir/C_/Users/henrik.pedersen/pico/pico-sdk/src/rp2_common/hardware_irq/irq.c.obj
                0x1000059c                irq_set_enabled
 .text.irq_set_pending
                0x100005c0       0x10 CMakeFiles/LoRaSender.dir/C_/Users/henrik.pedersen/pico/pico-sdk/src/rp2_common/hardware_irq/irq.c.obj
                0x100005c0                irq_set_pending
 .text.irq_has_shared_handler
                0x100005d0       0x2c CMakeFiles/LoRaSender.dir/C_/Users/henrik.pedersen/pico/pico-sdk/src/rp2_common/hardware_irq/irq.c.obj
                0x100005d0                irq_has_shared_handler
 .text.irq_get_vtable_handler
                0x100005fc       0x10 CMakeFiles/LoRaSender.dir/C_/Users/henrik.pedersen/pico/pico-sdk/src/rp2_common/hardware_irq/irq.c.obj
                0x100005fc                irq_get_vtable_handler
 .text.irq_set_exclusive_handler
                0x1000060c       0x54 CMakeFiles/LoRaSender.dir/C_/Users/henrik.pedersen/pico/pico-sdk/src/rp2_common/hardware_irq/irq.c.obj
                0x1000060c                irq_set_exclusive_handler
 .text.irq_add_shared_handler
                0x10000660      0x1e0 CMakeFiles/LoRaSender.dir/C_/Users/henrik.pedersen/pico/pico-sdk/src/rp2_common/hardware_irq/irq.c.obj
                0x10000660                irq_add_shared_handler
 .text.irq_remove_handler
                0x10000840      0x1b4 CMakeFiles/LoRaSender.dir/C_/Users/henrik.pedersen/pico/pico-sdk/src/rp2_common/hardware_irq/irq.c.obj
                0x10000840                irq_remove_handler
 .text.irq_add_tail_to_free_list
                0x100009f4       0xb4 CMakeFiles/LoRaSender.dir/C_/Users/henrik.pedersen/pico/pico-sdk/src/rp2_common/hardware_irq/irq.c.obj
                0x100009f4                irq_add_tail_to_free_list
 .text.irq_init_priorities
                0x10000aa8       0x24 CMakeFiles/LoRaSender.dir/C_/Users/henrik.pedersen/pico/pico-sdk/src/rp2_common/hardware_irq/irq.c.obj
                0x10000aa8                irq_init_priorities
 .text.user_irq_claim_unused
                0x10000acc       0x30 CMakeFiles/LoRaSender.dir/C_/Users/henrik.pedersen/pico/pico-sdk/src/rp2_common/hardware_irq/irq.c.obj
                0x10000acc                user_irq_claim_unused
 .text.lock_init
                0x10000afc       0x10 CMakeFiles/LoRaSender.dir/C_/Users/henrik.pedersen/pico/pico-sdk/src/common/pico_sync/lock_core.c.obj
                0x10000afc                lock_init
 .text.timer_pool_entry_comparator
                0x10000b0c       0x34 CMakeFiles/LoRaSender.dir/C_/Users/henrik.pedersen/pico/pico-sdk/src/common/pico_time/time.c.obj
                0x10000b0c                timer_pool_entry_comparator
 .text.sleep_until_callback
                0x10000b40       0x30 CMakeFiles/LoRaSender.dir/C_/Users/henrik.pedersen/pico/pico-sdk/src/common/pico_time/time.c.obj
 .text.add_alarm_under_lock.isra.0
                0x10000b70      0x104 CMakeFiles/LoRaSender.dir/C_/Users/henrik.pedersen/pico/pico-sdk/src/common/pico_time/time.c.obj
 .text.alarm_pool_alarm_callback
                0x10000c74      0x1c8 CMakeFiles/LoRaSender.dir/C_/Users/henrik.pedersen/pico/pico-sdk/src/common/pico_time/time.c.obj
 .text.alarm_pool_add_alarm_at.constprop.0
                0x10000e3c      0x11c CMakeFiles/LoRaSender.dir/C_/Users/henrik.pedersen/pico/pico-sdk/src/common/pico_time/time.c.obj
 .text.alarm_pool_init_default
                0x10000f58       0x64 CMakeFiles/LoRaSender.dir/C_/Users/henrik.pedersen/pico/pico-sdk/src/common/pico_time/time.c.obj
                0x10000f58                alarm_pool_init_default
 .text.alarm_pool_get_default
                0x10000fbc        0x8 CMakeFiles/LoRaSender.dir/C_/Users/henrik.pedersen/pico/pico-sdk/src/common/pico_time/time.c.obj
                0x10000fbc                alarm_pool_get_default
 .text.alarm_pool_add_alarm_at
                0x10000fc4      0x1a0 CMakeFiles/LoRaSender.dir/C_/Users/henrik.pedersen/pico/pico-sdk/src/common/pico_time/time.c.obj
                0x10000fc4                alarm_pool_add_alarm_at
 .text.sleep_until
                0x10001164       0xac CMakeFiles/LoRaSender.dir/C_/Users/henrik.pedersen/pico/pico-sdk/src/common/pico_time/time.c.obj
                0x10001164                sleep_until
 .text.sleep_ms
                0x10001210       0x38 CMakeFiles/LoRaSender.dir/C_/Users/henrik.pedersen/pico/pico-sdk/src/common/pico_time/time.c.obj
                0x10001210                sleep_ms
 .text.best_effort_wfe_or_timeout
                0x10001248       0xc0 CMakeFiles/LoRaSender.dir/C_/Users/henrik.pedersen/pico/pico-sdk/src/common/pico_time/time.c.obj
                0x10001248                best_effort_wfe_or_timeout
 .text.hardware_alarm_irq_handler
                0x10001308       0xb8 CMakeFiles/LoRaSender.dir/C_/Users/henrik.pedersen/pico/pico-sdk/src/rp2_common/hardware_timer/timer.c.obj
 .text.hardware_alarm_claim
                0x100013c0       0x18 CMakeFiles/LoRaSender.dir/C_/Users/henrik.pedersen/pico/pico-sdk/src/rp2_common/hardware_timer/timer.c.obj
                0x100013c0                hardware_alarm_claim
 .text.time_us_64
                0x100013d8       0x14 CMakeFiles/LoRaSender.dir/C_/Users/henrik.pedersen/pico/pico-sdk/src/rp2_common/hardware_timer/timer.c.obj
                0x100013d8                time_us_64
 .text.busy_wait_until
                0x100013ec       0x20 CMakeFiles/LoRaSender.dir/C_/Users/henrik.pedersen/pico/pico-sdk/src/rp2_common/hardware_timer/timer.c.obj
                0x100013ec                busy_wait_until
 .text.hardware_alarm_set_callback
                0x1000140c       0x8c CMakeFiles/LoRaSender.dir/C_/Users/henrik.pedersen/pico/pico-sdk/src/rp2_common/hardware_timer/timer.c.obj
                0x1000140c                hardware_alarm_set_callback
 .text.hardware_alarm_set_target
                0x10001498       0xe0 CMakeFiles/LoRaSender.dir/C_/Users/henrik.pedersen/pico/pico-sdk/src/rp2_common/hardware_timer/timer.c.obj
                0x10001498                hardware_alarm_set_target
 .text.hardware_alarm_cancel
                0x10001578       0x3c CMakeFiles/LoRaSender.dir/C_/Users/henrik.pedersen/pico/pico-sdk/src/rp2_common/hardware_timer/timer.c.obj
                0x10001578                hardware_alarm_cancel
 .text.ph_merge_nodes
                0x100015b4       0x68 CMakeFiles/LoRaSender.dir/C_/Users/henrik.pedersen/pico/pico-sdk/src/common/pico_util/pheap.c.obj
 .text.ph_post_alloc_init
                0x1000161c       0x3c CMakeFiles/LoRaSender.dir/C_/Users/henrik.pedersen/pico/pico-sdk/src/common/pico_util/pheap.c.obj
                0x1000161c                ph_post_alloc_init
 .text.ph_merge_two_pass
                0x10001658       0x9c CMakeFiles/LoRaSender.dir/C_/Users/henrik.pedersen/pico/pico-sdk/src/common/pico_util/pheap.c.obj
                0x10001658                ph_merge_two_pass
 .text.ph_remove_any_head
                0x100016f4       0xf8 CMakeFiles/LoRaSender.dir/C_/Users/henrik.pedersen/pico/pico-sdk/src/common/pico_util/pheap.c.obj
 .text.ph_remove_head
                0x100017ec       0xfc CMakeFiles/LoRaSender.dir/C_/Users/henrik.pedersen/pico/pico-sdk/src/common/pico_util/pheap.c.obj
                0x100017ec                ph_remove_head
 .text.ph_remove_and_free_node
                0x100018e8       0x7c CMakeFiles/LoRaSender.dir/C_/Users/henrik.pedersen/pico/pico-sdk/src/common/pico_util/pheap.c.obj
                0x100018e8                ph_remove_and_free_node
 .text.mutex_init
                0x10001964       0x1c CMakeFiles/LoRaSender.dir/C_/Users/henrik.pedersen/pico/pico-sdk/src/common/pico_sync/mutex.c.obj
                0x10001964                mutex_init
 .text.recursive_mutex_init
                0x10001980       0x1c CMakeFiles/LoRaSender.dir/C_/Users/henrik.pedersen/pico/pico-sdk/src/common/pico_sync/mutex.c.obj
                0x10001980                recursive_mutex_init
 .text.critical_section_init
                0x1000199c       0x20 CMakeFiles/LoRaSender.dir/C_/Users/henrik.pedersen/pico/pico-sdk/src/common/pico_sync/critical_section.c.obj
                0x1000199c                critical_section_init
 .text.runtime_init
                0x100019bc       0xf0 CMakeFiles/LoRaSender.dir/C_/Users/henrik.pedersen/pico/pico-sdk/src/rp2_common/pico_runtime/runtime.c.obj
                0x100019bc                runtime_init
 .text._exit    0x10001aac        0x4 CMakeFiles/LoRaSender.dir/C_/Users/henrik.pedersen/pico/pico-sdk/src/rp2_common/pico_runtime/runtime.c.obj
                0x10001aac                _exit
 .text.exit     0x10001ab0        0x4 CMakeFiles/LoRaSender.dir/C_/Users/henrik.pedersen/pico/pico-sdk/src/rp2_common/pico_runtime/runtime.c.obj
                0x10001ab0                exit
 .text.panic    0x10001ab4       0x30 CMakeFiles/LoRaSender.dir/C_/Users/henrik.pedersen/pico/pico-sdk/src/rp2_common/pico_runtime/runtime.c.obj
                0x10001ab4                panic
 .text.hard_assertion_failure
                0x10001ae4        0xc CMakeFiles/LoRaSender.dir/C_/Users/henrik.pedersen/pico/pico-sdk/src/rp2_common/pico_runtime/runtime.c.obj
                0x10001ae4                hard_assertion_failure
 .text.clocks_init
                0x10001af0      0x2b0 CMakeFiles/LoRaSender.dir/C_/Users/henrik.pedersen/pico/pico-sdk/src/rp2_common/hardware_clocks/clocks.c.obj
                0x10001af0                clocks_init
 .text.clock_get_hz
                0x10001da0        0xc CMakeFiles/LoRaSender.dir/C_/Users/henrik.pedersen/pico/pico-sdk/src/rp2_common/hardware_clocks/clocks.c.obj
                0x10001da0                clock_get_hz
 .text.pll_init
                0x10001dac       0xa8 CMakeFiles/LoRaSender.dir/C_/Users/henrik.pedersen/pico/pico-sdk/src/rp2_common/hardware_pll/pll.c.obj
                0x10001dac                pll_init
 .text.watchdog_start_tick
                0x10001e54       0x10 CMakeFiles/LoRaSender.dir/C_/Users/henrik.pedersen/pico/pico-sdk/src/rp2_common/hardware_watchdog/watchdog.c.obj
                0x10001e54                watchdog_start_tick
 .text.watchdog_reboot
                0x10001e64       0x9c CMakeFiles/LoRaSender.dir/C_/Users/henrik.pedersen/pico/pico-sdk/src/rp2_common/hardware_watchdog/watchdog.c.obj
                0x10001e64                watchdog_reboot
 .text.xosc_init
                0x10001f00       0x28 CMakeFiles/LoRaSender.dir/C_/Users/henrik.pedersen/pico/pico-sdk/src/rp2_common/hardware_xosc/xosc.c.obj
                0x10001f00                xosc_init
 .text._out_null
                0x10001f28        0x4 CMakeFiles/LoRaSender.dir/C_/Users/henrik.pedersen/pico/pico-sdk/src/rp2_common/pico_printf/printf.c.obj
 .text._out_rev
                0x10001f2c       0x90 CMakeFiles/LoRaSender.dir/C_/Users/henrik.pedersen/pico/pico-sdk/src/rp2_common/pico_printf/printf.c.obj
 .text._ntoa_format
                0x10001fbc      0x1cc CMakeFiles/LoRaSender.dir/C_/Users/henrik.pedersen/pico/pico-sdk/src/rp2_common/pico_printf/printf.c.obj
 .text._out_char
                0x10002188       0x10 CMakeFiles/LoRaSender.dir/C_/Users/henrik.pedersen/pico/pico-sdk/src/rp2_common/pico_printf/printf.c.obj
 .text._out_fct
                0x10002198       0x10 CMakeFiles/LoRaSender.dir/C_/Users/henrik.pedersen/pico/pico-sdk/src/rp2_common/pico_printf/printf.c.obj
 .text._etoa    0x100021a8      0x44c CMakeFiles/LoRaSender.dir/C_/Users/henrik.pedersen/pico/pico-sdk/src/rp2_common/pico_printf/printf.c.obj
 .text._ftoa    0x100025f4      0x3d0 CMakeFiles/LoRaSender.dir/C_/Users/henrik.pedersen/pico/pico-sdk/src/rp2_common/pico_printf/printf.c.obj
 .text._vsnprintf
                0x100029c4      0xabc CMakeFiles/LoRaSender.dir/C_/Users/henrik.pedersen/pico/pico-sdk/src/rp2_common/pico_printf/printf.c.obj
 .text.vfctprintf
                0x10003480       0x20 CMakeFiles/LoRaSender.dir/C_/Users/henrik.pedersen/pico/pico-sdk/src/rp2_common/pico_printf/printf.c.obj
                0x10003480                vfctprintf
 .text.weak_raw_vprintf
                0x100034a0       0x30 CMakeFiles/LoRaSender.dir/C_/Users/henrik.pedersen/pico/pico-sdk/src/rp2_common/pico_printf/printf.c.obj
                0x100034a0                weak_raw_vprintf
 .text          0x100034d0       0x10 CMakeFiles/LoRaSender.dir/C_/Users/henrik.pedersen/pico/pico-sdk/src/rp2_common/pico_bit_ops/bit_ops_aeabi.S.obj
 .text.rom_func_lookup
                0x100034e0       0x10 CMakeFiles/LoRaSender.dir/C_/Users/henrik.pedersen/pico/pico-sdk/src/rp2_common/pico_bootrom/bootrom.c.obj
                0x100034e0                rom_func_lookup
 .text.rom_data_lookup
                0x100034f0       0x10 CMakeFiles/LoRaSender.dir/C_/Users/henrik.pedersen/pico/pico-sdk/src/rp2_common/pico_bootrom/bootrom.c.obj
                0x100034f0                rom_data_lookup
 .text.rom_funcs_lookup
                0x10003500       0x44 CMakeFiles/LoRaSender.dir/C_/Users/henrik.pedersen/pico/pico-sdk/src/rp2_common/pico_bootrom/bootrom.c.obj
                0x10003500                rom_funcs_lookup
 .text.__wrap___aeabi_idiv
                0x10003544       0x50 CMakeFiles/LoRaSender.dir/C_/Users/henrik.pedersen/pico/pico-sdk/src/rp2_common/pico_divider/divider.S.obj
                0x10003544                __wrap___aeabi_idivmod
                0x10003544                divmod_s32s32
                0x10003544                div_s32s32
                0x10003544                __wrap___aeabi_idiv
                0x1000354c                divmod_s32s32_unsafe
                0x10003578                divmod_s32s32_savestate
 .text.__wrap___aeabi_uidiv
                0x10003594       0x4c CMakeFiles/LoRaSender.dir/C_/Users/henrik.pedersen/pico/pico-sdk/src/rp2_common/pico_divider/divider.S.obj
                0x10003594                __wrap___aeabi_uidiv
                0x10003594                __wrap___aeabi_uidivmod
                0x10003594                div_u32u32
                0x10003594                divmod_u32u32
                0x1000359c                divmod_u32u32_unsafe
                0x100035c4                divmod_u32u32_savestate
 .text.__wrap___aeabi_ldiv
                0x100035e0      0x434 CMakeFiles/LoRaSender.dir/C_/Users/henrik.pedersen/pico/pico-sdk/src/rp2_common/pico_divider/divider.S.obj
                0x100035e0                div_s64s64
                0x100035e0                divmod_s64s64
                0x100035e0                __wrap___aeabi_ldivmod
                0x10003618                divmod_u64u64
                0x10003618                div_u64u64
                0x10003618                __wrap___aeabi_uldivmod
                0x10003628                divmod_u64u64_savestate
                0x10003650                divmod_s64s64_unsafe
                0x100036d8                divmod_u64u64_unsafe
 .text.__wrap___aeabi_darithmetic
                0x10003a14       0x80 CMakeFiles/LoRaSender.dir/C_/Users/henrik.pedersen/pico/pico-sdk/src/rp2_common/pico_double/double_aeabi.S.obj
                0x10003a14                __wrap___aeabi_drsub
                0x10003a1a                __wrap___aeabi_dsub
                0x10003a2c                __wrap___aeabi_dadd
                0x10003a3e                __wrap___aeabi_ddiv
                0x10003a7a                __wrap___aeabi_dmul
 .text.__wrap___aeabi_cdcmple
                0x10003a94       0x6c CMakeFiles/LoRaSender.dir/C_/Users/henrik.pedersen/pico/pico-sdk/src/rp2_common/pico_double/double_aeabi.S.obj
                0x10003a94                __wrap___aeabi_cdrcmple
                0x10003aa4                __wrap___aeabi_cdcmpeq
                0x10003aa4                __wrap___aeabi_cdcmple
 .text.__wrap___aeabi_dcmplt
                0x10003b00        0xc CMakeFiles/LoRaSender.dir/C_/Users/henrik.pedersen/pico/pico-sdk/src/rp2_common/pico_double/double_aeabi.S.obj
                0x10003b00                __wrap___aeabi_dcmplt
 .text.__wrap___aeabi_dcmple
                0x10003b0c       0x10 CMakeFiles/LoRaSender.dir/C_/Users/henrik.pedersen/pico/pico-sdk/src/rp2_common/pico_double/double_aeabi.S.obj
                0x10003b0c                __wrap___aeabi_dcmple
 .text.__wrap___aeabi_dcmpge
                0x10003b1c       0x10 CMakeFiles/LoRaSender.dir/C_/Users/henrik.pedersen/pico/pico-sdk/src/rp2_common/pico_double/double_aeabi.S.obj
                0x10003b1c                __wrap___aeabi_dcmpge
 .text.__wrap___aeabi_dcmpgt
                0x10003b2c        0xa CMakeFiles/LoRaSender.dir/C_/Users/henrik.pedersen/pico/pico-sdk/src/rp2_common/pico_double/double_aeabi.S.obj
                0x10003b2c                __wrap___aeabi_dcmpgt
 .text.__wrap___aeabi_dcmpun
                0x10003b36       0x1c CMakeFiles/LoRaSender.dir/C_/Users/henrik.pedersen/pico/pico-sdk/src/rp2_common/pico_double/double_aeabi.S.obj
                0x10003b36                __wrap___aeabi_dcmpun
 *fill*         0x10003b52        0x2 
 .text.__wrap___aeabi_i2d
                0x10003b54       0x38 CMakeFiles/LoRaSender.dir/C_/Users/henrik.pedersen/pico/pico-sdk/src/rp2_common/pico_double/double_aeabi.S.obj
                0x10003b54                __wrap___aeabi_ui2d
                0x10003b5c                __wrap___aeabi_i2d
 .text.__wrap___aeabi_d2iz
                0x10003b8c       0x48 CMakeFiles/LoRaSender.dir/C_/Users/henrik.pedersen/pico/pico-sdk/src/rp2_common/pico_double/double_aeabi.S.obj
                0x10003b8c                double2int_z
                0x10003b8c                __wrap___aeabi_d2iz
 .text.__wrap___aeabi_d2uiz
                0x10003bd4       0x18 CMakeFiles/LoRaSender.dir/C_/Users/henrik.pedersen/pico/pico-sdk/src/rp2_common/pico_double/double_aeabi.S.obj
                0x10003bd4                __wrap___aeabi_d2uiz
                0x10003bd4                double2uint
 .text.__aeabi_double_init
                0x10003bec       0x94 CMakeFiles/LoRaSender.dir/C_/Users/henrik.pedersen/pico/pico-sdk/src/rp2_common/pico_double/double_init_rom.c.obj
                0x10003bec                __aeabi_double_init
 .text.double_table_shim_on_use_helper
                0x10003c80       0x2c CMakeFiles/LoRaSender.dir/C_/Users/henrik.pedersen/pico/pico-sdk/src/rp2_common/pico_double/double_v1_rom_shim.S.obj
                0x10003c80                double_table_shim_on_use_helper
 .text.__wrap___aeabi_dsub
                0x10003cac       0x10 CMakeFiles/LoRaSender.dir/C_/Users/henrik.pedersen/pico/pico-sdk/src/rp2_common/pico_double/double_v1_rom_shim.S.obj
                0x10003cac                drsub_shim
                0x10003cb2                dsub_shim
 .text.dadd_shim
                0x10003cbc      0x15c CMakeFiles/LoRaSender.dir/C_/Users/henrik.pedersen/pico/pico-sdk/src/rp2_common/pico_double/double_v1_rom_shim.S.obj
                0x10003cbc                dadd_shim
 .text.dmul_shim
                0x10003e18      0x15c CMakeFiles/LoRaSender.dir/C_/Users/henrik.pedersen/pico/pico-sdk/src/rp2_common/pico_double/double_v1_rom_shim.S.obj
                0x10003e18                dmul_shim
 .text.ddiv_shim
                0x10003f74      0x1b0 CMakeFiles/LoRaSender.dir/C_/Users/henrik.pedersen/pico/pico-sdk/src/rp2_common/pico_double/double_v1_rom_shim.S.obj
                0x10003f74                ddiv_shim
 .text.double2uint_shim
                0x10004124        0xe CMakeFiles/LoRaSender.dir/C_/Users/henrik.pedersen/pico/pico-sdk/src/rp2_common/pico_double/double_v1_rom_shim.S.obj
                0x10004124                double2uint_shim
                0x10004126                double2ufix_shim
 *fill*         0x10004132        0x2 
 .text.double2uint64_shim
                0x10004134       0x70 CMakeFiles/LoRaSender.dir/C_/Users/henrik.pedersen/pico/pico-sdk/src/rp2_common/pico_double/double_v1_rom_shim.S.obj
                0x10004134                double2uint64_shim
                0x10004136                double2ufix64_shim
                0x10004156                d2fix_a
 .text.dunpacks
                0x100041a4       0x3c CMakeFiles/LoRaSender.dir/C_/Users/henrik.pedersen/pico/pico-sdk/src/rp2_common/pico_double/double_v1_rom_shim.S.obj
                0x100041a4                dunpacks
 .text.__aeabi_lmul
                0x100041e0       0x32 CMakeFiles/LoRaSender.dir/C_/Users/henrik.pedersen/pico/pico-sdk/src/rp2_common/pico_int64_ops/pico_int64_ops_aeabi.S.obj
                0x100041e0                __wrap___aeabi_lmul
 *fill*         0x10004212        0x2 
 .text.__aeabi_float_init
                0x10004214       0x64 CMakeFiles/LoRaSender.dir/C_/Users/henrik.pedersen/pico/pico-sdk/src/rp2_common/pico_float/float_init_rom.c.obj
                0x10004214                __aeabi_float_init
 .text.float_table_shim_on_use_helper
                0x10004278       0x2c CMakeFiles/LoRaSender.dir/C_/Users/henrik.pedersen/pico/pico-sdk/src/rp2_common/pico_float/float_v1_rom_shim.S.obj
                0x10004278                float_table_shim_on_use_helper
 .text          0x100042a4       0x10 CMakeFiles/LoRaSender.dir/C_/Users/henrik.pedersen/pico/pico-sdk/src/rp2_common/pico_mem_ops/mem_ops_aeabi.S.obj
                0x100042a4                __aeabi_mem_init
 .text.memset   0x100042b4        0xc CMakeFiles/LoRaSender.dir/C_/Users/henrik.pedersen/pico/pico-sdk/src/rp2_common/pico_mem_ops/mem_ops_aeabi.S.obj
                0x100042b4                __wrap_memset
 .text.memcpy   0x100042c0        0xc CMakeFiles/LoRaSender.dir/C_/Users/henrik.pedersen/pico/pico-sdk/src/rp2_common/pico_mem_ops/mem_ops_aeabi.S.obj
                0x100042c0                __wrap_memcpy
                0x100042c0                __wrap___aeabi_memcpy
 .text.stdio_out_chars_no_crlf
                0x100042cc       0x10 CMakeFiles/LoRaSender.dir/C_/Users/henrik.pedersen/pico/pico-sdk/src/rp2_common/pico_stdio/stdio.c.obj
 .text.stdio_out_chars_crlf
                0x100042dc       0xb4 CMakeFiles/LoRaSender.dir/C_/Users/henrik.pedersen/pico/pico-sdk/src/rp2_common/pico_stdio/stdio.c.obj
 .text.stdio_buffered_printer
                0x10004390       0x64 CMakeFiles/LoRaSender.dir/C_/Users/henrik.pedersen/pico/pico-sdk/src/rp2_common/pico_stdio/stdio.c.obj
 .text.stdio_put_string.isra.0
                0x100043f4       0xfc CMakeFiles/LoRaSender.dir/C_/Users/henrik.pedersen/pico/pico-sdk/src/rp2_common/pico_stdio/stdio.c.obj
 .text.__wrap_putchar
                0x100044f0       0xa0 CMakeFiles/LoRaSender.dir/C_/Users/henrik.pedersen/pico/pico-sdk/src/rp2_common/pico_stdio/stdio.c.obj
                0x100044f0                __wrap_putchar
 .text.__wrap_puts
                0x10004590       0x3c CMakeFiles/LoRaSender.dir/C_/Users/henrik.pedersen/pico/pico-sdk/src/rp2_common/pico_stdio/stdio.c.obj
                0x10004590                __wrap_puts
 .text.stdio_set_driver_enabled
                0x100045cc       0x30 CMakeFiles/LoRaSender.dir/C_/Users/henrik.pedersen/pico/pico-sdk/src/rp2_common/pico_stdio/stdio.c.obj
                0x100045cc                stdio_set_driver_enabled
 .text.__wrap_vprintf
                0x100045fc       0xd4 CMakeFiles/LoRaSender.dir/C_/Users/henrik.pedersen/pico/pico-sdk/src/rp2_common/pico_stdio/stdio.c.obj
                0x100045fc                __wrap_vprintf
 .text.__wrap_printf
                0x100046d0       0x18 CMakeFiles/LoRaSender.dir/C_/Users/henrik.pedersen/pico/pico-sdk/src/rp2_common/pico_stdio/stdio.c.obj
                0x100046d0                __wrap_printf
 .text.stdio_init_all
                0x100046e8        0x8 CMakeFiles/LoRaSender.dir/C_/Users/henrik.pedersen/pico/pico-sdk/src/rp2_common/pico_stdio/stdio.c.obj
                0x100046e8                stdio_init_all
 .text.resetd_init
                0x100046f0        0x4 CMakeFiles/LoRaSender.dir/C_/Users/henrik.pedersen/pico/pico-sdk/src/rp2_common/pico_stdio_usb/reset_interface.c.obj
 .text.resetd_reset
                0x100046f4        0xc CMakeFiles/LoRaSender.dir/C_/Users/henrik.pedersen/pico/pico-sdk/src/rp2_common/pico_stdio_usb/reset_interface.c.obj
 .text.resetd_open
                0x10004700       0x28 CMakeFiles/LoRaSender.dir/C_/Users/henrik.pedersen/pico/pico-sdk/src/rp2_common/pico_stdio_usb/reset_interface.c.obj
 .text.resetd_xfer_cb
                0x10004728        0x4 CMakeFiles/LoRaSender.dir/C_/Users/henrik.pedersen/pico/pico-sdk/src/rp2_common/pico_stdio_usb/reset_interface.c.obj
 .text.resetd_control_xfer_cb
                0x1000472c       0x64 CMakeFiles/LoRaSender.dir/C_/Users/henrik.pedersen/pico/pico-sdk/src/rp2_common/pico_stdio_usb/reset_interface.c.obj
 .text.usbd_app_driver_get_cb
                0x10004790        0xc CMakeFiles/LoRaSender.dir/C_/Users/henrik.pedersen/pico/pico-sdk/src/rp2_common/pico_stdio_usb/reset_interface.c.obj
                0x10004790                usbd_app_driver_get_cb
 .text.tud_cdc_line_coding_cb
                0x1000479c       0x34 CMakeFiles/LoRaSender.dir/C_/Users/henrik.pedersen/pico/pico-sdk/src/rp2_common/pico_stdio_usb/reset_interface.c.obj
                0x1000479c                tud_cdc_line_coding_cb
 .text.stdio_usb_in_chars
                0x100047d0       0x68 CMakeFiles/LoRaSender.dir/C_/Users/henrik.pedersen/pico/pico-sdk/src/rp2_common/pico_stdio_usb/stdio_usb.c.obj
                0x100047d0                stdio_usb_in_chars
 .text.stdio_usb_out_chars
                0x10004838       0xe8 CMakeFiles/LoRaSender.dir/C_/Users/henrik.pedersen/pico/pico-sdk/src/rp2_common/pico_stdio_usb/stdio_usb.c.obj
 .text.timer_task
                0x10004920       0x18 CMakeFiles/LoRaSender.dir/C_/Users/henrik.pedersen/pico/pico-sdk/src/rp2_common/pico_stdio_usb/stdio_usb.c.obj
 .text.usb_irq  0x10004938       0x10 CMakeFiles/LoRaSender.dir/C_/Users/henrik.pedersen/pico/pico-sdk/src/rp2_common/pico_stdio_usb/stdio_usb.c.obj
 .text.low_priority_worker_irq
                0x10004948       0x24 CMakeFiles/LoRaSender.dir/C_/Users/henrik.pedersen/pico/pico-sdk/src/rp2_common/pico_stdio_usb/stdio_usb.c.obj
 .text.stdio_usb_init
                0x1000496c       0xb0 CMakeFiles/LoRaSender.dir/C_/Users/henrik.pedersen/pico/pico-sdk/src/rp2_common/pico_stdio_usb/stdio_usb.c.obj
                0x1000496c                stdio_usb_init
 .text.stdio_usb_connected
                0x10004a1c        0xc CMakeFiles/LoRaSender.dir/C_/Users/henrik.pedersen/pico/pico-sdk/src/rp2_common/pico_stdio_usb/stdio_usb.c.obj
                0x10004a1c                stdio_usb_connected
 .text.tud_descriptor_device_cb
                0x10004a28        0x8 CMakeFiles/LoRaSender.dir/C_/Users/henrik.pedersen/pico/pico-sdk/src/rp2_common/pico_stdio_usb/stdio_usb_descriptors.c.obj
                0x10004a28                tud_descriptor_device_cb
 .text.tud_descriptor_configuration_cb
                0x10004a30        0x8 CMakeFiles/LoRaSender.dir/C_/Users/henrik.pedersen/pico/pico-sdk/src/rp2_common/pico_stdio_usb/stdio_usb_descriptors.c.obj
                0x10004a30                tud_descriptor_configuration_cb
 .text.tud_descriptor_string_cb
                0x10004a38       0x74 CMakeFiles/LoRaSender.dir/C_/Users/henrik.pedersen/pico/pico-sdk/src/rp2_common/pico_stdio_usb/stdio_usb_descriptors.c.obj
                0x10004a38                tud_descriptor_string_cb
 .text.dcd_rp2040_irq
                0x10004aac      0x1cc CMakeFiles/LoRaSender.dir/C_/Users/henrik.pedersen/pico/pico-sdk/lib/tinyusb/src/portable/raspberrypi/rp2040/dcd_rp2040.c.obj
 .text.dcd_int_enable
                0x10004c78        0xc CMakeFiles/LoRaSender.dir/C_/Users/henrik.pedersen/pico/pico-sdk/lib/tinyusb/src/portable/raspberrypi/rp2040/dcd_rp2040.c.obj
                0x10004c78                dcd_int_enable
 .text.dcd_set_address
                0x10004c84       0x14 CMakeFiles/LoRaSender.dir/C_/Users/henrik.pedersen/pico/pico-sdk/lib/tinyusb/src/portable/raspberrypi/rp2040/dcd_rp2040.c.obj
                0x10004c84                dcd_set_address
 .text.dcd_connect
                0x10004c98       0x10 CMakeFiles/LoRaSender.dir/C_/Users/henrik.pedersen/pico/pico-sdk/lib/tinyusb/src/portable/raspberrypi/rp2040/dcd_rp2040.c.obj
                0x10004c98                dcd_connect
 .text.dcd_init
                0x10004ca8       0xf0 CMakeFiles/LoRaSender.dir/C_/Users/henrik.pedersen/pico/pico-sdk/lib/tinyusb/src/portable/raspberrypi/rp2040/dcd_rp2040.c.obj
                0x10004ca8                dcd_init
 .text.dcd_edpt0_status_complete
                0x10004d98       0x1c CMakeFiles/LoRaSender.dir/C_/Users/henrik.pedersen/pico/pico-sdk/lib/tinyusb/src/portable/raspberrypi/rp2040/dcd_rp2040.c.obj
                0x10004d98                dcd_edpt0_status_complete
 .text.dcd_edpt_open
                0x10004db4       0xf0 CMakeFiles/LoRaSender.dir/C_/Users/henrik.pedersen/pico/pico-sdk/lib/tinyusb/src/portable/raspberrypi/rp2040/dcd_rp2040.c.obj
                0x10004db4                dcd_edpt_open
 .text.dcd_edpt_close_all
                0x10004ea4       0x68 CMakeFiles/LoRaSender.dir/C_/Users/henrik.pedersen/pico/pico-sdk/lib/tinyusb/src/portable/raspberrypi/rp2040/dcd_rp2040.c.obj
                0x10004ea4                dcd_edpt_close_all
 .text.dcd_edpt_xfer
                0x10004f0c       0x24 CMakeFiles/LoRaSender.dir/C_/Users/henrik.pedersen/pico/pico-sdk/lib/tinyusb/src/portable/raspberrypi/rp2040/dcd_rp2040.c.obj
                0x10004f0c                dcd_edpt_xfer
 .text.dcd_edpt_stall
                0x10004f30       0x38 CMakeFiles/LoRaSender.dir/C_/Users/henrik.pedersen/pico/pico-sdk/lib/tinyusb/src/portable/raspberrypi/rp2040/dcd_rp2040.c.obj
                0x10004f30                dcd_edpt_stall
 .text.dcd_edpt_clear_stall
                0x10004f68       0x30 CMakeFiles/LoRaSender.dir/C_/Users/henrik.pedersen/pico/pico-sdk/lib/tinyusb/src/portable/raspberrypi/rp2040/dcd_rp2040.c.obj
                0x10004f68                dcd_edpt_clear_stall
 .text._hw_endpoint_buffer_control_update32.part.0.isra.0
                0x10004f98       0x1c CMakeFiles/LoRaSender.dir/C_/Users/henrik.pedersen/pico/pico-sdk/lib/tinyusb/src/portable/raspberrypi/rp2040/rp2040_usb.c.obj
 .text.rp2040_usb_init
                0x10004fb4       0x4c CMakeFiles/LoRaSender.dir/C_/Users/henrik.pedersen/pico/pico-sdk/lib/tinyusb/src/portable/raspberrypi/rp2040/rp2040_usb.c.obj
                0x10004fb4                rp2040_usb_init
 .text.hw_endpoint_reset_transfer
                0x10005000        0xc CMakeFiles/LoRaSender.dir/C_/Users/henrik.pedersen/pico/pico-sdk/lib/tinyusb/src/portable/raspberrypi/rp2040/rp2040_usb.c.obj
                0x10005000                hw_endpoint_reset_transfer
 .text._hw_endpoint_buffer_control_update32
                0x1000500c       0x44 CMakeFiles/LoRaSender.dir/C_/Users/henrik.pedersen/pico/pico-sdk/lib/tinyusb/src/portable/raspberrypi/rp2040/rp2040_usb.c.obj
                0x1000500c                _hw_endpoint_buffer_control_update32
 .text.hw_endpoint_xfer_start
                0x10005050      0x134 CMakeFiles/LoRaSender.dir/C_/Users/henrik.pedersen/pico/pico-sdk/lib/tinyusb/src/portable/raspberrypi/rp2040/rp2040_usb.c.obj
                0x10005050                hw_endpoint_xfer_start
 .text.hw_endpoint_xfer_continue
                0x10005184      0x1dc CMakeFiles/LoRaSender.dir/C_/Users/henrik.pedersen/pico/pico-sdk/lib/tinyusb/src/portable/raspberrypi/rp2040/rp2040_usb.c.obj
                0x10005184                hw_endpoint_xfer_continue
 .text.tud_mounted
                0x10005360       0x10 CMakeFiles/LoRaSender.dir/C_/Users/henrik.pedersen/pico/pico-sdk/lib/tinyusb/src/device/usbd.c.obj
                0x10005360                tud_mounted
 .text.tud_suspended
                0x10005370       0x10 CMakeFiles/LoRaSender.dir/C_/Users/henrik.pedersen/pico/pico-sdk/lib/tinyusb/src/device/usbd.c.obj
                0x10005370                tud_suspended
 .text.tud_inited
                0x10005380        0xc CMakeFiles/LoRaSender.dir/C_/Users/henrik.pedersen/pico/pico-sdk/lib/tinyusb/src/device/usbd.c.obj
                0x10005380                tud_inited
 .text.tud_init
                0x1000538c       0xd8 CMakeFiles/LoRaSender.dir/C_/Users/henrik.pedersen/pico/pico-sdk/lib/tinyusb/src/device/usbd.c.obj
                0x1000538c                tud_init
 .text.tud_task
                0x10005464      0x93c CMakeFiles/LoRaSender.dir/C_/Users/henrik.pedersen/pico/pico-sdk/lib/tinyusb/src/device/usbd.c.obj
                0x10005464                tud_task
 .text.dcd_event_bus_signal
                0x10005da0      0x120 CMakeFiles/LoRaSender.dir/C_/Users/henrik.pedersen/pico/pico-sdk/lib/tinyusb/src/device/usbd.c.obj
                0x10005da0                dcd_event_bus_signal
 .text.dcd_event_bus_reset
                0x10005ec0       0x54 CMakeFiles/LoRaSender.dir/C_/Users/henrik.pedersen/pico/pico-sdk/lib/tinyusb/src/device/usbd.c.obj
                0x10005ec0                dcd_event_bus_reset
 .text.dcd_event_setup_received
                0x10005f14       0x50 CMakeFiles/LoRaSender.dir/C_/Users/henrik.pedersen/pico/pico-sdk/lib/tinyusb/src/device/usbd.c.obj
                0x10005f14                dcd_event_setup_received
 .text.dcd_event_xfer_complete
                0x10005f64       0x68 CMakeFiles/LoRaSender.dir/C_/Users/henrik.pedersen/pico/pico-sdk/lib/tinyusb/src/device/usbd.c.obj
                0x10005f64                dcd_event_xfer_complete
 .text.usbd_open_edpt_pair
                0x10005fcc       0x80 CMakeFiles/LoRaSender.dir/C_/Users/henrik.pedersen/pico/pico-sdk/lib/tinyusb/src/device/usbd.c.obj
                0x10005fcc                usbd_open_edpt_pair
 .text.usbd_edpt_open
                0x1000604c       0x30 CMakeFiles/LoRaSender.dir/C_/Users/henrik.pedersen/pico/pico-sdk/lib/tinyusb/src/device/usbd.c.obj
                0x1000604c                usbd_edpt_open
 .text.usbd_edpt_claim
                0x1000607c       0x64 CMakeFiles/LoRaSender.dir/C_/Users/henrik.pedersen/pico/pico-sdk/lib/tinyusb/src/device/usbd.c.obj
                0x1000607c                usbd_edpt_claim
 .text.usbd_edpt_release
                0x100060e0       0x4c CMakeFiles/LoRaSender.dir/C_/Users/henrik.pedersen/pico/pico-sdk/lib/tinyusb/src/device/usbd.c.obj
                0x100060e0                usbd_edpt_release
 .text.usbd_edpt_xfer
                0x1000612c       0x48 CMakeFiles/LoRaSender.dir/C_/Users/henrik.pedersen/pico/pico-sdk/lib/tinyusb/src/device/usbd.c.obj
                0x1000612c                usbd_edpt_xfer
 .text.tud_control_status
                0x10006174       0x2c CMakeFiles/LoRaSender.dir/C_/Users/henrik.pedersen/pico/pico-sdk/lib/tinyusb/src/device/usbd_control.c.obj
                0x10006174                tud_control_status
 .text.tud_control_xfer
                0x100061a0       0xac CMakeFiles/LoRaSender.dir/C_/Users/henrik.pedersen/pico/pico-sdk/lib/tinyusb/src/device/usbd_control.c.obj
                0x100061a0                tud_control_xfer
 .text.usbd_control_reset
                0x1000624c       0x14 CMakeFiles/LoRaSender.dir/C_/Users/henrik.pedersen/pico/pico-sdk/lib/tinyusb/src/device/usbd_control.c.obj
                0x1000624c                usbd_control_reset
 .text.usbd_control_set_complete_callback
                0x10006260        0xc CMakeFiles/LoRaSender.dir/C_/Users/henrik.pedersen/pico/pico-sdk/lib/tinyusb/src/device/usbd_control.c.obj
                0x10006260                usbd_control_set_complete_callback
 .text.usbd_control_set_request
                0x1000626c       0x1c CMakeFiles/LoRaSender.dir/C_/Users/henrik.pedersen/pico/pico-sdk/lib/tinyusb/src/device/usbd_control.c.obj
                0x1000626c                usbd_control_set_request
 .text.usbd_control_xfer_cb
                0x10006288       0xf4 CMakeFiles/LoRaSender.dir/C_/Users/henrik.pedersen/pico/pico-sdk/lib/tinyusb/src/device/usbd_control.c.obj
                0x10006288                usbd_control_xfer_cb
 .text.tud_cdc_n_connected
                0x1000637c       0x30 CMakeFiles/LoRaSender.dir/C_/Users/henrik.pedersen/pico/pico-sdk/lib/tinyusb/src/class/cdc/cdc_device.c.obj
                0x1000637c                tud_cdc_n_connected
 .text.tud_cdc_n_available
                0x100063ac       0x18 CMakeFiles/LoRaSender.dir/C_/Users/henrik.pedersen/pico/pico-sdk/lib/tinyusb/src/class/cdc/cdc_device.c.obj
                0x100063ac                tud_cdc_n_available
 .text.tud_cdc_n_read
                0x100063c4       0x70 CMakeFiles/LoRaSender.dir/C_/Users/henrik.pedersen/pico/pico-sdk/lib/tinyusb/src/class/cdc/cdc_device.c.obj
                0x100063c4                tud_cdc_n_read
 .text.tud_cdc_n_write_flush
                0x10006434       0x78 CMakeFiles/LoRaSender.dir/C_/Users/henrik.pedersen/pico/pico-sdk/lib/tinyusb/src/class/cdc/cdc_device.c.obj
                0x10006434                tud_cdc_n_write_flush
 .text.tud_cdc_n_write
                0x100064ac       0x34 CMakeFiles/LoRaSender.dir/C_/Users/henrik.pedersen/pico/pico-sdk/lib/tinyusb/src/class/cdc/cdc_device.c.obj
                0x100064ac                tud_cdc_n_write
 .text.tud_cdc_n_write_available
                0x100064e0       0x18 CMakeFiles/LoRaSender.dir/C_/Users/henrik.pedersen/pico/pico-sdk/lib/tinyusb/src/class/cdc/cdc_device.c.obj
                0x100064e0                tud_cdc_n_write_available
 .text.cdcd_init
                0x100064f8       0x7c CMakeFiles/LoRaSender.dir/C_/Users/henrik.pedersen/pico/pico-sdk/lib/tinyusb/src/class/cdc/cdc_device.c.obj
                0x100064f8                cdcd_init
 .text.cdcd_reset
                0x10006574       0x2c CMakeFiles/LoRaSender.dir/C_/Users/henrik.pedersen/pico/pico-sdk/lib/tinyusb/src/class/cdc/cdc_device.c.obj
                0x10006574                cdcd_reset
 .text.cdcd_open
                0x100065a0       0xe4 CMakeFiles/LoRaSender.dir/C_/Users/henrik.pedersen/pico/pico-sdk/lib/tinyusb/src/class/cdc/cdc_device.c.obj
                0x100065a0                cdcd_open
 .text.cdcd_control_xfer_cb
                0x10006684       0xe4 CMakeFiles/LoRaSender.dir/C_/Users/henrik.pedersen/pico/pico-sdk/lib/tinyusb/src/class/cdc/cdc_device.c.obj
                0x10006684                cdcd_control_xfer_cb
 .text.cdcd_xfer_cb
                0x10006768      0x148 CMakeFiles/LoRaSender.dir/C_/Users/henrik.pedersen/pico/pico-sdk/lib/tinyusb/src/class/cdc/cdc_device.c.obj
                0x10006768                cdcd_xfer_cb
 .text.tusb_init
                0x100068b0        0xc CMakeFiles/LoRaSender.dir/C_/Users/henrik.pedersen/pico/pico-sdk/lib/tinyusb/src/tusb.c.obj
                0x100068b0                tusb_init
 .text.tusb_inited
                0x100068bc        0x8 CMakeFiles/LoRaSender.dir/C_/Users/henrik.pedersen/pico/pico-sdk/lib/tinyusb/src/tusb.c.obj
                0x100068bc                tusb_inited
 .text.tu_edpt_validate
                0x100068c4       0x78 CMakeFiles/LoRaSender.dir/C_/Users/henrik.pedersen/pico/pico-sdk/lib/tinyusb/src/tusb.c.obj
                0x100068c4                tu_edpt_validate
 .text.tu_edpt_bind_driver
                0x1000693c       0x2c CMakeFiles/LoRaSender.dir/C_/Users/henrik.pedersen/pico/pico-sdk/lib/tinyusb/src/tusb.c.obj
                0x1000693c                tu_edpt_bind_driver
 .text.tu_fifo_config
                0x10006968       0x78 CMakeFiles/LoRaSender.dir/C_/Users/henrik.pedersen/pico/pico-sdk/lib/tinyusb/src/common/tusb_fifo.c.obj
                0x10006968                tu_fifo_config
 .text.tu_fifo_count
                0x100069e0       0x20 CMakeFiles/LoRaSender.dir/C_/Users/henrik.pedersen/pico/pico-sdk/lib/tinyusb/src/common/tusb_fifo.c.obj
                0x100069e0                tu_fifo_count
 .text.tu_fifo_empty
                0x10006a00       0x10 CMakeFiles/LoRaSender.dir/C_/Users/henrik.pedersen/pico/pico-sdk/lib/tinyusb/src/common/tusb_fifo.c.obj
                0x10006a00                tu_fifo_empty
 .text.tu_fifo_remaining
                0x10006a10       0x1c CMakeFiles/LoRaSender.dir/C_/Users/henrik.pedersen/pico/pico-sdk/lib/tinyusb/src/common/tusb_fifo.c.obj
                0x10006a10                tu_fifo_remaining
 .text.tu_fifo_read
                0x10006a2c       0x9c CMakeFiles/LoRaSender.dir/C_/Users/henrik.pedersen/pico/pico-sdk/lib/tinyusb/src/common/tusb_fifo.c.obj
                0x10006a2c                tu_fifo_read
 .text.tu_fifo_read_n
                0x10006ac8       0xfc CMakeFiles/LoRaSender.dir/C_/Users/henrik.pedersen/pico/pico-sdk/lib/tinyusb/src/common/tusb_fifo.c.obj
                0x10006ac8                tu_fifo_read_n
 .text.tu_fifo_write
                0x10006bc4       0x7c CMakeFiles/LoRaSender.dir/C_/Users/henrik.pedersen/pico/pico-sdk/lib/tinyusb/src/common/tusb_fifo.c.obj
                0x10006bc4                tu_fifo_write
 .text.tu_fifo_write_n
                0x10006c40      0x100 CMakeFiles/LoRaSender.dir/C_/Users/henrik.pedersen/pico/pico-sdk/lib/tinyusb/src/common/tusb_fifo.c.obj
                0x10006c40                tu_fifo_write_n
 .text.tu_fifo_clear
                0x10006d40       0x4c CMakeFiles/LoRaSender.dir/C_/Users/henrik.pedersen/pico/pico-sdk/lib/tinyusb/src/common/tusb_fifo.c.obj
                0x10006d40                tu_fifo_clear
 .text.tu_fifo_set_overwritable
                0x10006d8c       0x3c CMakeFiles/LoRaSender.dir/C_/Users/henrik.pedersen/pico/pico-sdk/lib/tinyusb/src/common/tusb_fifo.c.obj
                0x10006d8c                tu_fifo_set_overwritable
 .text.startup._retrieve_unique_id_on_boot
                0x10006dc8       0x10 CMakeFiles/LoRaSender.dir/C_/Users/henrik.pedersen/pico/pico-sdk/src/rp2_common/pico_unique_id/unique_id.c.obj
 .text.pico_get_unique_board_id_string
                0x10006dd8      0x1a8 CMakeFiles/LoRaSender.dir/C_/Users/henrik.pedersen/pico/pico-sdk/src/rp2_common/pico_unique_id/unique_id.c.obj
                0x10006dd8                pico_get_unique_board_id_string
 .text.flash_get_unique_id
                0x10006f80       0x40 CMakeFiles/LoRaSender.dir/C_/Users/henrik.pedersen/pico/pico-sdk/src/rp2_common/hardware_flash/flash.c.obj
                0x10006f80                flash_get_unique_id
 .text.spi_init
                0x10006fc0       0xf8 CMakeFiles/LoRaSender.dir/C_/Users/henrik.pedersen/pico/pico-sdk/src/rp2_common/hardware_spi/spi.c.obj
                0x10006fc0                spi_init
 .text._ZN5Print17availableForWriteEv
                0x100070b8        0x4 ..\..\src\libLoRa_pico_lib.a(LoRa-RP2040.cpp.obj)
                0x100070b8                _ZN5Print17availableForWriteEv
 .text._ZN9LoRaClass5flushEv
                0x100070bc        0x4 ..\..\src\libLoRa_pico_lib.a(LoRa-RP2040.cpp.obj)
                0x100070bc                _ZN9LoRaClass5flushEv
 .text._ZN9LoRaClass9availableEv
                0x100070c0       0x7c ..\..\src\libLoRa_pico_lib.a(LoRa-RP2040.cpp.obj)
                0x100070c0                _ZN9LoRaClass9availableEv
 .text._ZN9LoRaClass5writeEPKhj
                0x1000713c      0x104 ..\..\src\libLoRa_pico_lib.a(LoRa-RP2040.cpp.obj)
                0x1000713c                _ZN9LoRaClass5writeEPKhj
 .text._ZN9LoRaClass4readEv
                0x10007240       0xec ..\..\src\libLoRa_pico_lib.a(LoRa-RP2040.cpp.obj)
                0x10007240                _ZN9LoRaClass4readEv
 .text._ZN9LoRaClass5writeEh
                0x1000732c       0xf8 ..\..\src\libLoRa_pico_lib.a(LoRa-RP2040.cpp.obj)
                0x1000732c                _ZN9LoRaClass5writeEh
 .text._ZN9LoRaClass4peekEv
                0x10007424      0x158 ..\..\src\libLoRa_pico_lib.a(LoRa-RP2040.cpp.obj)
                0x10007424                _ZN9LoRaClass4peekEv
 .text._ZN9LoRaClass5beginEl
                0x1000757c      0x3ac ..\..\src\libLoRa_pico_lib.a(LoRa-RP2040.cpp.obj)
                0x1000757c                _ZN9LoRaClass5beginEl
 .text._ZN9LoRaClass11beginPacketEi
                0x10007928      0x23c ..\..\src\libLoRa_pico_lib.a(LoRa-RP2040.cpp.obj)
                0x10007928                _ZN9LoRaClass11beginPacketEi
 .text._ZN9LoRaClass9endPacketEb
                0x10007b64      0x190 ..\..\src\libLoRa_pico_lib.a(LoRa-RP2040.cpp.obj)
                0x10007b64                _ZN9LoRaClass9endPacketEb
 .text._ZN9LoRaClass7setPinsEiii
                0x10007cf4        0x8 ..\..\src\libLoRa_pico_lib.a(LoRa-RP2040.cpp.obj)
                0x10007cf4                _ZN9LoRaClass7setPinsEiii
 .text._ZN9LoRaClass15setRfSwitchPinsEhh
                0x10007cfc       0x64 ..\..\src\libLoRa_pico_lib.a(LoRa-RP2040.cpp.obj)
                0x10007cfc                _ZN9LoRaClass15setRfSwitchPinsEhh
 .text.startup._GLOBAL__sub_I__ZN9LoRaClassC2Ev
                0x10007d60       0x38 ..\..\src\libLoRa_pico_lib.a(LoRa-RP2040.cpp.obj)
 .text.abort    0x10007d98       0x10 c:/progra~2/armgnu~1/112202~1.02/bin/../lib/gcc/arm-none-eabi/11.2.1/thumb/v6-m/nofp\libc.a(lib_a-abort.o)
                0x10007d98                abort
 .text.raise    0x10007da8       0x60 c:/progra~2/armgnu~1/112202~1.02/bin/../lib/gcc/arm-none-eabi/11.2.1/thumb/v6-m/nofp\libc.a(lib_a-signal.o)
                0x10007da8                raise
 .text._kill_r  0x10007e08       0x28 c:/progra~2/armgnu~1/112202~1.02/bin/../lib/gcc/arm-none-eabi/11.2.1/thumb/v6-m/nofp\libc.a(lib_a-signalr.o)
                0x10007e08                _kill_r
 .text._getpid_r
                0x10007e30        0x8 c:/progra~2/armgnu~1/112202~1.02/bin/../lib/gcc/arm-none-eabi/11.2.1/thumb/v6-m/nofp\libc.a(lib_a-signalr.o)
                0x10007e30                _getpid_r
 .text.strlen   0x10007e38       0x5c c:/progra~2/armgnu~1/112202~1.02/bin/../lib/gcc/arm-none-eabi/11.2.1/thumb/v6-m/nofp\libc.a(lib_a-strlen-stub.o)
                0x10007e38                strlen
 .text._getpid  0x10007e94       0x10 c:/progra~2/armgnu~1/112202~1.02/bin/../lib/gcc/arm-none-eabi/11.2.1/thumb/v6-m/nofp\libnosys.a(getpid.o)
                0x10007e94                _getpid
 .text._kill    0x10007ea4       0x10 c:/progra~2/armgnu~1/112202~1.02/bin/../lib/gcc/arm-none-eabi/11.2.1/thumb/v6-m/nofp\libnosys.a(kill.o)
                0x10007ea4                _kill
 *(.fini)
 .fini          0x10007eb4        0x4 c:/progra~2/armgnu~1/112202~1.02/bin/../lib/gcc/arm-none-eabi/11.2.1/thumb/v6-m/nofp/crti.o
                0x10007eb4                _fini
 .fini.__stub   0x10007eb8       0x90 linker stubs
 *crtbegin.o(.ctors)
 *crtbegin?.o(.ctors)
 *(EXCLUDE_FILE(*crtend.o *crtend?.o) .ctors)
 *(SORT_BY_NAME(.ctors.*))
 *(.ctors)
 *crtbegin.o(.dtors)
 *crtbegin?.o(.dtors)
 *(EXCLUDE_FILE(*crtend.o *crtend?.o) .dtors)
 *(SORT_BY_NAME(.dtors.*))
 *(.dtors)
 *(.eh_frame*)
 .eh_frame      0x10007f48        0x0 c:/progra~2/armgnu~1/112202~1.02/bin/../lib/gcc/arm-none-eabi/11.2.1/thumb/v6-m/nofp/crtbegin.o
                0x10007f48                . = ALIGN (0x4)

.glue_7         0x10007f48        0x0
 .glue_7        0x10007f48        0x0 linker stubs

.glue_7t        0x10007f48        0x0
 .glue_7t       0x10007f48        0x0 linker stubs

.vfp11_veneer   0x10007f48        0x0
 .vfp11_veneer  0x10007f48        0x0 linker stubs

.v4_bx          0x10007f48        0x0
 .v4_bx         0x10007f48        0x0 linker stubs

.iplt           0x10007f48        0x0
 .iplt          0x10007f48        0x0 c:/progra~2/armgnu~1/112202~1.02/bin/../lib/gcc/arm-none-eabi/11.2.1/thumb/v6-m/nofp/crtbegin.o

.rodata         0x10007f48      0x554
 *(EXCLUDE_FILE(*libm.a: *libc.a:*lib_a-mem*.o *libgcc.a:) .rodata*)
 .rodata.main.str1.4
                0x10007f48       0x55 CMakeFiles/LoRaSender.dir/LoRaSender.cpp.obj
 *fill*         0x10007f9d        0x3 
 .rodata.spin_lock_claim_unused.str1.4
                0x10007fa0       0x1b CMakeFiles/LoRaSender.dir/C_/Users/henrik.pedersen/pico/pico-sdk/src/rp2_common/hardware_sync/sync.c.obj
 *fill*         0x10007fbb        0x1 
 .rodata.user_irq_claim_unused.str1.4
                0x10007fbc       0x1b CMakeFiles/LoRaSender.dir/C_/Users/henrik.pedersen/pico/pico-sdk/src/rp2_common/hardware_irq/irq.c.obj
 *fill*         0x10007fd7        0x1 
 .rodata.hardware_alarm_claim.str1.4
                0x10007fd8       0x22 CMakeFiles/LoRaSender.dir/C_/Users/henrik.pedersen/pico/pico-sdk/src/rp2_common/hardware_timer/timer.c.obj
 *fill*         0x10007ffa        0x2 
 .rodata.panic.str1.4
                0x10007ffc       0x12 CMakeFiles/LoRaSender.dir/C_/Users/henrik.pedersen/pico/pico-sdk/src/rp2_common/pico_runtime/runtime.c.obj
 *fill*         0x1000800e        0x2 
 .rodata.hard_assertion_failure.str1.4
                0x10008010        0xc CMakeFiles/LoRaSender.dir/C_/Users/henrik.pedersen/pico/pico-sdk/src/rp2_common/pico_runtime/runtime.c.obj
 .rodata._ftoa.str1.4
                0x1000801c       0x15 CMakeFiles/LoRaSender.dir/C_/Users/henrik.pedersen/pico/pico-sdk/src/rp2_common/pico_printf/printf.c.obj
 *fill*         0x10008031        0x3 
 .rodata._vsnprintf
                0x10008034      0x19c CMakeFiles/LoRaSender.dir/C_/Users/henrik.pedersen/pico/pico-sdk/src/rp2_common/pico_printf/printf.c.obj
 .rodata.pow10.0
                0x100081d0       0x50 CMakeFiles/LoRaSender.dir/C_/Users/henrik.pedersen/pico/pico-sdk/src/rp2_common/pico_printf/printf.c.obj
 .rodata.str1.4
                0x10008220       0x40 CMakeFiles/LoRaSender.dir/C_/Users/henrik.pedersen/pico/pico-sdk/src/rp2_common/pico_standard_link/binary_info.c.obj
 .rodata.__bi_44
                0x10008260        0xc CMakeFiles/LoRaSender.dir/C_/Users/henrik.pedersen/pico/pico-sdk/src/rp2_common/pico_standard_link/binary_info.c.obj
 .rodata.__bi_75
                0x1000826c        0xc CMakeFiles/LoRaSender.dir/C_/Users/henrik.pedersen/pico/pico-sdk/src/rp2_common/pico_standard_link/binary_info.c.obj
 .rodata.__bi_81
                0x10008278        0xc CMakeFiles/LoRaSender.dir/C_/Users/henrik.pedersen/pico/pico-sdk/src/rp2_common/pico_standard_link/binary_info.c.obj
 .rodata.crlf_str.0
                0x10008284        0x2 CMakeFiles/LoRaSender.dir/C_/Users/henrik.pedersen/pico/pico-sdk/src/rp2_common/pico_stdio/stdio.c.obj
 *fill*         0x10008286        0x2 
 .rodata._resetd_driver
                0x10008288       0x18 CMakeFiles/LoRaSender.dir/C_/Users/henrik.pedersen/pico/pico-sdk/src/rp2_common/pico_stdio_usb/reset_interface.c.obj
 .rodata.str1.4
                0x100082a0       0x13 CMakeFiles/LoRaSender.dir/C_/Users/henrik.pedersen/pico/pico-sdk/src/rp2_common/pico_stdio_usb/stdio_usb.c.obj
 *fill*         0x100082b3        0x1 
 .rodata.__bi_118.0
                0x100082b4        0xc CMakeFiles/LoRaSender.dir/C_/Users/henrik.pedersen/pico/pico-sdk/src/rp2_common/pico_stdio_usb/stdio_usb.c.obj
 .rodata.str1.4
                0x100082c0       0x2a CMakeFiles/LoRaSender.dir/C_/Users/henrik.pedersen/pico/pico-sdk/src/rp2_common/pico_stdio_usb/stdio_usb_descriptors.c.obj
 *fill*         0x100082ea        0x2 
 .rodata.usbd_desc_cfg
                0x100082ec       0x54 CMakeFiles/LoRaSender.dir/C_/Users/henrik.pedersen/pico/pico-sdk/src/rp2_common/pico_stdio_usb/stdio_usb_descriptors.c.obj
 .rodata.usbd_desc_device
                0x10008340       0x12 CMakeFiles/LoRaSender.dir/C_/Users/henrik.pedersen/pico/pico-sdk/src/rp2_common/pico_stdio_usb/stdio_usb_descriptors.c.obj
 *fill*         0x10008352        0x2 
 .rodata.usbd_desc_str
                0x10008354       0x18 CMakeFiles/LoRaSender.dir/C_/Users/henrik.pedersen/pico/pico-sdk/src/rp2_common/pico_stdio_usb/stdio_usb_descriptors.c.obj
 .rodata.dcd_rp2040_irq.str1.4
                0x1000836c       0x14 CMakeFiles/LoRaSender.dir/C_/Users/henrik.pedersen/pico/pico-sdk/lib/tinyusb/src/portable/raspberrypi/rp2040/dcd_rp2040.c.obj
 .rodata._hw_endpoint_buffer_control_update32.part.0.isra.0.str1.4
                0x10008380       0x1f CMakeFiles/LoRaSender.dir/C_/Users/henrik.pedersen/pico/pico-sdk/lib/tinyusb/src/portable/raspberrypi/rp2040/rp2040_usb.c.obj
 *fill*         0x1000839f        0x1 
 .rodata.hw_endpoint_xfer_continue.str1.4
                0x100083a0       0x29 CMakeFiles/LoRaSender.dir/C_/Users/henrik.pedersen/pico/pico-sdk/lib/tinyusb/src/portable/raspberrypi/rp2040/rp2040_usb.c.obj
 *fill*         0x100083c9        0x3 
 .rodata.str1.4
                0x100083cc        0x7 CMakeFiles/LoRaSender.dir/C_/Users/henrik.pedersen/pico/pico-sdk/lib/tinyusb/src/portable/raspberrypi/rp2040/rp2040_usb.c.obj
 *fill*         0x100083d3        0x1 
 .rodata.tud_task
                0x100083d4       0x8c CMakeFiles/LoRaSender.dir/C_/Users/henrik.pedersen/pico/pico-sdk/lib/tinyusb/src/device/usbd.c.obj
 .rodata._usbd_driver
                0x10008460       0x18 CMakeFiles/LoRaSender.dir/C_/Users/henrik.pedersen/pico/pico-sdk/lib/tinyusb/src/device/usbd.c.obj
 .rodata._ZTV9LoRaClass
                0x10008478       0x24 ..\..\src\libLoRa_pico_lib.a(LoRa-RP2040.cpp.obj)
                0x10008478                _ZTV9LoRaClass
                0x1000849c                . = ALIGN (0x4)
 *(SORT_BY_ALIGNMENT(SORT_BY_NAME(.flashdata*)))
                0x1000849c                . = ALIGN (0x4)

.ARM.extab      0x1000849c       0x9c
 *(.ARM.extab* .gnu.linkonce.armextab.*)
 .ARM.extab.text.startup.main
                0x1000849c        0xc CMakeFiles/LoRaSender.dir/LoRaSender.cpp.obj
 .ARM.extab.text._ZN5Print17availableForWriteEv
                0x100084a8        0x0 ..\..\src\libLoRa_pico_lib.a(LoRa-RP2040.cpp.obj)
 .ARM.extab.text._ZN9LoRaClass9availableEv
                0x100084a8        0xc ..\..\src\libLoRa_pico_lib.a(LoRa-RP2040.cpp.obj)
 .ARM.extab.text._ZN9LoRaClass5writeEPKhj
                0x100084b4        0xc ..\..\src\libLoRa_pico_lib.a(LoRa-RP2040.cpp.obj)
 .ARM.extab.text._ZN9LoRaClass4readEv
                0x100084c0        0xc ..\..\src\libLoRa_pico_lib.a(LoRa-RP2040.cpp.obj)
 .ARM.extab.text._ZN9LoRaClass5writeEh
                0x100084cc        0xc ..\..\src\libLoRa_pico_lib.a(LoRa-RP2040.cpp.obj)
 .ARM.extab.text._ZN9LoRaClass4peekEv
                0x100084d8        0xc ..\..\src\libLoRa_pico_lib.a(LoRa-RP2040.cpp.obj)
 .ARM.extab.text._ZN9LoRaClass5beginEl
                0x100084e4        0xc ..\..\src\libLoRa_pico_lib.a(LoRa-RP2040.cpp.obj)
 .ARM.extab.text._ZN9LoRaClass11beginPacketEi
                0x100084f0        0xc ..\..\src\libLoRa_pico_lib.a(LoRa-RP2040.cpp.obj)
 .ARM.extab.text._ZN9LoRaClass9endPacketEb
                0x100084fc        0xc ..\..\src\libLoRa_pico_lib.a(LoRa-RP2040.cpp.obj)
 .ARM.extab.text.unwind_phase2_forced
                0x10008508        0xc c:/progra~2/armgnu~1/112202~1.02/bin/../lib/gcc/arm-none-eabi/11.2.1/thumb/v6-m/nofp\libgcc.a(unwind-arm.o)
 .ARM.extab.text.__gnu_unwind_pr_common
                0x10008514        0xc c:/progra~2/armgnu~1/112202~1.02/bin/../lib/gcc/arm-none-eabi/11.2.1/thumb/v6-m/nofp\libgcc.a(unwind-arm.o)
 .ARM.extab.text._Unwind_VRS_Pop
                0x10008520        0xc c:/progra~2/armgnu~1/112202~1.02/bin/../lib/gcc/arm-none-eabi/11.2.1/thumb/v6-m/nofp\libgcc.a(unwind-arm.o)
 .ARM.extab.text.__gnu_unwind_execute
                0x1000852c        0xc c:/progra~2/armgnu~1/112202~1.02/bin/../lib/gcc/arm-none-eabi/11.2.1/thumb/v6-m/nofp\libgcc.a(pr-support.o)
                0x10008538                __exidx_start = .

.ARM.exidx      0x10008538       0xf0
 *(.ARM.exidx* .gnu.linkonce.armexidx.*)
 .ARM.exidx.text.startup.main
                0x10008538       0x10 CMakeFiles/LoRaSender.dir/LoRaSender.cpp.obj
                                  0x8 (size before relaxing)
 .ARM.exidx.text._ZN5Print17availableForWriteEv
                0x10008548        0x0 ..\..\src\libLoRa_pico_lib.a(LoRa-RP2040.cpp.obj)
                                  0x8 (size before relaxing)
 .ARM.exidx.text._ZN9LoRaClass5flushEv
                0x10008548        0x0 ..\..\src\libLoRa_pico_lib.a(LoRa-RP2040.cpp.obj)
                                  0x8 (size before relaxing)
 .ARM.exidx.text._ZN9LoRaClass9availableEv
                0x10008548        0x8 ..\..\src\libLoRa_pico_lib.a(LoRa-RP2040.cpp.obj)
 .ARM.exidx.text._ZN9LoRaClass5writeEPKhj
                0x10008550        0x8 ..\..\src\libLoRa_pico_lib.a(LoRa-RP2040.cpp.obj)
 .ARM.exidx.text._ZN9LoRaClass4readEv
                0x10008558        0x8 ..\..\src\libLoRa_pico_lib.a(LoRa-RP2040.cpp.obj)
 .ARM.exidx.text._ZN9LoRaClass5writeEh
                0x10008560        0x8 ..\..\src\libLoRa_pico_lib.a(LoRa-RP2040.cpp.obj)
 .ARM.exidx.text._ZN9LoRaClass4peekEv
                0x10008568        0x8 ..\..\src\libLoRa_pico_lib.a(LoRa-RP2040.cpp.obj)
 .ARM.exidx.text._ZN9LoRaClass5beginEl
                0x10008570        0x8 ..\..\src\libLoRa_pico_lib.a(LoRa-RP2040.cpp.obj)
 .ARM.exidx.text._ZN9LoRaClass11beginPacketEi
                0x10008578        0x8 ..\..\src\libLoRa_pico_lib.a(LoRa-RP2040.cpp.obj)
 .ARM.exidx.text._ZN9LoRaClass9endPacketEb
                0x10008580        0x8 ..\..\src\libLoRa_pico_lib.a(LoRa-RP2040.cpp.obj)
 .ARM.exidx.text._ZN9LoRaClass7setPinsEiii
                0x10008588        0x8 ..\..\src\libLoRa_pico_lib.a(LoRa-RP2040.cpp.obj)
 .ARM.exidx.text._ZN9LoRaClass15setRfSwitchPinsEhh
                0x10008590        0x8 ..\..\src\libLoRa_pico_lib.a(LoRa-RP2040.cpp.obj)
 .ARM.exidx.text.startup._GLOBAL__sub_I__ZN9LoRaClassC2Ev
                0x10008598        0x8 ..\..\src\libLoRa_pico_lib.a(LoRa-RP2040.cpp.obj)
 .ARM.exidx.text.selfrel_offset31
                0x100085a0        0x0 c:/progra~2/armgnu~1/112202~1.02/bin/../lib/gcc/arm-none-eabi/11.2.1/thumb/v6-m/nofp\libgcc.a(unwind-arm.o)
                                  0x8 (size before relaxing)
 .ARM.exidx.text.search_EIT_table
                0x100085a0        0x0 c:/progra~2/armgnu~1/112202~1.02/bin/../lib/gcc/arm-none-eabi/11.2.1/thumb/v6-m/nofp\libgcc.a(unwind-arm.o)
                                  0x8 (size before relaxing)
 .ARM.exidx.text.__gnu_unwind_get_pr_addr
                0x100085a0        0x0 c:/progra~2/armgnu~1/112202~1.02/bin/../lib/gcc/arm-none-eabi/11.2.1/thumb/v6-m/nofp\libgcc.a(unwind-arm.o)
                                  0x8 (size before relaxing)
 .ARM.exidx.text.get_eit_entry
                0x100085a0        0x8 c:/progra~2/armgnu~1/112202~1.02/bin/../lib/gcc/arm-none-eabi/11.2.1/thumb/v6-m/nofp\libgcc.a(unwind-arm.o)
 .ARM.exidx.text.restore_non_core_regs
                0x100085a8        0x8 c:/progra~2/armgnu~1/112202~1.02/bin/../lib/gcc/arm-none-eabi/11.2.1/thumb/v6-m/nofp\libgcc.a(unwind-arm.o)
 .ARM.exidx.text._Unwind_decode_typeinfo_ptr.constprop.0
                0x100085b0        0x8 c:/progra~2/armgnu~1/112202~1.02/bin/../lib/gcc/arm-none-eabi/11.2.1/thumb/v6-m/nofp\libgcc.a(unwind-arm.o)
 .ARM.exidx.text._Unwind_DebugHook
                0x100085b8        0x0 c:/progra~2/armgnu~1/112202~1.02/bin/../lib/gcc/arm-none-eabi/11.2.1/thumb/v6-m/nofp\libgcc.a(unwind-arm.o)
                                  0x8 (size before relaxing)
 .ARM.exidx.text.unwind_phase2
                0x100085b8        0x8 c:/progra~2/armgnu~1/112202~1.02/bin/../lib/gcc/arm-none-eabi/11.2.1/thumb/v6-m/nofp\libgcc.a(unwind-arm.o)
 .ARM.exidx.text.unwind_phase2_forced
                0x100085c0        0x8 c:/progra~2/armgnu~1/112202~1.02/bin/../lib/gcc/arm-none-eabi/11.2.1/thumb/v6-m/nofp\libgcc.a(unwind-arm.o)
 .ARM.exidx.text.__gnu_Unwind_RaiseException
                0x100085c8        0x8 c:/progra~2/armgnu~1/112202~1.02/bin/../lib/gcc/arm-none-eabi/11.2.1/thumb/v6-m/nofp\libgcc.a(unwind-arm.o)
 .ARM.exidx.text.__gnu_Unwind_ForcedUnwind
                0x100085d0        0x8 c:/progra~2/armgnu~1/112202~1.02/bin/../lib/gcc/arm-none-eabi/11.2.1/thumb/v6-m/nofp\libgcc.a(unwind-arm.o)
 .ARM.exidx.text.__gnu_Unwind_Resume
                0x100085d8        0x8 c:/progra~2/armgnu~1/112202~1.02/bin/../lib/gcc/arm-none-eabi/11.2.1/thumb/v6-m/nofp\libgcc.a(unwind-arm.o)
 .ARM.exidx.text.__gnu_Unwind_Resume_or_Rethrow
                0x100085e0        0x8 c:/progra~2/armgnu~1/112202~1.02/bin/../lib/gcc/arm-none-eabi/11.2.1/thumb/v6-m/nofp\libgcc.a(unwind-arm.o)
 .ARM.exidx.text._Unwind_VRS_Get
                0x100085e8        0x8 c:/progra~2/armgnu~1/112202~1.02/bin/../lib/gcc/arm-none-eabi/11.2.1/thumb/v6-m/nofp\libgcc.a(unwind-arm.o)
 .ARM.exidx.text._Unwind_GetGR
                0x100085f0        0x0 c:/progra~2/armgnu~1/112202~1.02/bin/../lib/gcc/arm-none-eabi/11.2.1/thumb/v6-m/nofp\libgcc.a(unwind-arm.o)
                                  0x8 (size before relaxing)
 .ARM.exidx.text._Unwind_VRS_Set
                0x100085f0        0x0 c:/progra~2/armgnu~1/112202~1.02/bin/../lib/gcc/arm-none-eabi/11.2.1/thumb/v6-m/nofp\libgcc.a(unwind-arm.o)
                                  0x8 (size before relaxing)
 .ARM.exidx.text._Unwind_SetGR
                0x100085f0        0x0 c:/progra~2/armgnu~1/112202~1.02/bin/../lib/gcc/arm-none-eabi/11.2.1/thumb/v6-m/nofp\libgcc.a(unwind-arm.o)
                                  0x8 (size before relaxing)
 .ARM.exidx.text.__gnu_Unwind_Backtrace
                0x100085f0        0x8 c:/progra~2/armgnu~1/112202~1.02/bin/../lib/gcc/arm-none-eabi/11.2.1/thumb/v6-m/nofp\libgcc.a(unwind-arm.o)
 .ARM.exidx.text.__gnu_unwind_pr_common
                0x100085f8        0x8 c:/progra~2/armgnu~1/112202~1.02/bin/../lib/gcc/arm-none-eabi/11.2.1/thumb/v6-m/nofp\libgcc.a(unwind-arm.o)
 .ARM.exidx.text.__aeabi_unwind_cpp_pr0
                0x10008600        0x8 c:/progra~2/armgnu~1/112202~1.02/bin/../lib/gcc/arm-none-eabi/11.2.1/thumb/v6-m/nofp\libgcc.a(unwind-arm.o)
 .ARM.exidx.text.__aeabi_unwind_cpp_pr1
                0x10008608        0x0 c:/progra~2/armgnu~1/112202~1.02/bin/../lib/gcc/arm-none-eabi/11.2.1/thumb/v6-m/nofp\libgcc.a(unwind-arm.o)
                                  0x8 (size before relaxing)
 .ARM.exidx.text.__aeabi_unwind_cpp_pr2
                0x10008608        0x0 c:/progra~2/armgnu~1/112202~1.02/bin/../lib/gcc/arm-none-eabi/11.2.1/thumb/v6-m/nofp\libgcc.a(unwind-arm.o)
                                  0x8 (size before relaxing)
 .ARM.exidx.text._Unwind_VRS_Pop
                0x10008608       0x10 c:/progra~2/armgnu~1/112202~1.02/bin/../lib/gcc/arm-none-eabi/11.2.1/thumb/v6-m/nofp\libgcc.a(unwind-arm.o)
                                  0x8 (size before relaxing)
 .ARM.exidx.text.next_unwind_byte
                0x10008618        0x0 c:/progra~2/armgnu~1/112202~1.02/bin/../lib/gcc/arm-none-eabi/11.2.1/thumb/v6-m/nofp\libgcc.a(pr-support.o)
                                  0x8 (size before relaxing)
 .ARM.exidx.text.__gnu_unwind_execute
                0x10008618       0x10 c:/progra~2/armgnu~1/112202~1.02/bin/../lib/gcc/arm-none-eabi/11.2.1/thumb/v6-m/nofp\libgcc.a(pr-support.o)
                                  0x8 (size before relaxing)
                0x10008628                __exidx_end = .

.rel.dyn        0x10008628        0x0
 .rel.iplt      0x10008628        0x0 c:/progra~2/armgnu~1/112202~1.02/bin/../lib/gcc/arm-none-eabi/11.2.1/thumb/v6-m/nofp/crtbegin.o
                0x10008628                . = ALIGN (0x4)
                0x10008628                __binary_info_start = .

.binary_info    0x10008628       0x20
 *(.binary_info.keep.*)
 .binary_info.keep.__bi_ptr22
                0x10008628        0x4 CMakeFiles/LoRaSender.dir/C_/Users/henrik.pedersen/pico/pico-sdk/src/rp2_common/pico_standard_link/binary_info.c.obj
 .binary_info.keep.__bi_ptr30
                0x1000862c        0x4 CMakeFiles/LoRaSender.dir/C_/Users/henrik.pedersen/pico/pico-sdk/src/rp2_common/pico_standard_link/binary_info.c.obj
 .binary_info.keep.__bi_ptr38
                0x10008630        0x4 CMakeFiles/LoRaSender.dir/C_/Users/henrik.pedersen/pico/pico-sdk/src/rp2_common/pico_standard_link/binary_info.c.obj
 .binary_info.keep.__bi_ptr44
                0x10008634        0x4 CMakeFiles/LoRaSender.dir/C_/Users/henrik.pedersen/pico/pico-sdk/src/rp2_common/pico_standard_link/binary_info.c.obj
 .binary_info.keep.__bi_ptr50
                0x10008638        0x4 CMakeFiles/LoRaSender.dir/C_/Users/henrik.pedersen/pico/pico-sdk/src/rp2_common/pico_standard_link/binary_info.c.obj
 .binary_info.keep.__bi_ptr75
                0x1000863c        0x4 CMakeFiles/LoRaSender.dir/C_/Users/henrik.pedersen/pico/pico-sdk/src/rp2_common/pico_standard_link/binary_info.c.obj
 .binary_info.keep.__bi_ptr81
                0x10008640        0x4 CMakeFiles/LoRaSender.dir/C_/Users/henrik.pedersen/pico/pico-sdk/src/rp2_common/pico_standard_link/binary_info.c.obj
 *(.binary_info.*)
 .binary_info.__bi_ptr118
                0x10008644        0x4 CMakeFiles/LoRaSender.dir/C_/Users/henrik.pedersen/pico/pico-sdk/src/rp2_common/pico_stdio_usb/stdio_usb.c.obj
                0x10008648                __binary_info_end = .
                0x10008648                . = ALIGN (0x4)
                0x10008648                __etext = .

.ram_vector_table
                0x20000000       0xc0
 *(.ram_vector_table)
 .ram_vector_table
                0x20000000       0xc0 CMakeFiles/LoRaSender.dir/C_/Users/henrik.pedersen/pico/pico-sdk/src/rp2_common/pico_runtime/runtime.c.obj
                0x20000000                ram_vector_table

.data           0x200000c0     0x1784 load address 0x10008648
                0x200000c0                __data_start__ = .
 *(vtable)
 *(.time_critical*)
 .time_critical.mutex_enter_blocking
                0x200000c0       0x48 CMakeFiles/LoRaSender.dir/C_/Users/henrik.pedersen/pico/pico-sdk/src/common/pico_sync/mutex.c.obj
                0x200000c0                mutex_enter_blocking
 .time_critical.mutex_try_enter
                0x20000108       0x44 CMakeFiles/LoRaSender.dir/C_/Users/henrik.pedersen/pico/pico-sdk/src/common/pico_sync/mutex.c.obj
                0x20000108                mutex_try_enter
 .time_critical.mutex_enter_timeout_ms
                0x2000014c       0xa0 CMakeFiles/LoRaSender.dir/C_/Users/henrik.pedersen/pico/pico-sdk/src/common/pico_sync/mutex.c.obj
                0x2000014c                mutex_enter_timeout_ms
 .time_critical.mutex_exit
                0x200001ec       0x28 CMakeFiles/LoRaSender.dir/C_/Users/henrik.pedersen/pico/pico-sdk/src/common/pico_sync/mutex.c.obj
                0x200001ec                mutex_exit
 .time_critical.flash_init_boot2_copyout
                0x20000214       0x30 CMakeFiles/LoRaSender.dir/C_/Users/henrik.pedersen/pico/pico-sdk/src/rp2_common/hardware_flash/flash.c.obj
 .time_critical.flash_enable_xip_via_boot2
                0x20000244       0x10 CMakeFiles/LoRaSender.dir/C_/Users/henrik.pedersen/pico/pico-sdk/src/rp2_common/hardware_flash/flash.c.obj
 .time_critical.flash_cs_force
                0x20000254       0x38 CMakeFiles/LoRaSender.dir/C_/Users/henrik.pedersen/pico/pico-sdk/src/rp2_common/hardware_flash/flash.c.obj
 .time_critical.flash_do_cmd
                0x2000028c       0xc4 CMakeFiles/LoRaSender.dir/C_/Users/henrik.pedersen/pico/pico-sdk/src/rp2_common/hardware_flash/flash.c.obj
                0x2000028c                flash_do_cmd
 .time_critical.spi_write_read_blocking
                0x20000350       0x74 CMakeFiles/LoRaSender.dir/C_/Users/henrik.pedersen/pico/pico-sdk/src/rp2_common/hardware_spi/spi.c.obj
                0x20000350                spi_write_read_blocking
 .time_critical.spi_write_blocking
                0x200003c4       0x4c CMakeFiles/LoRaSender.dir/C_/Users/henrik.pedersen/pico/pico-sdk/src/rp2_common/hardware_spi/spi.c.obj
                0x200003c4                spi_write_blocking
 *(.text*)
 .text          0x20000410        0x4 c:/progra~2/armgnu~1/112202~1.02/bin/../lib/gcc/arm-none-eabi/11.2.1/thumb/v6-m/nofp\libgcc.a(_dvmd_tls.o)
                0x20000410                __aeabi_idiv0
                0x20000410                __aeabi_ldiv0
 .text.selfrel_offset31
                0x20000414       0x18 c:/progra~2/armgnu~1/112202~1.02/bin/../lib/gcc/arm-none-eabi/11.2.1/thumb/v6-m/nofp\libgcc.a(unwind-arm.o)
 .text.search_EIT_table
                0x2000042c       0x70 c:/progra~2/armgnu~1/112202~1.02/bin/../lib/gcc/arm-none-eabi/11.2.1/thumb/v6-m/nofp\libgcc.a(unwind-arm.o)
 .text.__gnu_unwind_get_pr_addr
                0x2000049c       0x2c c:/progra~2/armgnu~1/112202~1.02/bin/../lib/gcc/arm-none-eabi/11.2.1/thumb/v6-m/nofp\libgcc.a(unwind-arm.o)
 .text.get_eit_entry
                0x200004c8       0x94 c:/progra~2/armgnu~1/112202~1.02/bin/../lib/gcc/arm-none-eabi/11.2.1/thumb/v6-m/nofp\libgcc.a(unwind-arm.o)
 .text.restore_non_core_regs
                0x2000055c       0x5c c:/progra~2/armgnu~1/112202~1.02/bin/../lib/gcc/arm-none-eabi/11.2.1/thumb/v6-m/nofp\libgcc.a(unwind-arm.o)
 .text._Unwind_decode_typeinfo_ptr.constprop.0
                0x200005b8        0xc c:/progra~2/armgnu~1/112202~1.02/bin/../lib/gcc/arm-none-eabi/11.2.1/thumb/v6-m/nofp\libgcc.a(unwind-arm.o)
 .text._Unwind_DebugHook
                0x200005c4        0x4 c:/progra~2/armgnu~1/112202~1.02/bin/../lib/gcc/arm-none-eabi/11.2.1/thumb/v6-m/nofp\libgcc.a(unwind-arm.o)
 .text.unwind_phase2
                0x200005c8       0x3c c:/progra~2/armgnu~1/112202~1.02/bin/../lib/gcc/arm-none-eabi/11.2.1/thumb/v6-m/nofp\libgcc.a(unwind-arm.o)
 .text.unwind_phase2_forced
                0x20000604       0xc8 c:/progra~2/armgnu~1/112202~1.02/bin/../lib/gcc/arm-none-eabi/11.2.1/thumb/v6-m/nofp\libgcc.a(unwind-arm.o)
 .text.__gnu_Unwind_RaiseException
                0x200006cc       0x50 c:/progra~2/armgnu~1/112202~1.02/bin/../lib/gcc/arm-none-eabi/11.2.1/thumb/v6-m/nofp\libgcc.a(unwind-arm.o)
                0x200006cc                __gnu_Unwind_RaiseException
 .text.__gnu_Unwind_ForcedUnwind
                0x2000071c       0x14 c:/progra~2/armgnu~1/112202~1.02/bin/../lib/gcc/arm-none-eabi/11.2.1/thumb/v6-m/nofp\libgcc.a(unwind-arm.o)
                0x2000071c                __gnu_Unwind_ForcedUnwind
 .text.__gnu_Unwind_Resume
                0x20000730       0x48 c:/progra~2/armgnu~1/112202~1.02/bin/../lib/gcc/arm-none-eabi/11.2.1/thumb/v6-m/nofp\libgcc.a(unwind-arm.o)
                0x20000730                __gnu_Unwind_Resume
 .text.__gnu_Unwind_Resume_or_Rethrow
                0x20000778       0x1c c:/progra~2/armgnu~1/112202~1.02/bin/../lib/gcc/arm-none-eabi/11.2.1/thumb/v6-m/nofp\libgcc.a(unwind-arm.o)
                0x20000778                __gnu_Unwind_Resume_or_Rethrow
 .text._Unwind_VRS_Get
                0x20000794       0x34 c:/progra~2/armgnu~1/112202~1.02/bin/../lib/gcc/arm-none-eabi/11.2.1/thumb/v6-m/nofp\libgcc.a(unwind-arm.o)
                0x20000794                _Unwind_VRS_Get
 .text._Unwind_GetGR
                0x200007c8       0x18 c:/progra~2/armgnu~1/112202~1.02/bin/../lib/gcc/arm-none-eabi/11.2.1/thumb/v6-m/nofp\libgcc.a(unwind-arm.o)
 .text._Unwind_VRS_Set
                0x200007e0       0x34 c:/progra~2/armgnu~1/112202~1.02/bin/../lib/gcc/arm-none-eabi/11.2.1/thumb/v6-m/nofp\libgcc.a(unwind-arm.o)
                0x200007e0                _Unwind_VRS_Set
 .text._Unwind_SetGR
                0x20000814       0x18 c:/progra~2/armgnu~1/112202~1.02/bin/../lib/gcc/arm-none-eabi/11.2.1/thumb/v6-m/nofp\libgcc.a(unwind-arm.o)
 .text.__gnu_Unwind_Backtrace
                0x2000082c       0x6c c:/progra~2/armgnu~1/112202~1.02/bin/../lib/gcc/arm-none-eabi/11.2.1/thumb/v6-m/nofp\libgcc.a(unwind-arm.o)
                0x2000082c                __gnu_Unwind_Backtrace
 .text.__gnu_unwind_pr_common
                0x20000898      0x2f0 c:/progra~2/armgnu~1/112202~1.02/bin/../lib/gcc/arm-none-eabi/11.2.1/thumb/v6-m/nofp\libgcc.a(unwind-arm.o)
 .text.__aeabi_unwind_cpp_pr0
                0x20000b88        0xc c:/progra~2/armgnu~1/112202~1.02/bin/../lib/gcc/arm-none-eabi/11.2.1/thumb/v6-m/nofp\libgcc.a(unwind-arm.o)
                0x20000b88                __aeabi_unwind_cpp_pr0
 .text.__aeabi_unwind_cpp_pr1
                0x20000b94        0xc c:/progra~2/armgnu~1/112202~1.02/bin/../lib/gcc/arm-none-eabi/11.2.1/thumb/v6-m/nofp\libgcc.a(unwind-arm.o)
                0x20000b94                __aeabi_unwind_cpp_pr1
 .text.__aeabi_unwind_cpp_pr2
                0x20000ba0        0xc c:/progra~2/armgnu~1/112202~1.02/bin/../lib/gcc/arm-none-eabi/11.2.1/thumb/v6-m/nofp\libgcc.a(unwind-arm.o)
                0x20000ba0                __aeabi_unwind_cpp_pr2
 .text._Unwind_VRS_Pop
                0x20000bac      0x2b4 c:/progra~2/armgnu~1/112202~1.02/bin/../lib/gcc/arm-none-eabi/11.2.1/thumb/v6-m/nofp\libgcc.a(unwind-arm.o)
                0x20000bac                _Unwind_VRS_Pop
 .text          0x20000e60      0x144 c:/progra~2/armgnu~1/112202~1.02/bin/../lib/gcc/arm-none-eabi/11.2.1/thumb/v6-m/nofp\libgcc.a(libunwind.o)
                0x20000e60                __restore_core_regs
                0x20000e60                restore_core_regs
                0x20000e8c                __gnu_Unwind_Restore_VFP
                0x20000e90                __gnu_Unwind_Save_VFP
                0x20000e94                __gnu_Unwind_Restore_VFP_D
                0x20000e98                __gnu_Unwind_Save_VFP_D
                0x20000e9c                __gnu_Unwind_Restore_VFP_D_16_to_31
                0x20000ea0                __gnu_Unwind_Save_VFP_D_16_to_31
                0x20000ea4                __gnu_Unwind_Restore_WMMXD
                0x20000ea8                __gnu_Unwind_Save_WMMXD
                0x20000eac                __gnu_Unwind_Restore_WMMXC
                0x20000eb0                __gnu_Unwind_Save_WMMXC
                0x20000eb4                ___Unwind_RaiseException
                0x20000eb4                _Unwind_RaiseException
                0x20000ee4                _Unwind_Resume
                0x20000ee4                ___Unwind_Resume
                0x20000f14                _Unwind_Resume_or_Rethrow
                0x20000f14                ___Unwind_Resume_or_Rethrow
                0x20000f44                _Unwind_ForcedUnwind
                0x20000f44                ___Unwind_ForcedUnwind
                0x20000f74                ___Unwind_Backtrace
                0x20000f74                _Unwind_Backtrace
 .text.next_unwind_byte
                0x20000fa4       0x34 c:/progra~2/armgnu~1/112202~1.02/bin/../lib/gcc/arm-none-eabi/11.2.1/thumb/v6-m/nofp\libgcc.a(pr-support.o)
 .text.__gnu_unwind_execute
                0x20000fd8      0x2f0 c:/progra~2/armgnu~1/112202~1.02/bin/../lib/gcc/arm-none-eabi/11.2.1/thumb/v6-m/nofp\libgcc.a(pr-support.o)
                0x20000fd8                __gnu_unwind_execute
 .text.__gnu_unwind_execute.__stub
                0x200012c8       0x50 linker stubs
                0x20001318                . = ALIGN (0x4)
 *(.rodata*)
                0x20001318                . = ALIGN (0x4)
 *(.data*)
 .data.striped_spin_lock_num
                0x20001318        0x1 CMakeFiles/LoRaSender.dir/C_/Users/henrik.pedersen/pico/pico-sdk/src/rp2_common/hardware_sync/sync.c.obj
 *fill*         0x20001319        0x3 
 .data          0x2000131c       0x48 CMakeFiles/LoRaSender.dir/C_/Users/henrik.pedersen/pico/pico-sdk/src/rp2_common/hardware_irq/irq_handler_chain.S.obj
                0x2000131c                irq_handler_chain_slots
                0x2000134c                irq_handler_chain_first_slot
                0x20001356                irq_handler_chain_remove_tail
 .data.default_alarm_pool
                0x20001364       0x18 CMakeFiles/LoRaSender.dir/C_/Users/henrik.pedersen/pico/pico-sdk/src/common/pico_time/time.c.obj
 .data.default_alarm_pool_heap
                0x2000137c       0x10 CMakeFiles/LoRaSender.dir/C_/Users/henrik.pedersen/pico/pico-sdk/src/common/pico_time/time.c.obj
 *fill*         0x2000138c        0x4 
 .data.aeabi_bits_funcs
                0x20001390       0x10 CMakeFiles/LoRaSender.dir/C_/Users/henrik.pedersen/pico/pico-sdk/src/rp2_common/pico_bit_ops/bit_ops_aeabi.S.obj
                0x20001390                aeabi_bits_funcs
                0x200013a0                aeabi_bits_funcs_end
 .data.aeabi_mem_funcs
                0x200013a0       0x10 CMakeFiles/LoRaSender.dir/C_/Users/henrik.pedersen/pico/pico-sdk/src/rp2_common/pico_mem_ops/mem_ops_aeabi.S.obj
                0x200013a0                aeabi_mem_funcs
                0x200013b0                aeabi_mem_funcs_end
 .data.stdio_usb
                0x200013b0       0x14 CMakeFiles/LoRaSender.dir/C_/Users/henrik.pedersen/pico/pico-sdk/src/rp2_common/pico_stdio_usb/stdio_usb.c.obj
                0x200013b0                stdio_usb
 .data.ep_dir_string
                0x200013c4        0x8 CMakeFiles/LoRaSender.dir/C_/Users/henrik.pedersen/pico/pico-sdk/lib/tinyusb/src/portable/raspberrypi/rp2040/rp2040_usb.c.obj
                0x200013c4                ep_dir_string
 .data._usbd_qdef
                0x200013cc       0x24 CMakeFiles/LoRaSender.dir/C_/Users/henrik.pedersen/pico/pico-sdk/lib/tinyusb/src/device/usbd.c.obj
                0x200013cc                _usbd_qdef
 .data._impure_ptr
                0x200013f0        0x4 c:/progra~2/armgnu~1/112202~1.02/bin/../lib/gcc/arm-none-eabi/11.2.1/thumb/v6-m/nofp\libc.a(lib_a-impure.o)
                0x200013f0                _impure_ptr
 *fill*         0x200013f4        0x4 
 .data.impure_data
                0x200013f8      0x428 c:/progra~2/armgnu~1/112202~1.02/bin/../lib/gcc/arm-none-eabi/11.2.1/thumb/v6-m/nofp\libc.a(lib_a-impure.o)
                0x20001820                . = ALIGN (0x4)
 *(.after_data.*)
                0x20001820                . = ALIGN (0x4)
                0x20001820                PROVIDE (__mutex_array_start = .)
 *(SORT_BY_NAME(.mutex_array.*))
 *(.mutex_array)
 .mutex_array   0x20001820        0x8 CMakeFiles/LoRaSender.dir/C_/Users/henrik.pedersen/pico/pico-sdk/src/rp2_common/pico_stdio/stdio.c.obj
                0x20001828                PROVIDE (__mutex_array_end = .)
                0x20001828                . = ALIGN (0x4)
                0x20001828                PROVIDE (__preinit_array_start = .)
 *(SORT_BY_NAME(.preinit_array.*))
 .preinit_array.00001
                0x20001828        0x4 CMakeFiles/LoRaSender.dir/C_/Users/henrik.pedersen/pico/pico-sdk/src/rp2_common/pico_mem_ops/mem_ops_aeabi.S.obj
 .preinit_array.00010
                0x2000182c        0x4 CMakeFiles/LoRaSender.dir/C_/Users/henrik.pedersen/pico/pico-sdk/src/rp2_common/pico_bit_ops/bit_ops_aeabi.S.obj
 .preinit_array.00020
                0x20001830        0x4 CMakeFiles/LoRaSender.dir/C_/Users/henrik.pedersen/pico/pico-sdk/src/rp2_common/pico_double/double_aeabi.S.obj
 .preinit_array.00020
                0x20001834        0x4 CMakeFiles/LoRaSender.dir/C_/Users/henrik.pedersen/pico/pico-sdk/src/rp2_common/pico_float/float_aeabi.S.obj
 *(.preinit_array)
                0x20001838                PROVIDE (__preinit_array_end = .)
                0x20001838                . = ALIGN (0x4)
                0x20001838                PROVIDE (__init_array_start = .)
 *(SORT_BY_NAME(.init_array.*))
 *(.init_array)
 .init_array    0x20001838        0x4 c:/progra~2/armgnu~1/112202~1.02/bin/../lib/gcc/arm-none-eabi/11.2.1/thumb/v6-m/nofp/crtbegin.o
 .init_array    0x2000183c        0x4 CMakeFiles/LoRaSender.dir/C_/Users/henrik.pedersen/pico/pico-sdk/src/rp2_common/pico_unique_id/unique_id.c.obj
 .init_array    0x20001840        0x4 ..\..\src\libLoRa_pico_lib.a(LoRa-RP2040.cpp.obj)
                0x20001844                PROVIDE (__init_array_end = .)
                0x20001844                . = ALIGN (0x4)
                [!provide]                PROVIDE (__fini_array_start = .)
 *(SORT_BY_NAME(.fini_array.*))
 *(.fini_array)
                [!provide]                PROVIDE (__fini_array_end = .)
 *(.jcr)
                0x20001844                . = ALIGN (0x4)
                0x20001844                __data_end__ = .

.tm_clone_table
                0x20001844        0x0 load address 0x10009dcc
 .tm_clone_table
                0x20001844        0x0 c:/progra~2/armgnu~1/112202~1.02/bin/../lib/gcc/arm-none-eabi/11.2.1/thumb/v6-m/nofp/crtbegin.o
 .tm_clone_table
                0x20001844        0x0 c:/progra~2/armgnu~1/112202~1.02/bin/../lib/gcc/arm-none-eabi/11.2.1/thumb/v6-m/nofp/crtend.o

.igot.plt       0x20001844        0x0 load address 0x10009dcc
 .igot.plt      0x20001844        0x0 c:/progra~2/armgnu~1/112202~1.02/bin/../lib/gcc/arm-none-eabi/11.2.1/thumb/v6-m/nofp/crtbegin.o

.uninitialized_data
                0x20001844        0x0 load address 0x10009dcc
                0x20001844                . = ALIGN (0x4)
 *(.uninitialized_data*)

.scratch_x      0x20040000        0x0 load address 0x10009dcc
                0x20040000                __scratch_x_start__ = .
 *(.scratch_x.*)
                0x20040000                . = ALIGN (0x4)
                0x20040000                __scratch_x_end__ = .
                0x10009dcc                __scratch_x_source__ = LOADADDR (.scratch_x)

.scratch_y      0x20041000        0x0 load address 0x10009dcc
                0x20041000                __scratch_y_start__ = .
 *(.scratch_y.*)
                0x20041000                . = ALIGN (0x4)
                0x20041000                __scratch_y_end__ = .
                0x10009dcc                __scratch_y_source__ = LOADADDR (.scratch_y)

.bss            0x20001848      0xdb8
                0x20001848                . = ALIGN (0x4)
                0x20001848                __bss_start__ = .
 *(SORT_BY_ALIGNMENT(SORT_BY_NAME(.bss*)))
 .bss.default_alarm_pool_entries
                0x20001848      0x100 CMakeFiles/LoRaSender.dir/C_/Users/henrik.pedersen/pico/pico-sdk/src/common/pico_time/time.c.obj
 .bss.last_avail_time.1
                0x20001948        0x8 CMakeFiles/LoRaSender.dir/C_/Users/henrik.pedersen/pico/pico-sdk/src/rp2_common/pico_stdio_usb/stdio_usb.c.obj
 .bss.sd_table  0x20001950      0x100 CMakeFiles/LoRaSender.dir/C_/Users/henrik.pedersen/pico/pico-sdk/src/rp2_common/pico_double/double_init_rom.c.obj
                0x20001950                sd_table
 .bss.sf_table  0x20001a50      0x100 CMakeFiles/LoRaSender.dir/C_/Users/henrik.pedersen/pico/pico-sdk/src/rp2_common/pico_float/float_init_rom.c.obj
                0x20001a50                sf_table
 .bss.LoRa      0x20001b50       0x30 ..\..\src\libLoRa_pico_lib.a(LoRa-RP2040.cpp.obj)
                0x20001b50                LoRa
 .bss._app_driver
                0x20001b80        0x4 CMakeFiles/LoRaSender.dir/C_/Users/henrik.pedersen/pico/pico-sdk/lib/tinyusb/src/device/usbd.c.obj
 .bss._cdcd_itf
                0x20001b84      0x2d8 CMakeFiles/LoRaSender.dir/C_/Users/henrik.pedersen/pico/pico-sdk/lib/tinyusb/src/class/cdc/cdc_device.c.obj
 .bss._ctrl_xfer
                0x20001e5c       0x14 CMakeFiles/LoRaSender.dir/C_/Users/henrik.pedersen/pico/pico-sdk/lib/tinyusb/src/device/usbd_control.c.obj
 .bss._ubsd_mutexdef
                0x20001e70        0x8 CMakeFiles/LoRaSender.dir/C_/Users/henrik.pedersen/pico/pico-sdk/lib/tinyusb/src/device/usbd.c.obj
 .bss._usbd_ctrl_buf
                0x20001e78       0x40 CMakeFiles/LoRaSender.dir/C_/Users/henrik.pedersen/pico/pico-sdk/lib/tinyusb/src/device/usbd_control.c.obj
 .bss._usbd_dev
                0x20001eb8       0x53 CMakeFiles/LoRaSender.dir/C_/Users/henrik.pedersen/pico/pico-sdk/lib/tinyusb/src/device/usbd.c.obj
 *fill*         0x20001f0b        0x1 
 .bss._usbd_mutex
                0x20001f0c        0x4 CMakeFiles/LoRaSender.dir/C_/Users/henrik.pedersen/pico/pico-sdk/lib/tinyusb/src/device/usbd.c.obj
 .bss._usbd_q   0x20001f10        0x4 CMakeFiles/LoRaSender.dir/C_/Users/henrik.pedersen/pico/pico-sdk/lib/tinyusb/src/device/usbd.c.obj
 .bss._usbd_qdef_buf
                0x20001f14       0xc0 CMakeFiles/LoRaSender.dir/C_/Users/henrik.pedersen/pico/pico-sdk/lib/tinyusb/src/device/usbd.c.obj
                0x20001f14                _usbd_qdef_buf
 .bss.alarm_callbacks
                0x20001fd4       0x10 CMakeFiles/LoRaSender.dir/C_/Users/henrik.pedersen/pico/pico-sdk/src/rp2_common/hardware_timer/timer.c.obj
 .bss.boot2_copyout
                0x20001fe4      0x100 CMakeFiles/LoRaSender.dir/C_/Users/henrik.pedersen/pico/pico-sdk/src/rp2_common/hardware_flash/flash.c.obj
 .bss.claimed   0x200020e4        0x4 CMakeFiles/LoRaSender.dir/C_/Users/henrik.pedersen/pico/pico-sdk/src/rp2_common/hardware_sync/sync.c.obj
 .bss.configured_freq
                0x200020e8       0x28 CMakeFiles/LoRaSender.dir/C_/Users/henrik.pedersen/pico/pico-sdk/src/rp2_common/hardware_clocks/clocks.c.obj
 .bss.default_alarm_pool_entry_ids_high
                0x20002110       0x10 CMakeFiles/LoRaSender.dir/C_/Users/henrik.pedersen/pico/pico-sdk/src/common/pico_time/time.c.obj
 .bss.default_alarm_pool_heap_nodes
                0x20002120       0x30 CMakeFiles/LoRaSender.dir/C_/Users/henrik.pedersen/pico/pico-sdk/src/common/pico_time/time.c.obj
 .bss.desc_str.0
                0x20002150       0x28 CMakeFiles/LoRaSender.dir/C_/Users/henrik.pedersen/pico/pico-sdk/src/rp2_common/pico_stdio_usb/stdio_usb_descriptors.c.obj
 .bss.drivers   0x20002178        0x4 CMakeFiles/LoRaSender.dir/C_/Users/henrik.pedersen/pico/pico-sdk/src/rp2_common/pico_stdio/stdio.c.obj
 .bss.errno     0x2000217c        0x4 c:/progra~2/armgnu~1/112202~1.02/bin/../lib/gcc/arm-none-eabi/11.2.1/thumb/v6-m/nofp\libc.a(lib_a-reent.o)
                0x2000217c                errno
 .bss.filter    0x20002180        0x4 CMakeFiles/LoRaSender.dir/C_/Users/henrik.pedersen/pico/pico-sdk/src/rp2_common/pico_stdio/stdio.c.obj
 .bss.hw_endpoints
                0x20002184      0x400 CMakeFiles/LoRaSender.dir/C_/Users/henrik.pedersen/pico/pico-sdk/lib/tinyusb/src/portable/raspberrypi/rp2040/dcd_rp2040.c.obj
 .bss.lazy_vsnprintf
                0x20002584        0x4 CMakeFiles/LoRaSender.dir/C_/Users/henrik.pedersen/pico/pico-sdk/src/rp2_common/pico_printf/printf.c.obj
 .bss.load_value
                0x20002588        0x4 CMakeFiles/LoRaSender.dir/C_/Users/henrik.pedersen/pico/pico-sdk/src/rp2_common/hardware_watchdog/watchdog.c.obj
 .bss.next_buffer_ptr
                0x2000258c        0x4 CMakeFiles/LoRaSender.dir/C_/Users/henrik.pedersen/pico/pico-sdk/lib/tinyusb/src/portable/raspberrypi/rp2040/dcd_rp2040.c.obj
 .bss.object.0  0x20002590       0x18 c:/progra~2/armgnu~1/112202~1.02/bin/../lib/gcc/arm-none-eabi/11.2.1/thumb/v6-m/nofp/crtbegin.o
 .bss.pools     0x200025a8       0x10 CMakeFiles/LoRaSender.dir/C_/Users/henrik.pedersen/pico/pico-sdk/src/common/pico_time/time.c.obj
 .bss.retrieved_id
                0x200025b8        0x8 CMakeFiles/LoRaSender.dir/C_/Users/henrik.pedersen/pico/pico-sdk/src/rp2_common/pico_unique_id/unique_id.c.obj
 .bss.sf_clz_func
                0x200025c0        0x4 CMakeFiles/LoRaSender.dir/C_/Users/henrik.pedersen/pico/pico-sdk/src/rp2_common/pico_double/double_init_rom.c.obj
                0x200025c0                sf_clz_func
 .bss.sleep_notifier
                0x200025c4        0x4 CMakeFiles/LoRaSender.dir/C_/Users/henrik.pedersen/pico/pico-sdk/src/common/pico_time/time.c.obj
 .bss.stdio_usb_mutex
                0x200025c8        0x8 CMakeFiles/LoRaSender.dir/C_/Users/henrik.pedersen/pico/pico-sdk/src/rp2_common/pico_stdio_usb/stdio_usb.c.obj
 .bss.target_hi
                0x200025d0       0x10 CMakeFiles/LoRaSender.dir/C_/Users/henrik.pedersen/pico/pico-sdk/src/rp2_common/hardware_timer/timer.c.obj
 .bss.usbd_serial_str
                0x200025e0       0x11 CMakeFiles/LoRaSender.dir/C_/Users/henrik.pedersen/pico/pico-sdk/src/rp2_common/pico_stdio_usb/stdio_usb_descriptors.c.obj
 *fill*         0x200025f1        0x3 
 .bss.user_irq_claimed
                0x200025f4        0x2 CMakeFiles/LoRaSender.dir/C_/Users/henrik.pedersen/pico/pico-sdk/src/rp2_common/hardware_irq/irq.c.obj
 .bss._app_driver_count
                0x200025f6        0x1 CMakeFiles/LoRaSender.dir/C_/Users/henrik.pedersen/pico/pico-sdk/lib/tinyusb/src/device/usbd.c.obj
 .bss._usbd_initialized