Archive member included to satisfy reference by file (symbol)

..\..\src\libLoRa_pico_lib.a(LoRa-RP2040.cpp.obj)
                              CMakeFiles/LoRaSenderNonBlocking.dir/LoRaSenderNonBlocking.cpp.obj (_ZN9LoRaClass5beginEl)
..\..\src\libLoRa_print.a(Print.cpp.obj)
                              CMakeFiles/LoRaSenderNonBlocking.dir/LoRaSenderNonBlocking.cpp.obj (_ZN5Print5printEPKc)
c:/progra~2/armgnu~1/112202~1.02/bin/../lib/gcc/arm-none-eabi/11.2.1/thumb/v6-m/nofp\libstdc++.a(class_type_info.o)
                              ..\..\src\libLoRa_print.a(Print.cpp.obj) (_ZTVN10__cxxabiv117__class_type_infoE)
c:/progra~2/armgnu~1/112202~1.02/bin/../lib/gcc/arm-none-eabi/11.2.1/thumb/v6-m/nofp\libstdc++.a(del_ops.o)
                              c:/progra~2/armgnu~1/112202~1.02/bin/../lib/gcc/arm-none-eabi/11.2.1/thumb/v6-m/nofp\libstdc++.a(class_type_info.o) (_ZdlPvj)
c:/progra~2/armgnu~1/112202~1.02/bin/../lib/gcc/arm-none-eabi/11.2.1/thumb/v6-m/nofp\libstdc++.a(si_class_type_info.o)
                              c:/progra~2/armgnu~1/112202~1.02/bin/../lib/gcc/arm-none-eabi/11.2.1/thumb/v6-m/nofp\libstdc++.a(class_type_info.o) (_ZTVN10__cxxabiv120__si_class_type_infoE)
c:/progra~2/armgnu~1/112202~1.02/bin/../lib/gcc/arm-none-eabi/11.2.1/thumb/v6-m/nofp\libstdc++.a(tinfo.o)
                              c:/progra~2/armgnu~1/112202~1.02/bin/../lib/gcc/arm-none-eabi/11.2.1/thumb/v6-m/nofp\libstdc++.a(class_type_info.o) (_ZNSt9type_infoD2Ev)
c:/progra~2/armgnu~1/112202~1.02/bin/../lib/gcc/arm-none-eabi/11.2.1/thumb/v6-m/nofp\libstdc++.a(del_op.o)
                              c:/progra~2/armgnu~1/112202~1.02/bin/../lib/gcc/arm-none-eabi/11.2.1/thumb/v6-m/nofp\libstdc++.a(del_ops.o) (_ZdlPv)
c:/progra~2/armgnu~1/112202~1.02/bin/../lib/gcc/arm-none-eabi/11.2.1/thumb/v6-m/nofp\libgcc.a(_dvmd_tls.o)
                              CMakeFiles/LoRaSenderNonBlocking.dir/C_/Users/henrik.pedersen/pico/pico-sdk/src/rp2_common/pico_divider/divider.S.obj (__aeabi_idiv0)
c:/progra~2/armgnu~1/112202~1.02/bin/../lib/gcc/arm-none-eabi/11.2.1/thumb/v6-m/nofp\libgcc.a(unwind-arm.o)
                              CMakeFiles/LoRaSenderNonBlocking.dir/LoRaSenderNonBlocking.cpp.obj (__aeabi_unwind_cpp_pr1)
c:/progra~2/armgnu~1/112202~1.02/bin/../lib/gcc/arm-none-eabi/11.2.1/thumb/v6-m/nofp\libgcc.a(libunwind.o)
                              c:/progra~2/armgnu~1/112202~1.02/bin/../lib/gcc/arm-none-eabi/11.2.1/thumb/v6-m/nofp\libgcc.a(unwind-arm.o) (restore_core_regs)
c:/progra~2/armgnu~1/112202~1.02/bin/../lib/gcc/arm-none-eabi/11.2.1/thumb/v6-m/nofp\libgcc.a(pr-support.o)
                              c:/progra~2/armgnu~1/112202~1.02/bin/../lib/gcc/arm-none-eabi/11.2.1/thumb/v6-m/nofp\libgcc.a(unwind-arm.o) (__gnu_unwind_execute)
c:/progra~2/armgnu~1/112202~1.02/bin/../lib/gcc/arm-none-eabi/11.2.1/thumb/v6-m/nofp\libc.a(lib_a-abort.o)
                              c:/progra~2/armgnu~1/112202~1.02/bin/../lib/gcc/arm-none-eabi/11.2.1/thumb/v6-m/nofp\libgcc.a(unwind-arm.o) (abort)
c:/progra~2/armgnu~1/112202~1.02/bin/../lib/gcc/arm-none-eabi/11.2.1/thumb/v6-m/nofp\libc.a(lib_a-calloc.o)
                              CMakeFiles/LoRaSenderNonBlocking.dir/C_/Users/henrik.pedersen/pico/pico-sdk/src/rp2_common/pico_malloc/pico_malloc.c.obj (calloc)
c:/progra~2/armgnu~1/112202~1.02/bin/../lib/gcc/arm-none-eabi/11.2.1/thumb/v6-m/nofp\libc.a(lib_a-callocr.o)
                              c:/progra~2/armgnu~1/112202~1.02/bin/../lib/gcc/arm-none-eabi/11.2.1/thumb/v6-m/nofp\libc.a(lib_a-calloc.o) (_calloc_r)
c:/progra~2/armgnu~1/112202~1.02/bin/../lib/gcc/arm-none-eabi/11.2.1/thumb/v6-m/nofp\libc.a(lib_a-errno.o)
                              c:/progra~2/armgnu~1/112202~1.02/bin/../lib/gcc/arm-none-eabi/11.2.1/thumb/v6-m/nofp\libc.a(lib_a-callocr.o) (__errno)
c:/progra~2/armgnu~1/112202~1.02/bin/../lib/gcc/arm-none-eabi/11.2.1/thumb/v6-m/nofp\libc.a(lib_a-impure.o)
                              c:/progra~2/armgnu~1/112202~1.02/bin/../lib/gcc/arm-none-eabi/11.2.1/thumb/v6-m/nofp\libc.a(lib_a-calloc.o) (_impure_ptr)
c:/progra~2/armgnu~1/112202~1.02/bin/../lib/gcc/arm-none-eabi/11.2.1/thumb/v6-m/nofp\libc.a(lib_a-init.o)
                              c:/progra~2/armgnu~1/112202~1.02/bin/../lib/gcc/arm-none-eabi/11.2.1/thumb/v6-m/nofp/crt0.o (__libc_init_array)
c:/progra~2/armgnu~1/112202~1.02/bin/../lib/gcc/arm-none-eabi/11.2.1/thumb/v6-m/nofp\libc.a(lib_a-malloc.o)
                              CMakeFiles/LoRaSenderNonBlocking.dir/C_/Users/henrik.pedersen/pico/pico-sdk/src/rp2_common/pico_malloc/pico_malloc.c.obj (malloc)
c:/progra~2/armgnu~1/112202~1.02/bin/../lib/gcc/arm-none-eabi/11.2.1/thumb/v6-m/nofp\libc.a(lib_a-mallocr.o)
                              c:/progra~2/armgnu~1/112202~1.02/bin/../lib/gcc/arm-none-eabi/11.2.1/thumb/v6-m/nofp\libc.a(lib_a-callocr.o) (_malloc_r)
c:/progra~2/armgnu~1/112202~1.02/bin/../lib/gcc/arm-none-eabi/11.2.1/thumb/v6-m/nofp\libc.a(lib_a-mlock.o)
[...]
Memory Configuration

Name             Origin             Length             Attributes
FLASH            0x10000000         0x00200000         xr
RAM              0x20000000         0x00040000         xrw
SCRATCH_X        0x20040000         0x00001000         xrw
SCRATCH_Y        0x20041000         0x00001000         xrw
*default*        0x00000000         0xffffffff

Linker script and memory map

LOAD c:/progra~2/armgnu~1/112202~1.02/bin/../lib/gcc/arm-none-eabi/11.2.1/thumb/v6-m/nofp/crti.o
LOAD c:/progra~2/armgnu~1/112202~1.02/bin/../lib/gcc/arm-none-eabi/11.2.1/thumb/v6-m/nofp/crtbegin.o
LOAD c:/progra~2/armgnu~1/112202~1.02/bin/../lib/gcc/arm-none-eabi/11.2.1/thumb/v6-m/nofp/crt0.o

.flash_begin    0x10000000        0x0
                0x10000000                __flash_binary_start = .

.boot2          0x10000000      0x100
                0x10000000                __boot2_start__ = .
 *(.boot2)
 .boot2         0x10000000      0x100 C:\Users\HENRIK~1.PED\AppData\Local\Temp\ccC5wkRP.o
                0x10000100                __boot2_end__ = .
                0x00000001                ASSERT (((__boot2_end__ - __boot2_start__) == 0x100), ERROR: Pico second stage bootloader must be 256 bytes in size)

.text           0x10000100     0x8890
                0x10000100                __logical_binary_start = .
 *(.vectors)
 .vectors       0x10000100       0xd4 CMakeFiles/LoRaSenderNonBlocking.dir/C_/Users/henrik.pedersen/pico/pico-sdk/src/rp2_common/pico_standard_link/crt0.S.obj
                0x10000100                __VECTOR_TABLE
                0x10000100                __vectors
                0x100001c0                isr_invalid
                0x100001c0                __default_isrs_start
                0x100001c2                isr_nmi
                0x100001c4                isr_hardfault
                0x100001c6                isr_svcall
                0x100001c8                isr_pendsv
                0x100001ca                isr_systick
                0x100001cc                isr_irq23
                0x100001cc                isr_irq18
                0x100001cc                isr_irq11
                0x100001cc                isr_irq28
                0x100001cc                isr_irq19
                0x100001cc                isr_irq0
                0x100001cc                isr_irq6
                0x100001cc                isr_irq5
                0x100001cc                isr_irq12
                0x100001cc                isr_irq22
                0x100001cc                isr_irq31
                0x100001cc                isr_irq17
                0x100001cc                isr_irq27
                0x100001cc                isr_irq30
                0x100001cc                isr_irq2
                0x100001cc                isr_irq10
                0x100001cc                isr_irq8
                0x100001cc                isr_irq24
                0x100001cc                isr_irq1
                0x100001cc                isr_irq7
                0x100001cc                isr_irq21
                0x100001cc                isr_irq20
                0x100001cc                isr_irq15
                0x100001cc                isr_irq25
                0x100001cc                isr_irq13
                0x100001cc                __unhandled_user_irq
                0x100001cc                isr_irq4
                0x100001cc                isr_irq16
                0x100001cc                isr_irq29
                0x100001cc                isr_irq26
                0x100001cc                __default_isrs_end
                0x100001cc                isr_irq3
                0x100001cc                isr_irq14
                0x100001cc                isr_irq9
                0x100001d2                unhandled_user_irq_num_in_r0
 *(.binary_info_header)
 .binary_info_header
                0x100001d4       0x14 CMakeFiles/LoRaSenderNonBlocking.dir/C_/Users/henrik.pedersen/pico/pico-sdk/src/rp2_common/pico_standard_link/crt0.S.obj
                0x100001e8                __binary_info_header_end = .
 *(.reset)
 .reset         0x100001e8       0xa8 CMakeFiles/LoRaSenderNonBlocking.dir/C_/Users/henrik.pedersen/pico/pico-sdk/src/rp2_common/pico_standard_link/crt0.S.obj
                0x100001e8                _entry_point
                0x10000266                __get_current_exception
 .reset         0x10000290       0x30 CMakeFiles/LoRaSenderNonBlocking.dir/C_/Users/henrik.pedersen/pico/pico-sdk/src/rp2_common/pico_standard_link/binary_info.c.obj
 *(.init)
 .init          0x100002c0        0x4 c:/progra~2/armgnu~1/112202~1.02/bin/../lib/gcc/arm-none-eabi/11.2.1/thumb/v6-m/nofp/crti.o
                0x100002c0                _init
 *(EXCLUDE_FILE(*libm.a: *libc.a:*lib_a-mem*.o *libgcc.a:) .text*)
 .text.register_tm_clones
                0x100002c4       0x28 c:/progra~2/armgnu~1/112202~1.02/bin/../lib/gcc/arm-none-eabi/11.2.1/thumb/v6-m/nofp/crtbegin.o
 .text.frame_dummy
                0x100002ec       0x24 c:/progra~2/armgnu~1/112202~1.02/bin/../lib/gcc/arm-none-eabi/11.2.1/thumb/v6-m/nofp/crtbegin.o
 .text.startup.main
                0x10000310       0xb8 CMakeFiles/LoRaSenderNonBlocking.dir/LoRaSenderNonBlocking.cpp.obj
                0x10000310                main
 .text.gpio_set_function
                0x100003c8       0x30 CMakeFiles/LoRaSenderNonBlocking.dir/C_/Users/henrik.pedersen/pico/pico-sdk/src/rp2_common/hardware_gpio/gpio.c.obj
                0x100003c8                gpio_set_function
 .text.gpio_init
                0x100003f8       0x3c CMakeFiles/LoRaSenderNonBlocking.dir/C_/Users/henrik.pedersen/pico/pico-sdk/src/rp2_common/hardware_gpio/gpio.c.obj
                0x100003f8                gpio_init
 .text.hw_claim_or_assert
                0x10000434       0x44 CMakeFiles/LoRaSenderNonBlocking.dir/C_/Users/henrik.pedersen/pico/pico-sdk/src/rp2_common/hardware_claim/claim.c.obj
                0x10000434                hw_claim_or_assert
 .text.hw_claim_unused_from_range
                0x10000478       0x9c CMakeFiles/LoRaSenderNonBlocking.dir/C_/Users/henrik.pedersen/pico/pico-sdk/src/rp2_common/hardware_claim/claim.c.obj
                0x10000478                hw_claim_unused_from_range
 .text.running_on_fpga
                0x10000514       0x10 CMakeFiles/LoRaSenderNonBlocking.dir/C_/Users/henrik.pedersen/pico/pico-sdk/src/rp2_common/pico_platform/platform.c.obj
                0x10000514                running_on_fpga
 .text.spin_locks_reset
                0x10000524       0x1c CMakeFiles/LoRaSenderNonBlocking.dir/C_/Users/henrik.pedersen/pico/pico-sdk/src/rp2_common/hardware_sync/sync.c.obj
                0x10000524                spin_locks_reset
 .text.next_striped_spin_lock_num
                0x10000540       0x18 CMakeFiles/LoRaSenderNonBlocking.dir/C_/Users/henrik.pedersen/pico/pico-sdk/src/rp2_common/hardware_sync/sync.c.obj
                0x10000540                next_striped_spin_lock_num
 .text.spin_lock_claim_unused
                0x10000558       0x24 CMakeFiles/LoRaSenderNonBlocking.dir/C_/Users/henrik.pedersen/pico/pico-sdk/src/rp2_common/hardware_sync/sync.c.obj
                0x10000558                spin_lock_claim_unused
 .text.irq_set_enabled
                0x1000057c       0x24 CMakeFiles/LoRaSenderNonBlocking.dir/C_/Users/henrik.pedersen/pico/pico-sdk/src/rp2_common/hardware_irq/irq.c.obj
                0x1000057c                irq_set_enabled
 .text.irq_set_pending
                0x100005a0       0x10 CMakeFiles/LoRaSenderNonBlocking.dir/C_/Users/henrik.pedersen/pico/pico-sdk/src/rp2_common/hardware_irq/irq.c.obj
                0x100005a0                irq_set_pending
 .text.irq_has_shared_handler
                0x100005b0       0x2c CMakeFiles/LoRaSenderNonBlocking.dir/C_/Users/henrik.pedersen/pico/pico-sdk/src/rp2_common/hardware_irq/irq.c.obj
                0x100005b0                irq_has_shared_handler
 .text.irq_get_vtable_handler
                0x100005dc       0x10 CMakeFiles/LoRaSenderNonBlocking.dir/C_/Users/henrik.pedersen/pico/pico-sdk/src/rp2_common/hardware_irq/irq.c.obj
                0x100005dc                irq_get_vtable_handler
 .text.irq_set_exclusive_handler
                0x100005ec       0x54 CMakeFiles/LoRaSenderNonBlocking.dir/C_/Users/henrik.pedersen/pico/pico-sdk/src/rp2_common/hardware_irq/irq.c.obj
                0x100005ec                irq_set_exclusive_handler
 .text.irq_add_shared_handler
                0x10000640      0x1e0 CMakeFiles/LoRaSenderNonBlocking.dir/C_/Users/henrik.pedersen/pico/pico-sdk/src/rp2_common/hardware_irq/irq.c.obj
                0x10000640                irq_add_shared_handler
 .text.irq_remove_handler
                0x10000820      0x1b4 CMakeFiles/LoRaSenderNonBlocking.dir/C_/Users/henrik.pedersen/pico/pico-sdk/src/rp2_common/hardware_irq/irq.c.obj
                0x10000820                irq_remove_handler
 .text.irq_add_tail_to_free_list
                0x100009d4       0xb4 CMakeFiles/LoRaSenderNonBlocking.dir/C_/Users/henrik.pedersen/pico/pico-sdk/src/rp2_common/hardware_irq/irq.c.obj
                0x100009d4                irq_add_tail_to_free_list
 .text.irq_init_priorities
                0x10000a88       0x24 CMakeFiles/LoRaSenderNonBlocking.dir/C_/Users/henrik.pedersen/pico/pico-sdk/src/rp2_common/hardware_irq/irq.c.obj
                0x10000a88                irq_init_priorities
 .text.user_irq_claim_unused
                0x10000aac       0x30 CMakeFiles/LoRaSenderNonBlocking.dir/C_/Users/henrik.pedersen/pico/pico-sdk/src/rp2_common/hardware_irq/irq.c.obj
                0x10000aac                user_irq_claim_unused
 .text.lock_init
                0x10000adc       0x10 CMakeFiles/LoRaSenderNonBlocking.dir/C_/Users/henrik.pedersen/pico/pico-sdk/src/common/pico_sync/lock_core.c.obj
                0x10000adc                lock_init
 .text.timer_pool_entry_comparator
                0x10000aec       0x34 CMakeFiles/LoRaSenderNonBlocking.dir/C_/Users/henrik.pedersen/pico/pico-sdk/src/common/pico_time/time.c.obj
                0x10000aec                timer_pool_entry_comparator
 .text.sleep_until_callback
                0x10000b20       0x30 CMakeFiles/LoRaSenderNonBlocking.dir/C_/Users/henrik.pedersen/pico/pico-sdk/src/common/pico_time/time.c.obj
 .text.add_alarm_under_lock.isra.0
                0x10000b50      0x104 CMakeFiles/LoRaSenderNonBlocking.dir/C_/Users/henrik.pedersen/pico/pico-sdk/src/common/pico_time/time.c.obj
 .text.alarm_pool_alarm_callback
                0x10000c54      0x1c8 CMakeFiles/LoRaSenderNonBlocking.dir/C_/Users/henrik.pedersen/pico/pico-sdk/src/common/pico_time/time.c.obj
 .text.alarm_pool_add_alarm_at.constprop.0
                0x10000e1c      0x11c CMakeFiles/LoRaSenderNonBlocking.dir/C_/Users/henrik.pedersen/pico/pico-sdk/src/common/pico_time/time.c.obj
 .text.alarm_pool_init_default
                0x10000f38       0x64 CMakeFiles/LoRaSenderNonBlocking.dir/C_/Users/henrik.pedersen/pico/pico-sdk/src/common/pico_time/time.c.obj
                0x10000f38                alarm_pool_init_default
 .text.alarm_pool_get_default
                0x10000f9c        0x8 CMakeFiles/LoRaSenderNonBlocking.dir/C_/Users/henrik.pedersen/pico/pico-sdk/src/common/pico_time/time.c.obj
                0x10000f9c                alarm_pool_get_default
 .text.alarm_pool_add_alarm_at
                0x10000fa4      0x1a0 CMakeFiles/LoRaSenderNonBlocking.dir/C_/Users/henrik.pedersen/pico/pico-sdk/src/common/pico_time/time.c.obj
                0x10000fa4                alarm_pool_add_alarm_at
 .text.sleep_until
                0x10001144       0xac CMakeFiles/LoRaSenderNonBlocking.dir/C_/Users/henrik.pedersen/pico/pico-sdk/src/common/pico_time/time.c.obj
                0x10001144                sleep_until
 .text.sleep_ms
                0x100011f0       0x38 CMakeFiles/LoRaSenderNonBlocking.dir/C_/Users/henrik.pedersen/pico/pico-sdk/src/common/pico_time/time.c.obj
                0x100011f0                sleep_ms
 .text.best_effort_wfe_or_timeout
                0x10001228       0xc0 CMakeFiles/LoRaSenderNonBlocking.dir/C_/Users/henrik.pedersen/pico/pico-sdk/src/common/pico_time/time.c.obj
                0x10001228                best_effort_wfe_or_timeout
 .text.hardware_alarm_irq_handler
                0x100012e8       0xb8 CMakeFiles/LoRaSenderNonBlocking.dir/C_/Users/henrik.pedersen/pico/pico-sdk/src/rp2_common/hardware_timer/timer.c.obj
 .text.hardware_alarm_claim
                0x100013a0       0x18 CMakeFiles/LoRaSenderNonBlocking.dir/C_/Users/henrik.pedersen/pico/pico-sdk/src/rp2_common/hardware_timer/timer.c.obj
                0x100013a0                hardware_alarm_claim
 .text.time_us_64
                0x100013b8       0x14 CMakeFiles/LoRaSenderNonBlocking.dir/C_/Users/henrik.pedersen/pico/pico-sdk/src/rp2_common/hardware_timer/timer.c.obj
                0x100013b8                time_us_64
 .text.busy_wait_until
                0x100013cc       0x20 CMakeFiles/LoRaSenderNonBlocking.dir/C_/Users/henrik.pedersen/pico/pico-sdk/src/rp2_common/hardware_timer/timer.c.obj
                0x100013cc                busy_wait_until
 .text.hardware_alarm_set_callback
                0x100013ec       0x8c CMakeFiles/LoRaSenderNonBlocking.dir/C_/Users/henrik.pedersen/pico/pico-sdk/src/rp2_common/hardware_timer/timer.c.obj
                0x100013ec                hardware_alarm_set_callback
 .text.hardware_alarm_set_target
                0x10001478       0xe0 CMakeFiles/LoRaSenderNonBlocking.dir/C_/Users/henrik.pedersen/pico/pico-sdk/src/rp2_common/hardware_timer/timer.c.obj
                0x10001478                hardware_alarm_set_target
 .text.hardware_alarm_cancel
                0x10001558       0x3c CMakeFiles/LoRaSenderNonBlocking.dir/C_/Users/henrik.pedersen/pico/pico-sdk/src/rp2_common/hardware_timer/timer.c.obj
                0x10001558                hardware_alarm_cancel
 .text.ph_merge_nodes
                0x10001594       0x68 CMakeFiles/LoRaSenderNonBlocking.dir/C_/Users/henrik.pedersen/pico/pico-sdk/src/common/pico_util/pheap.c.obj
 .text.ph_post_alloc_init
                0x100015fc       0x3c CMakeFiles/LoRaSenderNonBlocking.dir/C_/Users/henrik.pedersen/pico/pico-sdk/src/common/pico_util/pheap.c.obj
                0x100015fc                ph_post_alloc_init
 .text.ph_merge_two_pass
                0x10001638       0x9c CMakeFiles/LoRaSenderNonBlocking.dir/C_/Users/henrik.pedersen/pico/pico-sdk/src/common/pico_util/pheap.c.obj
                0x10001638                ph_merge_two_pass
 .text.ph_remove_any_head
                0x100016d4       0xf8 CMakeFiles/LoRaSenderNonBlocking.dir/C_/Users/henrik.pedersen/pico/pico-sdk/src/common/pico_util/pheap.c.obj
 .text.ph_remove_head
                0x100017cc       0xfc CMakeFiles/LoRaSenderNonBlocking.dir/C_/Users/henrik.pedersen/pico/pico-sdk/src/common/pico_util/pheap.c.obj
                0x100017cc                ph_remove_head
 .text.ph_remove_and_free_node
                0x100018c8       0x7c CMakeFiles/LoRaSenderNonBlocking.dir/C_/Users/henrik.pedersen/pico/pico-sdk/src/common/pico_util/pheap.c.obj
                0x100018c8                ph_remove_and_free_node
 .text.mutex_init
                0x10001944       0x1c CMakeFiles/LoRaSenderNonBlocking.dir/C_/Users/henrik.pedersen/pico/pico-sdk/src/common/pico_sync/mutex.c.obj
                0x10001944                mutex_init
 .text.recursive_mutex_init
                0x10001960       0x1c CMakeFiles/LoRaSenderNonBlocking.dir/C_/Users/henrik.pedersen/pico/pico-sdk/src/common/pico_sync/mutex.c.obj
                0x10001960                recursive_mutex_init
 .text.critical_section_init
                0x1000197c       0x20 CMakeFiles/LoRaSenderNonBlocking.dir/C_/Users/henrik.pedersen/pico/pico-sdk/src/common/pico_sync/critical_section.c.obj
                0x1000197c                critical_section_init
 .text.runtime_init
                0x1000199c       0xf0 CMakeFiles/LoRaSenderNonBlocking.dir/C_/Users/henrik.pedersen/pico/pico-sdk/src/rp2_common/pico_runtime/runtime.c.obj
                0x1000199c                runtime_init
 .text._exit    0x10001a8c        0x4 CMakeFiles/LoRaSenderNonBlocking.dir/C_/Users/henrik.pedersen/pico/pico-sdk/src/rp2_common/pico_runtime/runtime.c.obj
                0x10001a8c                _exit
 .text.exit     0x10001a90        0x4 CMakeFiles/LoRaSenderNonBlocking.dir/C_/Users/henrik.pedersen/pico/pico-sdk/src/rp2_common/pico_runtime/runtime.c.obj
                0x10001a90                exit
 .text.panic    0x10001a94       0x30 CMakeFiles/LoRaSenderNonBlocking.dir/C_/Users/henrik.pedersen/pico/pico-sdk/src/rp2_common/pico_runtime/runtime.c.obj
                0x10001a94                panic
 .text.hard_assertion_failure
                0x10001ac4        0xc CMakeFiles/LoRaSenderNonBlocking.dir/C_/Users/henrik.pedersen/pico/pico-sdk/src/rp2_common/pico_runtime/runtime.c.obj
                0x10001ac4                hard_assertion_failure
 .text.clocks_init
                0x10001ad0      0x2b0 CMakeFiles/LoRaSenderNonBlocking.dir/C_/Users/henrik.pedersen/pico/pico-sdk/src/rp2_common/hardware_clocks/clocks.c.obj
                0x10001ad0                clocks_init
 .text.clock_get_hz
                0x10001d80        0xc CMakeFiles/LoRaSenderNonBlocking.dir/C_/Users/henrik.pedersen/pico/pico-sdk/src/rp2_common/hardware_clocks/clocks.c.obj
                0x10001d80                clock_get_hz
 .text.pll_init
                0x10001d8c       0xa8 CMakeFiles/LoRaSenderNonBlocking.dir/C_/Users/henrik.pedersen/pico/pico-sdk/src/rp2_common/hardware_pll/pll.c.obj
                0x10001d8c                pll_init
 .text.watchdog_start_tick
                0x10001e34       0x10 CMakeFiles/LoRaSenderNonBlocking.dir/C_/Users/henrik.pedersen/pico/pico-sdk/src/rp2_common/hardware_watchdog/watchdog.c.obj
                0x10001e34                watchdog_start_tick
 .text.watchdog_reboot
                0x10001e44       0x9c CMakeFiles/LoRaSenderNonBlocking.dir/C_/Users/henrik.pedersen/pico/pico-sdk/src/rp2_common/hardware_watchdog/watchdog.c.obj
                0x10001e44                watchdog_reboot
 .text.xosc_init
                0x10001ee0       0x28 CMakeFiles/LoRaSenderNonBlocking.dir/C_/Users/henrik.pedersen/pico/pico-sdk/src/rp2_common/hardware_xosc/xosc.c.obj
                0x10001ee0                xosc_init
 .text._out_null
                0x10001f08        0x4 CMakeFiles/LoRaSenderNonBlocking.dir/C_/Users/henrik.pedersen/pico/pico-sdk/src/rp2_common/pico_printf/printf.c.obj
 .text._out_rev
                0x10001f0c       0x90 CMakeFiles/LoRaSenderNonBlocking.dir/C_/Users/henrik.pedersen/pico/pico-sdk/src/rp2_common/pico_printf/printf.c.obj
 .text._ntoa_format
                0x10001f9c      0x1cc CMakeFiles/LoRaSenderNonBlocking.dir/C_/Users/henrik.pedersen/pico/pico-sdk/src/rp2_common/pico_printf/printf.c.obj
 .text._out_char
                0x10002168       0x10 CMakeFiles/LoRaSenderNonBlocking.dir/C_/Users/henrik.pedersen/pico/pico-sdk/src/rp2_common/pico_printf/printf.c.obj
 .text._out_fct
                0x10002178       0x10 CMakeFiles/LoRaSenderNonBlocking.dir/C_/Users/henrik.pedersen/pico/pico-sdk/src/rp2_common/pico_printf/printf.c.obj
 .text._etoa    0x10002188      0x44c CMakeFiles/LoRaSenderNonBlocking.dir/C_/Users/henrik.pedersen/pico/pico-sdk/src/rp2_common/pico_printf/printf.c.obj
 .text._ftoa    0x100025d4      0x3d0 CMakeFiles/LoRaSenderNonBlocking.dir/C_/Users/henrik.pedersen/pico/pico-sdk/src/rp2_common/pico_printf/printf.c.obj
 .text._vsnprintf
                0x100029a4      0xabc CMakeFiles/LoRaSenderNonBlocking.dir/C_/Users/henrik.pedersen/pico/pico-sdk/src/rp2_common/pico_printf/printf.c.obj
 .text.vfctprintf
                0x10003460       0x20 CMakeFiles/LoRaSenderNonBlocking.dir/C_/Users/henrik.pedersen/pico/pico-sdk/src/rp2_common/pico_printf/printf.c.obj
                0x10003460                vfctprintf
 .text.weak_raw_vprintf
                0x10003480       0x30 CMakeFiles/LoRaSenderNonBlocking.dir/C_/Users/henrik.pedersen/pico/pico-sdk/src/rp2_common/pico_printf/printf.c.obj
                0x10003480                weak_raw_vprintf
 .text          0x100034b0       0x10 CMakeFiles/LoRaSenderNonBlocking.dir/C_/Users/henrik.pedersen/pico/pico-sdk/src/rp2_common/pico_bit_ops/bit_ops_aeabi.S.obj
 .text.rom_func_lookup
                0x100034c0       0x10 CMakeFiles/LoRaSenderNonBlocking.dir/C_/Users/henrik.pedersen/pico/pico-sdk/src/rp2_common/pico_bootrom/bootrom.c.obj
                0x100034c0                rom_func_lookup
 .text.rom_data_lookup
                0x100034d0       0x10 CMakeFiles/LoRaSenderNonBlocking.dir/C_/Users/henrik.pedersen/pico/pico-sdk/src/rp2_common/pico_bootrom/bootrom.c.obj
                0x100034d0                rom_data_lookup
 .text.rom_funcs_lookup
                0x100034e0       0x44 CMakeFiles/LoRaSenderNonBlocking.dir/C_/Users/henrik.pedersen/pico/pico-sdk/src/rp2_common/pico_bootrom/bootrom.c.obj
                0x100034e0                rom_funcs_lookup
 .text.__wrap___aeabi_idiv
                0x10003524       0x50 CMakeFiles/LoRaSenderNonBlocking.dir/C_/Users/henrik.pedersen/pico/pico-sdk/src/rp2_common/pico_divider/divider.S.obj
                0x10003524                __wrap___aeabi_idivmod
                0x10003524                divmod_s32s32
                0x10003524                div_s32s32
                0x10003524                __wrap___aeabi_idiv
                0x1000352c                divmod_s32s32_unsafe
                0x10003558                divmod_s32s32_savestate
 .text.__wrap___aeabi_uidiv
                0x10003574       0x4c CMakeFiles/LoRaSenderNonBlocking.dir/C_/Users/henrik.pedersen/pico/pico-sdk/src/rp2_common/pico_divider/divider.S.obj
                0x10003574                __wrap___aeabi_uidiv
                0x10003574                __wrap___aeabi_uidivmod
                0x10003574                div_u32u32
                0x10003574                divmod_u32u32
                0x1000357c                divmod_u32u32_unsafe
                0x100035a4                divmod_u32u32_savestate
 .text.__wrap___aeabi_ldiv
                0x100035c0      0x434 CMakeFiles/LoRaSenderNonBlocking.dir/C_/Users/henrik.pedersen/pico/pico-sdk/src/rp2_common/pico_divider/divider.S.obj
                0x100035c0                div_s64s64
                0x100035c0                divmod_s64s64
                0x100035c0                __wrap___aeabi_ldivmod
                0x100035f8                divmod_u64u64
                0x100035f8                div_u64u64
                0x100035f8                __wrap___aeabi_uldivmod
                0x10003608                divmod_u64u64_savestate
                0x10003630                divmod_s64s64_unsafe
                0x100036b8                divmod_u64u64_unsafe
 .text.__wrap___aeabi_darithmetic
                0x100039f4       0x80 CMakeFiles/LoRaSenderNonBlocking.dir/C_/Users/henrik.pedersen/pico/pico-sdk/src/rp2_common/pico_double/double_aeabi.S.obj
                0x100039f4                __wrap___aeabi_drsub
                0x100039fa                __wrap___aeabi_dsub
                0x10003a0c                __wrap___aeabi_dadd
                0x10003a1e                __wrap___aeabi_ddiv
                0x10003a5a                __wrap___aeabi_dmul
 .text.__wrap___aeabi_cdcmple
                0x10003a74       0x6c CMakeFiles/LoRaSenderNonBlocking.dir/C_/Users/henrik.pedersen/pico/pico-sdk/src/rp2_common/pico_double/double_aeabi.S.obj
                0x10003a74                __wrap___aeabi_cdrcmple
                0x10003a84                __wrap___aeabi_cdcmpeq
                0x10003a84                __wrap___aeabi_cdcmple
 .text.__wrap___aeabi_dcmplt
                0x10003ae0        0xc CMakeFiles/LoRaSenderNonBlocking.dir/C_/Users/henrik.pedersen/pico/pico-sdk/src/rp2_common/pico_double/double_aeabi.S.obj
                0x10003ae0                __wrap___aeabi_dcmplt
 .text.__wrap___aeabi_dcmple
                0x10003aec       0x10 CMakeFiles/LoRaSenderNonBlocking.dir/C_/Users/henrik.pedersen/pico/pico-sdk/src/rp2_common/pico_double/double_aeabi.S.obj
                0x10003aec                __wrap___aeabi_dcmple
 .text.__wrap___aeabi_dcmpge
                0x10003afc       0x10 CMakeFiles/LoRaSenderNonBlocking.dir/C_/Users/henrik.pedersen/pico/pico-sdk/src/rp2_common/pico_double/double_aeabi.S.obj
                0x10003afc                __wrap___aeabi_dcmpge
 .text.__wrap___aeabi_dcmpgt
                0x10003b0c        0xa CMakeFiles/LoRaSenderNonBlocking.dir/C_/Users/henrik.pedersen/pico/pico-sdk/src/rp2_common/pico_double/double_aeabi.S.obj
                0x10003b0c                __wrap___aeabi_dcmpgt
 .text.__wrap___aeabi_dcmpun
                0x10003b16       0x1c CMakeFiles/LoRaSenderNonBlocking.dir/C_/Users/henrik.pedersen/pico/pico-sdk/src/rp2_common/pico_double/double_aeabi.S.obj
                0x10003b16                __wrap___aeabi_dcmpun
 *fill*         0x10003b32        0x2 
 .text.__wrap___aeabi_i2d
                0x10003b34       0x38 CMakeFiles/LoRaSenderNonBlocking.dir/C_/Users/henrik.pedersen/pico/pico-sdk/src/rp2_common/pico_double/double_aeabi.S.obj
                0x10003b34                __wrap___aeabi_ui2d
                0x10003b3c                __wrap___aeabi_i2d
 .text.__wrap___aeabi_d2iz
                0x10003b6c       0x48 CMakeFiles/LoRaSenderNonBlocking.dir/C_/Users/henrik.pedersen/pico/pico-sdk/src/rp2_common/pico_double/double_aeabi.S.obj
                0x10003b6c                double2int_z
                0x10003b6c                __wrap___aeabi_d2iz
 .text.__wrap___aeabi_d2uiz
                0x10003bb4       0x18 CMakeFiles/LoRaSenderNonBlocking.dir/C_/Users/henrik.pedersen/pico/pico-sdk/src/rp2_common/pico_double/double_aeabi.S.obj
                0x10003bb4                __wrap___aeabi_d2uiz
                0x10003bb4                double2uint
 .text.__aeabi_double_init
                0x10003bcc       0x94 CMakeFiles/LoRaSenderNonBlocking.dir/C_/Users/henrik.pedersen/pico/pico-sdk/src/rp2_common/pico_double/double_init_rom.c.obj
                0x10003bcc                __aeabi_double_init
 .text.double_table_shim_on_use_helper
                0x10003c60       0x2c CMakeFiles/LoRaSenderNonBlocking.dir/C_/Users/henrik.pedersen/pico/pico-sdk/src/rp2_common/pico_double/double_v1_rom_shim.S.obj
                0x10003c60                double_table_shim_on_use_helper
 .text.__wrap___aeabi_dsub
                0x10003c8c       0x10 CMakeFiles/LoRaSenderNonBlocking.dir/C_/Users/henrik.pedersen/pico/pico-sdk/src/rp2_common/pico_double/double_v1_rom_shim.S.obj
                0x10003c8c                drsub_shim
                0x10003c92                dsub_shim
 .text.dadd_shim
                0x10003c9c      0x15c CMakeFiles/LoRaSenderNonBlocking.dir/C_/Users/henrik.pedersen/pico/pico-sdk/src/rp2_common/pico_double/double_v1_rom_shim.S.obj
                0x10003c9c                dadd_shim
 .text.dmul_shim
                0x10003df8      0x15c CMakeFiles/LoRaSenderNonBlocking.dir/C_/Users/henrik.pedersen/pico/pico-sdk/src/rp2_common/pico_double/double_v1_rom_shim.S.obj
                0x10003df8                dmul_shim
 .text.ddiv_shim
                0x10003f54      0x1b0 CMakeFiles/LoRaSenderNonBlocking.dir/C_/Users/henrik.pedersen/pico/pico-sdk/src/rp2_common/pico_double/double_v1_rom_shim.S.obj
                0x10003f54                ddiv_shim
 .text.double2uint_shim
                0x10004104        0xe CMakeFiles/LoRaSenderNonBlocking.dir/C_/Users/henrik.pedersen/pico/pico-sdk/src/rp2_common/pico_double/double_v1_rom_shim.S.obj
                0x10004104                double2uint_shim
                0x10004106                double2ufix_shim
 *fill*         0x10004112        0x2 
 .text.double2uint64_shim
                0x10004114       0x70 CMakeFiles/LoRaSenderNonBlocking.dir/C_/Users/henrik.pedersen/pico/pico-sdk/src/rp2_common/pico_double/double_v1_rom_shim.S.obj
                0x10004114                double2uint64_shim
                0x10004116                double2ufix64_shim
                0x10004136                d2fix_a
 .text.dunpacks
                0x10004184       0x3c CMakeFiles/LoRaSenderNonBlocking.dir/C_/Users/henrik.pedersen/pico/pico-sdk/src/rp2_common/pico_double/double_v1_rom_shim.S.obj
                0x10004184                dunpacks
 .text.__aeabi_lmul
                0x100041c0       0x32 CMakeFiles/LoRaSenderNonBlocking.dir/C_/Users/henrik.pedersen/pico/pico-sdk/src/rp2_common/pico_int64_ops/pico_int64_ops_aeabi.S.obj
                0x100041c0                __wrap___aeabi_lmul
 *fill*         0x100041f2        0x2 
 .text.__aeabi_float_init
                0x100041f4       0x64 CMakeFiles/LoRaSenderNonBlocking.dir/C_/Users/henrik.pedersen/pico/pico-sdk/src/rp2_common/pico_float/float_init_rom.c.obj
                0x100041f4                __aeabi_float_init
 .text.float_table_shim_on_use_helper
                0x10004258       0x2c CMakeFiles/LoRaSenderNonBlocking.dir/C_/Users/henrik.pedersen/pico/pico-sdk/src/rp2_common/pico_float/float_v1_rom_shim.S.obj
                0x10004258                float_table_shim_on_use_helper
 .text          0x10004284       0x10 CMakeFiles/LoRaSenderNonBlocking.dir/C_/Users/henrik.pedersen/pico/pico-sdk/src/rp2_common/pico_mem_ops/mem_ops_aeabi.S.obj
                0x10004284                __aeabi_mem_init
 .text.memset   0x10004294        0xc CMakeFiles/LoRaSenderNonBlocking.dir/C_/Users/henrik.pedersen/pico/pico-sdk/src/rp2_common/pico_mem_ops/mem_ops_aeabi.S.obj
                0x10004294                __wrap_memset
 .text.memcpy   0x100042a0        0xc CMakeFiles/LoRaSenderNonBlocking.dir/C_/Users/henrik.pedersen/pico/pico-sdk/src/rp2_common/pico_mem_ops/mem_ops_aeabi.S.obj
                0x100042a0                __wrap_memcpy
                0x100042a0                __wrap___aeabi_memcpy
 .text.stdio_out_chars_no_crlf
                0x100042ac       0x10 CMakeFiles/LoRaSenderNonBlocking.dir/C_/Users/henrik.pedersen/pico/pico-sdk/src/rp2_common/pico_stdio/stdio.c.obj
 .text.stdio_out_chars_crlf
                0x100042bc       0xb4 CMakeFiles/LoRaSenderNonBlocking.dir/C_/Users/henrik.pedersen/pico/pico-sdk/src/rp2_common/pico_stdio/stdio.c.obj
 .text.stdio_buffered_printer
                0x10004370       0x64 CMakeFiles/LoRaSenderNonBlocking.dir/C_/Users/henrik.pedersen/pico/pico-sdk/src/rp2_common/pico_stdio/stdio.c.obj
 .text.stdio_put_string.isra.0
                0x100043d4       0xfc CMakeFiles/LoRaSenderNonBlocking.dir/C_/Users/henrik.pedersen/pico/pico-sdk/src/rp2_common/pico_stdio/stdio.c.obj
 .text.__wrap_putchar
                0x100044d0       0xa0 CMakeFiles/LoRaSenderNonBlocking.dir/C_/Users/henrik.pedersen/pico/pico-sdk/src/rp2_common/pico_stdio/stdio.c.obj
                0x100044d0                __wrap_putchar
 .text.__wrap_puts
                0x10004570       0x3c CMakeFiles/LoRaSenderNonBlocking.dir/C_/Users/henrik.pedersen/pico/pico-sdk/src/rp2_common/pico_stdio/stdio.c.obj
                0x10004570                __wrap_puts
 .text.stdio_set_driver_enabled
                0x100045ac       0x30 CMakeFiles/LoRaSenderNonBlocking.dir/C_/Users/henrik.pedersen/pico/pico-sdk/src/rp2_common/pico_stdio/stdio.c.obj
                0x100045ac                stdio_set_driver_enabled
 .text.__wrap_vprintf
                0x100045dc       0xd4 CMakeFiles/LoRaSenderNonBlocking.dir/C_/Users/henrik.pedersen/pico/pico-sdk/src/rp2_common/pico_stdio/stdio.c.obj
                0x100045dc                __wrap_vprintf
 .text.__wrap_printf
                0x100046b0       0x18 CMakeFiles/LoRaSenderNonBlocking.dir/C_/Users/henrik.pedersen/pico/pico-sdk/src/rp2_common/pico_stdio/stdio.c.obj
                0x100046b0                __wrap_printf
 .text.stdio_init_all
                0x100046c8        0x8 CMakeFiles/LoRaSenderNonBlocking.dir/C_/Users/henrik.pedersen/pico/pico-sdk/src/rp2_common/pico_stdio/stdio.c.obj
                0x100046c8                stdio_init_all
 .text.resetd_init
                0x100046d0        0x4 CMakeFiles/LoRaSenderNonBlocking.dir/C_/Users/henrik.pedersen/pico/pico-sdk/src/rp2_common/pico_stdio_usb/reset_interface.c.obj
 .text.resetd_reset
                0x100046d4        0xc CMakeFiles/LoRaSenderNonBlocking.dir/C_/Users/henrik.pedersen/pico/pico-sdk/src/rp2_common/pico_stdio_usb/reset_interface.c.obj
 .text.resetd_open
                0x100046e0       0x28 CMakeFiles/LoRaSenderNonBlocking.dir/C_/Users/henrik.pedersen/pico/pico-sdk/src/rp2_common/pico_stdio_usb/reset_interface.c.obj
 .text.resetd_xfer_cb
                0x10004708        0x4 CMakeFiles/LoRaSenderNonBlocking.dir/C_/Users/henrik.pedersen/pico/pico-sdk/src/rp2_common/pico_stdio_usb/reset_interface.c.obj
 .text.resetd_control_xfer_cb
                0x1000470c       0x64 CMakeFiles/LoRaSenderNonBlocking.dir/C_/Users/henrik.pedersen/pico/pico-sdk/src/rp2_common/pico_stdio_usb/reset_interface.c.obj
 .text.usbd_app_driver_get_cb
                0x10004770        0xc CMakeFiles/LoRaSenderNonBlocking.dir/C_/Users/henrik.pedersen/pico/pico-sdk/src/rp2_common/pico_stdio_usb/reset_interface.c.obj
                0x10004770                usbd_app_driver_get_cb
 .text.tud_cdc_line_coding_cb
                0x1000477c       0x34 CMakeFiles/LoRaSenderNonBlocking.dir/C_/Users/henrik.pedersen/pico/pico-sdk/src/rp2_common/pico_stdio_usb/reset_interface.c.obj
                0x1000477c                tud_cdc_line_coding_cb
 .text.stdio_usb_in_chars
                0x100047b0       0x68 CMakeFiles/LoRaSenderNonBlocking.dir/C_/Users/henrik.pedersen/pico/pico-sdk/src/rp2_common/pico_stdio_usb/stdio_usb.c.obj
                0x100047b0                stdio_usb_in_chars
 .text.stdio_usb_out_chars
                0x10004818       0xe8 CMakeFiles/LoRaSenderNonBlocking.dir/C_/Users/henrik.pedersen/pico/pico-sdk/src/rp2_common/pico_stdio_usb/stdio_usb.c.obj
 .text.timer_task
                0x10004900       0x18 CMakeFiles/LoRaSenderNonBlocking.dir/C_/Users/henrik.pedersen/pico/pico-sdk/src/rp2_common/pico_stdio_usb/stdio_usb.c.obj
 .text.usb_irq  0x10004918       0x10 CMakeFiles/LoRaSenderNonBlocking.dir/C_/Users/henrik.pedersen/pico/pico-sdk/src/rp2_common/pico_stdio_usb/stdio_usb.c.obj
 .text.low_priority_worker_irq
                0x10004928       0x24 CMakeFiles/LoRaSenderNonBlocking.dir/C_/Users/henrik.pedersen/pico/pico-sdk/src/rp2_common/pico_stdio_usb/stdio_usb.c.obj
 .text.stdio_usb_init
                0x1000494c       0xb0 CMakeFiles/LoRaSenderNonBlocking.dir/C_/Users/henrik.pedersen/pico/pico-sdk/src/rp2_common/pico_stdio_usb/stdio_usb.c.obj
                0x1000494c                stdio_usb_init
 .text.tud_descriptor_device_cb
                0x100049fc        0x8 CMakeFiles/LoRaSenderNonBlocking.dir/C_/Users/henrik.pedersen/pico/pico-sdk/src/rp2_common/pico_stdio_usb/stdio_usb_descriptors.c.obj
                0x100049fc                tud_descriptor_device_cb
 .text.tud_descriptor_configuration_cb
                0x10004a04        0x8 CMakeFiles/LoRaSenderNonBlocking.dir/C_/Users/henrik.pedersen/pico/pico-sdk/src/rp2_common/pico_stdio_usb/stdio_usb_descriptors.c.obj
                0x10004a04                tud_descriptor_configuration_cb
 .text.tud_descriptor_string_cb
                0x10004a0c       0x74 CMakeFiles/LoRaSenderNonBlocking.dir/C_/Users/henrik.pedersen/pico/pico-sdk/src/rp2_common/pico_stdio_usb/stdio_usb_descriptors.c.obj
                0x10004a0c                tud_descriptor_string_cb
 .text.dcd_rp2040_irq
                0x10004a80      0x1cc CMakeFiles/LoRaSenderNonBlocking.dir/C_/Users/henrik.pedersen/pico/pico-sdk/lib/tinyusb/src/portable/raspberrypi/rp2040/dcd_rp2040.c.obj
 .text.dcd_int_enable
                0x10004c4c        0xc CMakeFiles/LoRaSenderNonBlocking.dir/C_/Users/henrik.pedersen/pico/pico-sdk/lib/tinyusb/src/portable/raspberrypi/rp2040/dcd_rp2040.c.obj
                0x10004c4c                dcd_int_enable
 .text.dcd_set_address
                0x10004c58       0x14 CMakeFiles/LoRaSenderNonBlocking.dir/C_/Users/henrik.pedersen/pico/pico-sdk/lib/tinyusb/src/portable/raspberrypi/rp2040/dcd_rp2040.c.obj
                0x10004c58                dcd_set_address
 .text.dcd_connect
                0x10004c6c       0x10 CMakeFiles/LoRaSenderNonBlocking.dir/C_/Users/henrik.pedersen/pico/pico-sdk/lib/tinyusb/src/portable/raspberrypi/rp2040/dcd_rp2040.c.obj
                0x10004c6c                dcd_connect
 .text.dcd_init
                0x10004c7c       0xf0 CMakeFiles/LoRaSenderNonBlocking.dir/C_/Users/henrik.pedersen/pico/pico-sdk/lib/tinyusb/src/portable/raspberrypi/rp2040/dcd_rp2040.c.obj
                0x10004c7c                dcd_init
 .text.dcd_edpt0_status_complete
                0x10004d6c       0x1c CMakeFiles/LoRaSenderNonBlocking.dir/C_/Users/henrik.pedersen/pico/pico-sdk/lib/tinyusb/src/portable/raspberrypi/rp2040/dcd_rp2040.c.obj
                0x10004d6c                dcd_edpt0_status_complete
 .text.dcd_edpt_open
                0x10004d88       0xf0 CMakeFiles/LoRaSenderNonBlocking.dir/C_/Users/henrik.pedersen/pico/pico-sdk/lib/tinyusb/src/portable/raspberrypi/rp2040/dcd_rp2040.c.obj
                0x10004d88                dcd_edpt_open
 .text.dcd_edpt_close_all
                0x10004e78       0x68 CMakeFiles/LoRaSenderNonBlocking.dir/C_/Users/henrik.pedersen/pico/pico-sdk/lib/tinyusb/src/portable/raspberrypi/rp2040/dcd_rp2040.c.obj
                0x10004e78                dcd_edpt_close_all
 .text.dcd_edpt_xfer
                0x10004ee0       0x24 CMakeFiles/LoRaSenderNonBlocking.dir/C_/Users/henrik.pedersen/pico/pico-sdk/lib/tinyusb/src/portable/raspberrypi/rp2040/dcd_rp2040.c.obj
                0x10004ee0                dcd_edpt_xfer
 .text.dcd_edpt_stall
                0x10004f04       0x38 CMakeFiles/LoRaSenderNonBlocking.dir/C_/Users/henrik.pedersen/pico/pico-sdk/lib/tinyusb/src/portable/raspberrypi/rp2040/dcd_rp2040.c.obj
                0x10004f04                dcd_edpt_stall
 .text.dcd_edpt_clear_stall
                0x10004f3c       0x30 CMakeFiles/LoRaSenderNonBlocking.dir/C_/Users/henrik.pedersen/pico/pico-sdk/lib/tinyusb/src/portable/raspberrypi/rp2040/dcd_rp2040.c.obj
                0x10004f3c                dcd_edpt_clear_stall
 .text._hw_endpoint_buffer_control_update32.part.0.isra.0
                0x10004f6c       0x1c CMakeFiles/LoRaSenderNonBlocking.dir/C_/Users/henrik.pedersen/pico/pico-sdk/lib/tinyusb/src/portable/raspberrypi/rp2040/rp2040_usb.c.obj
 .text.rp2040_usb_init
                0x10004f88       0x4c CMakeFiles/LoRaSenderNonBlocking.dir/C_/Users/henrik.pedersen/pico/pico-sdk/lib/tinyusb/src/portable/raspberrypi/rp2040/rp2040_usb.c.obj
                0x10004f88                rp2040_usb_init
 .text.hw_endpoint_reset_transfer
                0x10004fd4        0xc CMakeFiles/LoRaSenderNonBlocking.dir/C_/Users/henrik.pedersen/pico/pico-sdk/lib/tinyusb/src/portable/raspberrypi/rp2040/rp2040_usb.c.obj
                0x10004fd4                hw_endpoint_reset_transfer
 .text._hw_endpoint_buffer_control_update32
                0x10004fe0       0x44 CMakeFiles/LoRaSenderNonBlocking.dir/C_/Users/henrik.pedersen/pico/pico-sdk/lib/tinyusb/src/portable/raspberrypi/rp2040/rp2040_usb.c.obj
                0x10004fe0                _hw_endpoint_buffer_control_update32
 .text.hw_endpoint_xfer_start
                0x10005024      0x134 CMakeFiles/LoRaSenderNonBlocking.dir/C_/Users/henrik.pedersen/pico/pico-sdk/lib/tinyusb/src/portable/raspberrypi/rp2040/rp2040_usb.c.obj
                0x10005024                hw_endpoint_xfer_start
 .text.hw_endpoint_xfer_continue
                0x10005158      0x1dc CMakeFiles/LoRaSenderNonBlocking.dir/C_/Users/henrik.pedersen/pico/pico-sdk/lib/tinyusb/src/portable/raspberrypi/rp2040/rp2040_usb.c.obj
                0x10005158                hw_endpoint_xfer_continue
 .text.tud_mounted
                0x10005334       0x10 CMakeFiles/LoRaSenderNonBlocking.dir/C_/Users/henrik.pedersen/pico/pico-sdk/lib/tinyusb/src/device/usbd.c.obj
                0x10005334                tud_mounted
 .text.tud_suspended
                0x10005344       0x10 CMakeFiles/LoRaSenderNonBlocking.dir/C_/Users/henrik.pedersen/pico/pico-sdk/lib/tinyusb/src/device/usbd.c.obj
                0x10005344                tud_suspended
 .text.tud_inited
                0x10005354        0xc CMakeFiles/LoRaSenderNonBlocking.dir/C_/Users/henrik.pedersen/pico/pico-sdk/lib/tinyusb/src/device/usbd.c.obj
                0x10005354                tud_inited
 .text.tud_init
                0x10005360       0xd8 CMakeFiles/LoRaSenderNonBlocking.dir/C_/Users/henrik.pedersen/pico/pico-sdk/lib/tinyusb/src/device/usbd.c.obj
                0x10005360                tud_init
 .text.tud_task
                0x10005438      0x93c CMakeFiles/LoRaSenderNonBlocking.dir/C_/Users/henrik.pedersen/pico/pico-sdk/lib/tinyusb/src/device/usbd.c.obj
                0x10005438                tud_task
 .text.dcd_event_bus_signal
                0x10005d74      0x120 CMakeFiles/LoRaSenderNonBlocking.dir/C_/Users/henrik.pedersen/pico/pico-sdk/lib/tinyusb/src/device/usbd.c.obj
                0x10005d74                dcd_event_bus_signal
 .text.dcd_event_bus_reset
                0x10005e94       0x54 CMakeFiles/LoRaSenderNonBlocking.dir/C_/Users/henrik.pedersen/pico/pico-sdk/lib/tinyusb/src/device/usbd.c.obj
                0x10005e94                dcd_event_bus_reset
 .text.dcd_event_setup_received
                0x10005ee8       0x50 CMakeFiles/LoRaSenderNonBlocking.dir/C_/Users/henrik.pedersen/pico/pico-sdk/lib/tinyusb/src/device/usbd.c.obj
                0x10005ee8                dcd_event_setup_received
 .text.dcd_event_xfer_complete
                0x10005f38       0x68 CMakeFiles/LoRaSenderNonBlocking.dir/C_/Users/henrik.pedersen/pico/pico-sdk/lib/tinyusb/src/device/usbd.c.obj
                0x10005f38                dcd_event_xfer_complete
 .text.usbd_open_edpt_pair
                0x10005fa0       0x80 CMakeFiles/LoRaSenderNonBlocking.dir/C_/Users/henrik.pedersen/pico/pico-sdk/lib/tinyusb/src/device/usbd.c.obj
                0x10005fa0                usbd_open_edpt_pair
 .text.usbd_edpt_open
                0x10006020       0x30 CMakeFiles/LoRaSenderNonBlocking.dir/C_/Users/henrik.pedersen/pico/pico-sdk/lib/tinyusb/src/device/usbd.c.obj
                0x10006020                usbd_edpt_open
 .text.usbd_edpt_claim
                0x10006050       0x64 CMakeFiles/LoRaSenderNonBlocking.dir/C_/Users/henrik.pedersen/pico/pico-sdk/lib/tinyusb/src/device/usbd.c.obj
                0x10006050                usbd_edpt_claim
 .text.usbd_edpt_release
                0x100060b4       0x4c CMakeFiles/LoRaSenderNonBlocking.dir/C_/Users/henrik.pedersen/pico/pico-sdk/lib/tinyusb/src/device/usbd.c.obj
                0x100060b4                usbd_edpt_release
 .text.usbd_edpt_xfer
                0x10006100       0x48 CMakeFiles/LoRaSenderNonBlocking.dir/C_/Users/henrik.pedersen/pico/pico-sdk/lib/tinyusb/src/device/usbd.c.obj
                0x10006100                usbd_edpt_xfer
 .text.tud_control_status
                0x10006148       0x2c CMakeFiles/LoRaSenderNonBlocking.dir/C_/Users/henrik.pedersen/pico/pico-sdk/lib/tinyusb/src/device/usbd_control.c.obj
                0x10006148                tud_control_status
 .text.tud_control_xfer
                0x10006174       0xac CMakeFiles/LoRaSenderNonBlocking.dir/C_/Users/henrik.pedersen/pico/pico-sdk/lib/tinyusb/src/device/usbd_control.c.obj
                0x10006174                tud_control_xfer
 .text.usbd_control_reset
                0x10006220       0x14 CMakeFiles/LoRaSenderNonBlocking.dir/C_/Users/henrik.pedersen/pico/pico-sdk/lib/tinyusb/src/device/usbd_control.c.obj
                0x10006220                usbd_control_reset
 .text.usbd_control_set_complete_callback
                0x10006234        0xc CMakeFiles/LoRaSenderNonBlocking.dir/C_/Users/henrik.pedersen/pico/pico-sdk/lib/tinyusb/src/device/usbd_control.c.obj
                0x10006234                usbd_control_set_complete_callback
 .text.usbd_control_set_request
                0x10006240       0x1c CMakeFiles/LoRaSenderNonBlocking.dir/C_/Users/henrik.pedersen/pico/pico-sdk/lib/tinyusb/src/device/usbd_control.c.obj
                0x10006240                usbd_control_set_request
 .text.usbd_control_xfer_cb
                0x1000625c       0xf4 CMakeFiles/LoRaSenderNonBlocking.dir/C_/Users/henrik.pedersen/pico/pico-sdk/lib/tinyusb/src/device/usbd_control.c.obj
                0x1000625c                usbd_control_xfer_cb
 .text.tud_cdc_n_connected
                0x10006350       0x30 CMakeFiles/LoRaSenderNonBlocking.dir/C_/Users/henrik.pedersen/pico/pico-sdk/lib/tinyusb/src/class/cdc/cdc_device.c.obj
                0x10006350                tud_cdc_n_connected
 .text.tud_cdc_n_available
                0x10006380       0x18 CMakeFiles/LoRaSenderNonBlocking.dir/C_/Users/henrik.pedersen/pico/pico-sdk/lib/tinyusb/src/class/cdc/cdc_device.c.obj
                0x10006380                tud_cdc_n_available
 .text.tud_cdc_n_read
                0x10006398       0x70 CMakeFiles/LoRaSenderNonBlocking.dir/C_/Users/henrik.pedersen/pico/pico-sdk/lib/tinyusb/src/class/cdc/cdc_device.c.obj
                0x10006398                tud_cdc_n_read
 .text.tud_cdc_n_write_flush
                0x10006408       0x78 CMakeFiles/LoRaSenderNonBlocking.dir/C_/Users/henrik.pedersen/pico/pico-sdk/lib/tinyusb/src/class/cdc/cdc_device.c.obj
                0x10006408                tud_cdc_n_write_flush
 .text.tud_cdc_n_write
                0x10006480       0x34 CMakeFiles/LoRaSenderNonBlocking.dir/C_/Users/henrik.pedersen/pico/pico-sdk/lib/tinyusb/src/class/cdc/cdc_device.c.obj
                0x10006480                tud_cdc_n_write
 .text.tud_cdc_n_write_available
                0x100064b4       0x18 CMakeFiles/LoRaSenderNonBlocking.dir/C_/Users/henrik.pedersen/pico/pico-sdk/lib/tinyusb/src/class/cdc/cdc_device.c.obj
                0x100064b4                tud_cdc_n_write_available
 .text.cdcd_init
                0x100064cc       0x7c CMakeFiles/LoRaSenderNonBlocking.dir/C_/Users/henrik.pedersen/pico/pico-sdk/lib/tinyusb/src/class/cdc/cdc_device.c.obj
                0x100064cc                cdcd_init
 .text.cdcd_reset
                0x10006548       0x2c CMakeFiles/LoRaSenderNonBlocking.dir/C_/Users/henrik.pedersen/pico/pico-sdk/lib/tinyusb/src/class/cdc/cdc_device.c.obj
                0x10006548                cdcd_reset
 .text.cdcd_open
                0x10006574       0xe4 CMakeFiles/LoRaSenderNonBlocking.dir/C_/Users/henrik.pedersen/pico/pico-sdk/lib/tinyusb/src/class/cdc/cdc_device.c.obj
                0x10006574                cdcd_open
 .text.cdcd_control_xfer_cb
                0x10006658       0xe4 CMakeFiles/LoRaSenderNonBlocking.dir/C_/Users/henrik.pedersen/pico/pico-sdk/lib/tinyusb/src/class/cdc/cdc_device.c.obj
                0x10006658                cdcd_control_xfer_cb
 .text.cdcd_xfer_cb
                0x1000673c      0x148 CMakeFiles/LoRaSenderNonBlocking.dir/C_/Users/henrik.pedersen/pico/pico-sdk/lib/tinyusb/src/class/cdc/cdc_device.c.obj
                0x1000673c                cdcd_xfer_cb
 .text.tusb_init
                0x10006884        0xc CMakeFiles/LoRaSenderNonBlocking.dir/C_/Users/henrik.pedersen/pico/pico-sdk/lib/tinyusb/src/tusb.c.obj
                0x10006884                tusb_init
 .text.tusb_inited
                0x10006890        0x8 CMakeFiles/LoRaSenderNonBlocking.dir/C_/Users/henrik.pedersen/pico/pico-sdk/lib/tinyusb/src/tusb.c.obj
                0x10006890                tusb_inited
 .text.tu_edpt_validate
                0x10006898       0x78 CMakeFiles/LoRaSenderNonBlocking.dir/C_/Users/henrik.pedersen/pico/pico-sdk/lib/tinyusb/src/tusb.c.obj
                0x10006898                tu_edpt_validate
 .text.tu_edpt_bind_driver
                0x10006910       0x2c CMakeFiles/LoRaSenderNonBlocking.dir/C_/Users/henrik.pedersen/pico/pico-sdk/lib/tinyusb/src/tusb.c.obj
                0x10006910                tu_edpt_bind_driver
 .text.tu_fifo_config
                0x1000693c       0x78 CMakeFiles/LoRaSenderNonBlocking.dir/C_/Users/henrik.pedersen/pico/pico-sdk/lib/tinyusb/src/common/tusb_fifo.c.obj
                0x1000693c                tu_fifo_config
 .text.tu_fifo_count
                0x100069b4       0x20 CMakeFiles/LoRaSenderNonBlocking.dir/C_/Users/henrik.pedersen/pico/pico-sdk/lib/tinyusb/src/common/tusb_fifo.c.obj
                0x100069b4                tu_fifo_count
 .text.tu_fifo_empty
                0x100069d4       0x10 CMakeFiles/LoRaSenderNonBlocking.dir/C_/Users/henrik.pedersen/pico/pico-sdk/lib/tinyusb/src/common/tusb_fifo.c.obj
                0x100069d4                tu_fifo_empty
 .text.tu_fifo_remaining
                0x100069e4       0x1c CMakeFiles/LoRaSenderNonBlocking.dir/C_/Users/henrik.pedersen/pico/pico-sdk/lib/tinyusb/src/common/tusb_fifo.c.obj
                0x100069e4                tu_fifo_remaining
 .text.tu_fifo_read
                0x10006a00       0x9c CMakeFiles/LoRaSenderNonBlocking.dir/C_/Users/henrik.pedersen/pico/pico-sdk/lib/tinyusb/src/common/tusb_fifo.c.obj
                0x10006a00                tu_fifo_read
 .text.tu_fifo_read_n
                0x10006a9c       0xfc CMakeFiles/LoRaSenderNonBlocking.dir/C_/Users/henrik.pedersen/pico/pico-sdk/lib/tinyusb/src/common/tusb_fifo.c.obj
                0x10006a9c                tu_fifo_read_n
 .text.tu_fifo_write
                0x10006b98       0x7c CMakeFiles/LoRaSenderNonBlocking.dir/C_/Users/henrik.pedersen/pico/pico-sdk/lib/tinyusb/src/common/tusb_fifo.c.obj
                0x10006b98                tu_fifo_write
 .text.tu_fifo_write_n
                0x10006c14      0x100 CMakeFiles/LoRaSenderNonBlocking.dir/C_/Users/henrik.pedersen/pico/pico-sdk/lib/tinyusb/src/common/tusb_fifo.c.obj
                0x10006c14                tu_fifo_write_n
 .text.tu_fifo_clear
                0x10006d14       0x4c CMakeFiles/LoRaSenderNonBlocking.dir/C_/Users/henrik.pedersen/pico/pico-sdk/lib/tinyusb/src/common/tusb_fifo.c.obj
                0x10006d14                tu_fifo_clear
 .text.tu_fifo_set_overwritable
                0x10006d60       0x3c CMakeFiles/LoRaSenderNonBlocking.dir/C_/Users/henrik.pedersen/pico/pico-sdk/lib/tinyusb/src/common/tusb_fifo.c.obj
                0x10006d60                tu_fifo_set_overwritable
 .text.startup._retrieve_unique_id_on_boot
                0x10006d9c       0x10 CMakeFiles/LoRaSenderNonBlocking.dir/C_/Users/henrik.pedersen/pico/pico-sdk/src/rp2_common/pico_unique_id/unique_id.c.obj
 .text.pico_get_unique_board_id_string
                0x10006dac      0x1a8 CMakeFiles/LoRaSenderNonBlocking.dir/C_/Users/henrik.pedersen/pico/pico-sdk/src/rp2_common/pico_unique_id/unique_id.c.obj
                0x10006dac                pico_get_unique_board_id_string
 .text.flash_get_unique_id
                0x10006f54       0x40 CMakeFiles/LoRaSenderNonBlocking.dir/C_/Users/henrik.pedersen/pico/pico-sdk/src/rp2_common/hardware_flash/flash.c.obj
                0x10006f54                flash_get_unique_id
 .text.spi_init
                0x10006f94       0xf8 CMakeFiles/LoRaSenderNonBlocking.dir/C_/Users/henrik.pedersen/pico/pico-sdk/src/rp2_common/hardware_spi/spi.c.obj
                0x10006f94                spi_init
 .text._ZN5Print17availableForWriteEv
                0x1000708c        0x4 ..\..\src\libLoRa_pico_lib.a(LoRa-RP2040.cpp.obj)
                0x1000708c                _ZN5Print17availableForWriteEv
 .text._ZN9LoRaClass5flushEv
                0x10007090        0x4 ..\..\src\libLoRa_pico_lib.a(LoRa-RP2040.cpp.obj)
                0x10007090                _ZN9LoRaClass5flushEv
 .text._ZN9LoRaClass9availableEv
                0x10007094       0x7c ..\..\src\libLoRa_pico_lib.a(LoRa-RP2040.cpp.obj)
                0x10007094                _ZN9LoRaClass9availableEv
 .text._ZN9LoRaClass5writeEPKhj
                0x10007110      0x104 ..\..\src\libLoRa_pico_lib.a(LoRa-RP2040.cpp.obj)
                0x10007110                _ZN9LoRaClass5writeEPKhj
 .text._ZN9LoRaClass4readEv
                0x10007214       0xec ..\..\src\libLoRa_pico_lib.a(LoRa-RP2040.cpp.obj)
                0x10007214                _ZN9LoRaClass4readEv
 .text._ZN9LoRaClass5writeEh
                0x10007300       0xf8 ..\..\src\libLoRa_pico_lib.a(LoRa-RP2040.cpp.obj)
                0x10007300                _ZN9LoRaClass5writeEh
 .text._ZN9LoRaClass4peekEv
                0x100073f8      0x158 ..\..\src\libLoRa_pico_lib.a(LoRa-RP2040.cpp.obj)
                0x100073f8                _ZN9LoRaClass4peekEv
 .text._ZN9LoRaClass5beginEl
                0x10007550      0x3ac ..\..\src\libLoRa_pico_lib.a(LoRa-RP2040.cpp.obj)
                0x10007550                _ZN9LoRaClass5beginEl
 .text._ZN9LoRaClass11beginPacketEi
                0x100078fc      0x23c ..\..\src\libLoRa_pico_lib.a(LoRa-RP2040.cpp.obj)
                0x100078fc                _ZN9LoRaClass11beginPacketEi
 .text._ZN9LoRaClass9endPacketEb
                0x10007b38      0x190 ..\..\src\libLoRa_pico_lib.a(LoRa-RP2040.cpp.obj)
                0x10007b38                _ZN9LoRaClass9endPacketEb
 .text.startup._GLOBAL__sub_I__ZN9LoRaClassC2Ev
                0x10007cc8       0x38 ..\..\src\libLoRa_pico_lib.a(LoRa-RP2040.cpp.obj)
 .text          0x10007d00      0xadc ..\..\src\libLoRa_print.a(Print.cpp.obj)
                0x10007d00                _ZN5Print5writeEPKhj
                0x10007d28                _ZN5Print5printENSt7__cxx1112basic_stringIcSt11char_traitsIcESaIcEEE
                0x10007d6c                _ZN5Print5printEc
                0x10007d78                _ZN5Print5printEPKc
                0x10007dd8                _ZN5Print7printlnEv
                0x10007e14                _ZN5Print7printlnEPKc
                0x10007eac                _ZN5Print7printlnEc
                0x10007ef8                _ZN5Print11printNumberEmh
                0x10007f94                _ZN5Print5printEli
                0x10007fd8                _ZN5Print7printlnEii
                0x10008024                _ZN5Print7printlnEli
                0x10008070                _ZN5Print5printEmi
                0x10008088                _ZN5Print5printEji
                0x100080a0                _ZN5Print5printEhi
                0x100080b8                _ZN5Print7printlnEji
                0x1000811c                _ZN5Print7printlnEmi
                0x10008180                _ZN5Print7printlnEhi
                0x100081e4                _ZN5Print5printEii
                0x10008228                _ZN5Print14printULLNumberEyh
                0x1000836c                _ZN5Print5printExi
                0x100083c0                _ZN5Print5printEyi
                0x100083e0                _ZN5Print7printlnEyi
                0x1000844c                _ZN5Print7printlnExi
                0x100084e8                _ZN5Print10printFloatEdi
                0x10008778                _ZN5Print5printEdi
                0x10008788                _ZN5Print7printlnEdi
 .text.abort    0x100087dc       0x10 c:/progra~2/armgnu~1/112202~1.02/bin/../lib/gcc/arm-none-eabi/11.2.1/thumb/v6-m/nofp\libc.a(lib_a-abort.o)
                0x100087dc                abort
 .text.raise    0x100087ec       0x60 c:/progra~2/armgnu~1/112202~1.02/bin/../lib/gcc/arm-none-eabi/11.2.1/thumb/v6-m/nofp\libc.a(lib_a-signal.o)
                0x100087ec                raise
 .text._kill_r  0x1000884c       0x28 c:/progra~2/armgnu~1/112202~1.02/bin/../lib/gcc/arm-none-eabi/11.2.1/thumb/v6-m/nofp\libc.a(lib_a-signalr.o)
                0x1000884c                _kill_r
 .text._getpid_r
                0x10008874        0x8 c:/progra~2/armgnu~1/112202~1.02/bin/../lib/gcc/arm-none-eabi/11.2.1/thumb/v6-m/nofp\libc.a(lib_a-signalr.o)
                0x10008874                _getpid_r
 .text.strlen   0x1000887c       0x5c c:/progra~2/armgnu~1/112202~1.02/bin/../lib/gcc/arm-none-eabi/11.2.1/thumb/v6-m/nofp\libc.a(lib_a-strlen-stub.o)
                0x1000887c                strlen
 .text._getpid  0x100088d8       0x10 c:/progra~2/armgnu~1/112202~1.02/bin/../lib/gcc/arm-none-eabi/11.2.1/thumb/v6-m/nofp\libnosys.a(getpid.o)
                0x100088d8                _getpid
 .text._kill    0x100088e8       0x10 c:/progra~2/armgnu~1/112202~1.02/bin/../lib/gcc/arm-none-eabi/11.2.1/thumb/v6-m/nofp\libnosys.a(kill.o)
                0x100088e8                _kill
 *(.fini)
 .fini          0x100088f8        0x4 c:/progra~2/armgnu~1/112202~1.02/bin/../lib/gcc/arm-none-eabi/11.2.1/thumb/v6-m/nofp/crti.o
                0x100088f8                _fini
 *fill*         0x100088fc        0x4 
 .fini.__stub   0x10008900       0x90 linker stubs
 *crtbegin.o(.ctors)
 *crtbegin?.o(.ctors)
 *(EXCLUDE_FILE(*crtend.o *crtend?.o) .ctors)
 *(SORT_BY_NAME(.ctors.*))
 *(.ctors)
 *crtbegin.o(.dtors)
 *crtbegin?.o(.dtors)
 *(EXCLUDE_FILE(*crtend.o *crtend?.o) .dtors)
 *(SORT_BY_NAME(.dtors.*))
 *(.dtors)
 *(.eh_frame*)
 .eh_frame      0x10008990        0x0 c:/progra~2/armgnu~1/112202~1.02/bin/../lib/gcc/arm-none-eabi/11.2.1/thumb/v6-m/nofp/crtbegin.o
                0x10008990                . = ALIGN (0x4)

.glue_7         0x10008990        0x0
 .glue_7        0x10008990        0x0 linker stubs

.glue_7t        0x10008990        0x0
 .glue_7t       0x10008990        0x0 linker stubs

.vfp11_veneer   0x10008990        0x0
 .vfp11_veneer  0x10008990        0x0 linker stubs

.v4_bx          0x10008990        0x0
 .v4_bx         0x10008990        0x0 linker stubs

.iplt           0x10008990        0x0
 .iplt          0x10008990        0x0 c:/progra~2/armgnu~1/112202~1.02/bin/../lib/gcc/arm-none-eabi/11.2.1/thumb/v6-m/nofp/crtbegin.o

.rodata         0x10008990      0x590
 *(EXCLUDE_FILE(*libm.a: *libc.a:*lib_a-mem*.o *libgcc.a:) .rodata*)
 .rodata.main.str1.4
                0x10008990       0x77 CMakeFiles/LoRaSenderNonBlocking.dir/LoRaSenderNonBlocking.cpp.obj
 *fill*         0x10008a07        0x1 
 .rodata.spin_lock_claim_unused.str1.4
                0x10008a08       0x1b CMakeFiles/LoRaSenderNonBlocking.dir/C_/Users/henrik.pedersen/pico/pico-sdk/src/rp2_common/hardware_sync/sync.c.obj
 *fill*         0x10008a23        0x1 
 .rodata.user_irq_claim_unused.str1.4
                0x10008a24       0x1b CMakeFiles/LoRaSenderNonBlocking.dir/C_/Users/henrik.pedersen/pico/pico-sdk/src/rp2_common/hardware_irq/irq.c.obj
 *fill*         0x10008a3f        0x1 
 .rodata.hardware_alarm_claim.str1.4
                0x10008a40       0x22 CMakeFiles/LoRaSenderNonBlocking.dir/C_/Users/henrik.pedersen/pico/pico-sdk/src/rp2_common/hardware_timer/timer.c.obj
 *fill*         0x10008a62        0x2 
 .rodata.panic.str1.4
                0x10008a64       0x12 CMakeFiles/LoRaSenderNonBlocking.dir/C_/Users/henrik.pedersen/pico/pico-sdk/src/rp2_common/pico_runtime/runtime.c.obj
 *fill*         0x10008a76        0x2 
 .rodata.hard_assertion_failure.str1.4
                0x10008a78        0xc CMakeFiles/LoRaSenderNonBlocking.dir/C_/Users/henrik.pedersen/pico/pico-sdk/src/rp2_common/pico_runtime/runtime.c.obj
 .rodata._ftoa.str1.4
                0x10008a84       0x15 CMakeFiles/LoRaSenderNonBlocking.dir/C_/Users/henrik.pedersen/pico/pico-sdk/src/rp2_common/pico_printf/printf.c.obj
 *fill*         0x10008a99        0x3 
 .rodata._vsnprintf
                0x10008a9c      0x19c CMakeFiles/LoRaSenderNonBlocking.dir/C_/Users/henrik.pedersen/pico/pico-sdk/src/rp2_common/pico_printf/printf.c.obj
 .rodata.pow10.0
                0x10008c38       0x50 CMakeFiles/LoRaSenderNonBlocking.dir/C_/Users/henrik.pedersen/pico/pico-sdk/src/rp2_common/pico_printf/printf.c.obj
 .rodata.str1.4
                0x10008c88       0x4c CMakeFiles/LoRaSenderNonBlocking.dir/C_/Users/henrik.pedersen/pico/pico-sdk/src/rp2_common/pico_standard_link/binary_info.c.obj
 .rodata.__bi_44
                0x10008cd4        0xc CMakeFiles/LoRaSenderNonBlocking.dir/C_/Users/henrik.pedersen/pico/pico-sdk/src/rp2_common/pico_standard_link/binary_info.c.obj
 .rodata.__bi_75
                0x10008ce0        0xc CMakeFiles/LoRaSenderNonBlocking.dir/C_/Users/henrik.pedersen/pico/pico-sdk/src/rp2_common/pico_standard_link/binary_info.c.obj
 .rodata.__bi_81
                0x10008cec        0xc CMakeFiles/LoRaSenderNonBlocking.dir/C_/Users/henrik.pedersen/pico/pico-sdk/src/rp2_common/pico_standard_link/binary_info.c.obj
 .rodata.crlf_str.0
                0x10008cf8        0x2 CMakeFiles/LoRaSenderNonBlocking.dir/C_/Users/henrik.pedersen/pico/pico-sdk/src/rp2_common/pico_stdio/stdio.c.obj
 *fill*         0x10008cfa        0x2 
 .rodata._resetd_driver
                0x10008cfc       0x18 CMakeFiles/LoRaSenderNonBlocking.dir/C_/Users/henrik.pedersen/pico/pico-sdk/src/rp2_common/pico_stdio_usb/reset_interface.c.obj
 .rodata.str1.4
                0x10008d14       0x13 CMakeFiles/LoRaSenderNonBlocking.dir/C_/Users/henrik.pedersen/pico/pico-sdk/src/rp2_common/pico_stdio_usb/stdio_usb.c.obj
 *fill*         0x10008d27        0x1 
 .rodata.__bi_118.0
                0x10008d28        0xc CMakeFiles/LoRaSenderNonBlocking.dir/C_/Users/henrik.pedersen/pico/pico-sdk/src/rp2_common/pico_stdio_usb/stdio_usb.c.obj
 .rodata.str1.4
                0x10008d34       0x2a CMakeFiles/LoRaSenderNonBlocking.dir/C_/Users/henrik.pedersen/pico/pico-sdk/src/rp2_common/pico_stdio_usb/stdio_usb_descriptors.c.obj
 *fill*         0x10008d5e        0x2 
 .rodata.usbd_desc_cfg
                0x10008d60       0x54 CMakeFiles/LoRaSenderNonBlocking.dir/C_/Users/henrik.pedersen/pico/pico-sdk/src/rp2_common/pico_stdio_usb/stdio_usb_descriptors.c.obj
 .rodata.usbd_desc_device
                0x10008db4       0x12 CMakeFiles/LoRaSenderNonBlocking.dir/C_/Users/henrik.pedersen/pico/pico-sdk/src/rp2_common/pico_stdio_usb/stdio_usb_descriptors.c.obj
 *fill*         0x10008dc6        0x2 
 .rodata.usbd_desc_str
                0x10008dc8       0x18 CMakeFiles/LoRaSenderNonBlocking.dir/C_/Users/henrik.pedersen/pico/pico-sdk/src/rp2_common/pico_stdio_usb/stdio_usb_descriptors.c.obj
 .rodata.dcd_rp2040_irq.str1.4
                0x10008de0       0x14 CMakeFiles/LoRaSenderNonBlocking.dir/C_/Users/henrik.pedersen/pico/pico-sdk/lib/tinyusb/src/portable/raspberrypi/rp2040/dcd_rp2040.c.obj
 .rodata._hw_endpoint_buffer_control_update32.part.0.isra.0.str1.4
                0x10008df4       0x1f CMakeFiles/LoRaSenderNonBlocking.dir/C_/Users/henrik.pedersen/pico/pico-sdk/lib/tinyusb/src/portable/raspberrypi/rp2040/rp2040_usb.c.obj
 *fill*         0x10008e13        0x1 
 .rodata.hw_endpoint_xfer_continue.str1.4
                0x10008e14       0x29 CMakeFiles/LoRaSenderNonBlocking.dir/C_/Users/henrik.pedersen/pico/pico-sdk/lib/tinyusb/src/portable/raspberrypi/rp2040/rp2040_usb.c.obj
 *fill*         0x10008e3d        0x3 
 .rodata.str1.4
                0x10008e40        0x7 CMakeFiles/LoRaSenderNonBlocking.dir/C_/Users/henrik.pedersen/pico/pico-sdk/lib/tinyusb/src/portable/raspberrypi/rp2040/rp2040_usb.c.obj
 *fill*         0x10008e47        0x1 
 .rodata.tud_task
                0x10008e48       0x8c CMakeFiles/LoRaSenderNonBlocking.dir/C_/Users/henrik.pedersen/pico/pico-sdk/lib/tinyusb/src/device/usbd.c.obj
 .rodata._usbd_driver
                0x10008ed4       0x18 CMakeFiles/LoRaSenderNonBlocking.dir/C_/Users/henrik.pedersen/pico/pico-sdk/lib/tinyusb/src/device/usbd.c.obj
 .rodata._ZTV9LoRaClass
                0x10008eec       0x24 ..\..\src\libLoRa_pico_lib.a(LoRa-RP2040.cpp.obj)
                0x10008eec                _ZTV9LoRaClass
 .rodata.str1.4
                0x10008f10        0xe ..\..\src\libLoRa_print.a(Print.cpp.obj)
                                 0x12 (size before relaxing)
                0x10008f20                . = ALIGN (0x4)
 *fill*         0x10008f1e        0x2 
 *(SORT_BY_ALIGNMENT(SORT_BY_NAME(.flashdata*)))
                0x10008f20                . = ALIGN (0x4)

.ARM.extab      0x10008f20       0xd8
 *(.ARM.extab* .gnu.linkonce.armextab.*)
 .ARM.extab.text.startup.main
                0x10008f20        0xc CMakeFiles/LoRaSenderNonBlocking.dir/LoRaSenderNonBlocking.cpp.obj
 .ARM.extab.text._ZN5Print17availableForWriteEv
                0x10008f2c        0x0 ..\..\src\libLoRa_pico_lib.a(LoRa-RP2040.cpp.obj)
 .ARM.extab.text._ZN9LoRaClass9availableEv
                0x10008f2c        0xc ..\..\src\libLoRa_pico_lib.a(LoRa-RP2040.cpp.obj)
 .ARM.extab.text._ZN9LoRaClass5writeEPKhj
                0x10008f38        0xc ..\..\src\libLoRa_pico_lib.a(LoRa-RP2040.cpp.obj)
 .ARM.extab.text._ZN9LoRaClass4readEv
                0x10008f44        0xc ..\..\src\libLoRa_pico_lib.a(LoRa-RP2040.cpp.obj)
 .ARM.extab.text._ZN9LoRaClass5writeEh
                0x10008f50        0xc ..\..\src\libLoRa_pico_lib.a(LoRa-RP2040.cpp.obj)
 .ARM.extab.text._ZN9LoRaClass4peekEv
                0x10008f5c        0xc ..\..\src\libLoRa_pico_lib.a(LoRa-RP2040.cpp.obj)
 .ARM.extab.text._ZN9LoRaClass5beginEl
                0x10008f68        0xc ..\..\src\libLoRa_pico_lib.a(LoRa-RP2040.cpp.obj)
 .ARM.extab.text._ZN9LoRaClass11beginPacketEi
                0x10008f74        0xc ..\..\src\libLoRa_pico_lib.a(LoRa-RP2040.cpp.obj)
 .ARM.extab.text._ZN9LoRaClass9endPacketEb
                0x10008f80        0xc ..\..\src\libLoRa_pico_lib.a(LoRa-RP2040.cpp.obj)
 .ARM.extab     0x10008f8c       0x3c ..\..\src\libLoRa_print.a(Print.cpp.obj)
 .ARM.extab.text.unwind_phase2_forced
                0x10008fc8        0xc c:/progra~2/armgnu~1/112202~1.02/bin/../lib/gcc/arm-none-eabi/11.2.1/thumb/v6-m/nofp\libgcc.a(unwind-arm.o)
 .ARM.extab.text.__gnu_unwind_pr_common
                0x10008fd4        0xc c:/progra~2/armgnu~1/112202~1.02/bin/../lib/gcc/arm-none-eabi/11.2.1/thumb/v6-m/nofp\libgcc.a(unwind-arm.o)
 .ARM.extab.text._Unwind_VRS_Pop
                0x10008fe0        0xc c:/progra~2/armgnu~1/112202~1.02/bin/../lib/gcc/arm-none-eabi/11.2.1/thumb/v6-m/nofp\libgcc.a(unwind-arm.o)
 .ARM.extab.text.__gnu_unwind_execute
                0x10008fec        0xc c:/progra~2/armgnu~1/112202~1.02/bin/../lib/gcc/arm-none-eabi/11.2.1/thumb/v6-m/nofp\libgcc.a(pr-support.o)
                0x10008ff8                __exidx_start = .

.ARM.exidx      0x10008ff8      0x178
 *(.ARM.exidx* .gnu.linkonce.armexidx.*)
 .ARM.exidx.text.startup.main
                0x10008ff8       0x10 CMakeFiles/LoRaSenderNonBlocking.dir/LoRaSenderNonBlocking.cpp.obj
                                  0x8 (size before relaxing)
 .ARM.exidx.text._ZN5Print17availableForWriteEv
                0x10009008        0x0 ..\..\src\libLoRa_pico_lib.a(LoRa-RP2040.cpp.obj)
                                  0x8 (size before relaxing)
 .ARM.exidx.text._ZN9LoRaClass5flushEv
                0x10009008        0x0 ..\..\src\libLoRa_pico_lib.a(LoRa-RP2040.cpp.obj)
                                  0x8 (size before relaxing)
 .ARM.exidx.text._ZN9LoRaClass9availableEv
                0x10009008        0x8 ..\..\src\libLoRa_pico_lib.a(LoRa-RP2040.cpp.obj)
 .ARM.exidx.text._ZN9LoRaClass5writeEPKhj
                0x10009010        0x8 ..\..\src\libLoRa_pico_lib.a(LoRa-RP2040.cpp.obj)
 .ARM.exidx.text._ZN9LoRaClass4readEv
                0x10009018        0x8 ..\..\src\libLoRa_pico_lib.a(LoRa-RP2040.cpp.obj)
 .ARM.exidx.text._ZN9LoRaClass5writeEh
                0x10009020        0x8 ..\..\src\libLoRa_pico_lib.a(LoRa-RP2040.cpp.obj)
 .ARM.exidx.text._ZN9LoRaClass4peekEv
                0x10009028        0x8 ..\..\src\libLoRa_pico_lib.a(LoRa-RP2040.cpp.obj)
 .ARM.exidx.text._ZN9LoRaClass5beginEl
                0x10009030        0x8 ..\..\src\libLoRa_pico_lib.a(LoRa-RP2040.cpp.obj)
 .ARM.exidx.text._ZN9LoRaClass11beginPacketEi
                0x10009038        0x8 ..\..\src\libLoRa_pico_lib.a(LoRa-RP2040.cpp.obj)
 .ARM.exidx.text._ZN9LoRaClass9endPacketEb
                0x10009040        0x8 ..\..\src\libLoRa_pico_lib.a(LoRa-RP2040.cpp.obj)
 .ARM.exidx.text.startup._GLOBAL__sub_I__ZN9LoRaClassC2Ev
                0x10009048        0x8 ..\..\src\libLoRa_pico_lib.a(LoRa-RP2040.cpp.obj)
 .ARM.exidx     0x10009050       0x98 ..\..\src\libLoRa_print.a(Print.cpp.obj)
                                 0xd0 (size before relaxing)
 .ARM.exidx.text.selfrel_offset31
                0x100090e8        0x0 c:/progra~2/armgnu~1/112202~1.02/bin/../lib/gcc/arm-none-eabi/11.2.1/thumb/v6-m/nofp\libgcc.a(unwind-arm.o)
                                  0x8 (size before relaxing)
 .ARM.exidx.text.search_EIT_table
                0x100090e8        0x0 c:/progra~2/armgnu~1/112202~1.02/bin/../lib/gcc/arm-none-eabi/11.2.1/thumb/v6-m/nofp\libgcc.a(unwind-arm.o)
                                  0x8 (size before relaxing)
 .ARM.exidx.text.__gnu_unwind_get_pr_addr
                0x100090e8        0x0 c:/progra~2/armgnu~1/112202~1.02/bin/../lib/gcc/arm-none-eabi/11.2.1/thumb/v6-m/nofp\libgcc.a(unwind-arm.o)
                                  0x8 (size before relaxing)
 .ARM.exidx.text.get_eit_entry
                0x100090e8        0x8 c:/progra~2/armgnu~1/112202~1.02/bin/../lib/gcc/arm-none-eabi/11.2.1/thumb/v6-m/nofp\libgcc.a(unwind-arm.o)
 .ARM.exidx.text.restore_non_core_regs
                0x100090f0        0x8 c:/progra~2/armgnu~1/112202~1.02/bin/../lib/gcc/arm-none-eabi/11.2.1/thumb/v6-m/nofp\libgcc.a(unwind-arm.o)
 .ARM.exidx.text._Unwind_decode_typeinfo_ptr.constprop.0
                0x100090f8        0x8 c:/progra~2/armgnu~1/112202~1.02/bin/../lib/gcc/arm-none-eabi/11.2.1/thumb/v6-m/nofp\libgcc.a(unwind-arm.o)
 .ARM.exidx.text._Unwind_DebugHook
                0x10009100        0x0 c:/progra~2/armgnu~1/112202~1.02/bin/../lib/gcc/arm-none-eabi/11.2.1/thumb/v6-m/nofp\libgcc.a(unwind-arm.o)
                                  0x8 (size before relaxing)
 .ARM.exidx.text.unwind_phase2
                0x10009100        0x8 c:/progra~2/armgnu~1/112202~1.02/bin/../lib/gcc/arm-none-eabi/11.2.1/thumb/v6-m/nofp\libgcc.a(unwind-arm.o)
 .ARM.exidx.text.unwind_phase2_forced
                0x10009108        0x8 c:/progra~2/armgnu~1/112202~1.02/bin/../lib/gcc/arm-none-eabi/11.2.1/thumb/v6-m/nofp\libgcc.a(unwind-arm.o)
 .ARM.exidx.text.__gnu_Unwind_RaiseException
                0x10009110        0x8 c:/progra~2/armgnu~1/112202~1.02/bin/../lib/gcc/arm-none-eabi/11.2.1/thumb/v6-m/nofp\libgcc.a(unwind-arm.o)
 .ARM.exidx.text.__gnu_Unwind_ForcedUnwind
                0x10009118        0x8 c:/progra~2/armgnu~1/112202~1.02/bin/../lib/gcc/arm-none-eabi/11.2.1/thumb/v6-m/nofp\libgcc.a(unwind-arm.o)
 .ARM.exidx.text.__gnu_Unwind_Resume
                0x10009120        0x8 c:/progra~2/armgnu~1/112202~1.02/bin/../lib/gcc/arm-none-eabi/11.2.1/thumb/v6-m/nofp\libgcc.a(unwind-arm.o)
 .ARM.exidx.text.__gnu_Unwind_Resume_or_Rethrow
                0x10009128        0x8 c:/progra~2/armgnu~1/112202~1.02/bin/../lib/gcc/arm-none-eabi/11.2.1/thumb/v6-m/nofp\libgcc.a(unwind-arm.o)
 .ARM.exidx.text._Unwind_VRS_Get
                0x10009130        0x8 c:/progra~2/armgnu~1/112202~1.02/bin/../lib/gcc/arm-none-eabi/11.2.1/thumb/v6-m/nofp\libgcc.a(unwind-arm.o)
 .ARM.exidx.text._Unwind_GetGR
                0x10009138        0x0 c:/progra~2/armgnu~1/112202~1.02/bin/../lib/gcc/arm-none-eabi/11.2.1/thumb/v6-m/nofp\libgcc.a(unwind-arm.o)
                                  0x8 (size before relaxing)
 .ARM.exidx.text._Unwind_VRS_Set
                0x10009138        0x0 c:/progra~2/armgnu~1/112202~1.02/bin/../lib/gcc/arm-none-eabi/11.2.1/thumb/v6-m/nofp\libgcc.a(unwind-arm.o)
                                  0x8 (size before relaxing)
 .ARM.exidx.text._Unwind_SetGR
                0x10009138        0x0 c:/progra~2/armgnu~1/112202~1.02/bin/../lib/gcc/arm-none-eabi/11.2.1/thumb/v6-m/nofp\libgcc.a(unwind-arm.o)
                                  0x8 (size before relaxing)
 .ARM.exidx.text.__gnu_Unwind_Backtrace
                0x10009138        0x8 c:/progra~2/armgnu~1/112202~1.02/bin/../lib/gcc/arm-none-eabi/11.2.1/thumb/v6-m/nofp\libgcc.a(unwind-arm.o)
 .ARM.exidx.text.__gnu_unwind_pr_common
                0x10009140        0x8 c:/progra~2/armgnu~1/112202~1.02/bin/../lib/gcc/arm-none-eabi/11.2.1/thumb/v6-m/nofp\libgcc.a(unwind-arm.o)
 .ARM.exidx.text.__aeabi_unwind_cpp_pr0
                0x10009148        0x8 c:/progra~2/armgnu~1/112202~1.02/bin/../lib/gcc/arm-none-eabi/11.2.1/thumb/v6-m/nofp\libgcc.a(unwind-arm.o)
 .ARM.exidx.text.__aeabi_unwind_cpp_pr1
                0x10009150        0x0 c:/progra~2/armgnu~1/112202~1.02/bin/../lib/gcc/arm-none-eabi/11.2.1/thumb/v6-m/nofp\libgcc.a(unwind-arm.o)
                                  0x8 (size before relaxing)
 .ARM.exidx.text.__aeabi_unwind_cpp_pr2
                0x10009150        0x0 c:/progra~2/armgnu~1/112202~1.02/bin/../lib/gcc/arm-none-eabi/11.2.1/thumb/v6-m/nofp\libgcc.a(unwind-arm.o)
                                  0x8 (size before relaxing)
 .ARM.exidx.text._Unwind_VRS_Pop
                0x10009150       0x10 c:/progra~2/armgnu~1/112202~1.02/bin/../lib/gcc/arm-none-eabi/11.2.1/thumb/v6-m/nofp\libgcc.a(unwind-arm.o)
                                  0x8 (size before relaxing)
 .ARM.exidx.text.next_unwind_byte
                0x10009160        0x0 c:/progra~2/armgnu~1/112202~1.02/bin/../lib/gcc/arm-none-eabi/11.2.1/thumb/v6-m/nofp\libgcc.a(pr-support.o)
                                  0x8 (size before relaxing)
 .ARM.exidx.text.__gnu_unwind_execute
                0x10009160       0x10 c:/progra~2/armgnu~1/112202~1.02/bin/../lib/gcc/arm-none-eabi/11.2.1/thumb/v6-m/nofp\libgcc.a(pr-support.o)
                                  0x8 (size before relaxing)
                0x10009170                __exidx_end = .

.rel.dyn        0x10009170        0x0
 .rel.iplt      0x10009170        0x0 c:/progra~2/armgnu~1/112202~1.02/bin/../lib/gcc/arm-none-eabi/11.2.1/thumb/v6-m/nofp/crtbegin.o
                0x10009170                . = ALIGN (0x4)
                0x10009170                __binary_info_start = .

.binary_info    0x10009170       0x20
 *(.binary_info.keep.*)
 .binary_info.keep.__bi_ptr22
                0x10009170        0x4 CMakeFiles/LoRaSenderNonBlocking.dir/C_/Users/henrik.pedersen/pico/pico-sdk/src/rp2_common/pico_standard_link/binary_info.c.obj
 .binary_info.keep.__bi_ptr30
                0x10009174        0x4 CMakeFiles/LoRaSenderNonBlocking.dir/C_/Users/henrik.pedersen/pico/pico-sdk/src/rp2_common/pico_standard_link/binary_info.c.obj
 .binary_info.keep.__bi_ptr38
                0x10009178        0x4 CMakeFiles/LoRaSenderNonBlocking.dir/C_/Users/henrik.pedersen/pico/pico-sdk/src/rp2_common/pico_standard_link/binary_info.c.obj
 .binary_info.keep.__bi_ptr44
                0x1000917c        0x4 CMakeFiles/LoRaSenderNonBlocking.dir/C_/Users/henrik.pedersen/pico/pico-sdk/src/rp2_common/pico_standard_link/binary_info.c.obj
 .binary_info.keep.__bi_ptr50
                0x10009180        0x4 CMakeFiles/LoRaSenderNonBlocking.dir/C_/Users/henrik.pedersen/pico/pico-sdk/src/rp2_common/pico_standard_link/binary_info.c.obj
 .binary_info.keep.__bi_ptr75
                0x10009184        0x4 CMakeFiles/LoRaSenderNonBlocking.dir/C_/Users/henrik.pedersen/pico/pico-sdk/src/rp2_common/pico_standard_link/binary_info.c.obj
 .binary_info.keep.__bi_ptr81
                0x10009188        0x4 CMakeFiles/LoRaSenderNonBlocking.dir/C_/Users/henrik.pedersen/pico/pico-sdk/src/rp2_common/pico_standard_link/binary_info.c.obj
 *(.binary_info.*)
 .binary_info.__bi_ptr118
                0x1000918c        0x4 CMakeFiles/LoRaSenderNonBlocking.dir/C_/Users/henrik.pedersen/pico/pico-sdk/src/rp2_common/pico_stdio_usb/stdio_usb.c.obj
                0x10009190                __binary_info_end = .
                0x10009190                . = ALIGN (0x4)
                0x10009190                __etext = .

.ram_vector_table
                0x20000000       0xc0
 *(.ram_vector_table)
 .ram_vector_table
                0x20000000       0xc0 CMakeFiles/LoRaSenderNonBlocking.dir/C_/Users/henrik.pedersen/pico/pico-sdk/src/rp2_common/pico_runtime/runtime.c.obj
                0x20000000                ram_vector_table

.data           0x200000c0     0x1784 load address 0x10009190
                0x200000c0                __data_start__ = .
 *(vtable)
 *(.time_critical*)
 .time_critical.mutex_enter_blocking
                0x200000c0       0x48 CMakeFiles/LoRaSenderNonBlocking.dir/C_/Users/henrik.pedersen/pico/pico-sdk/src/common/pico_sync/mutex.c.obj
                0x200000c0                mutex_enter_blocking
 .time_critical.mutex_try_enter
                0x20000108       0x44 CMakeFiles/LoRaSenderNonBlocking.dir/C_/Users/henrik.pedersen/pico/pico-sdk/src/common/pico_sync/mutex.c.obj
                0x20000108                mutex_try_enter
 .time_critical.mutex_enter_timeout_ms
                0x2000014c       0xa0 CMakeFiles/LoRaSenderNonBlocking.dir/C_/Users/henrik.pedersen/pico/pico-sdk/src/common/pico_sync/mutex.c.obj
                0x2000014c                mutex_enter_timeout_ms
 .time_critical.mutex_exit
                0x200001ec       0x28 CMakeFiles/LoRaSenderNonBlocking.dir/C_/Users/henrik.pedersen/pico/pico-sdk/src/common/pico_sync/mutex.c.obj
                0x200001ec                mutex_exit
 .time_critical.flash_init_boot2_copyout
                0x20000214       0x30 CMakeFiles/LoRaSenderNonBlocking.dir/C_/Users/henrik.pedersen/pico/pico-sdk/src/rp2_common/hardware_flash/flash.c.obj
 .time_critical.flash_enable_xip_via_boot2
                0x20000244       0x10 CMakeFiles/LoRaSenderNonBlocking.dir/C_/Users/henrik.pedersen/pico/pico-sdk/src/rp2_common/hardware_flash/flash.c.obj
 .time_critical.flash_cs_force
                0x20000254       0x38 CMakeFiles/LoRaSenderNonBlocking.dir/C_/Users/henrik.pedersen/pico/pico-sdk/src/rp2_common/hardware_flash/flash.c.obj
 .time_critical.flash_do_cmd
                0x2000028c       0xc4 CMakeFiles/LoRaSenderNonBlocking.dir/C_/Users/henrik.pedersen/pico/pico-sdk/src/rp2_common/hardware_flash/flash.c.obj
                0x2000028c                flash_do_cmd
 .time_critical.spi_write_read_blocking
                0x20000350       0x74 CMakeFiles/LoRaSenderNonBlocking.dir/C_/Users/henrik.pedersen/pico/pico-sdk/src/rp2_common/hardware_spi/spi.c.obj
                0x20000350                spi_write_read_blocking
 .time_critical.spi_write_blocking
                0x200003c4       0x4c CMakeFiles/LoRaSenderNonBlocking.dir/C_/Users/henrik.pedersen/pico/pico-sdk/src/rp2_common/hardware_spi/spi.c.obj
                0x200003c4                spi_write_blocking
 *(.text*)
 .text          0x20000410        0x4 c:/progra~2/armgnu~1/112202~1.02/bin/../lib/gcc/arm-none-eabi/11.2.1/thumb/v6-m/nofp\libgcc.a(_dvmd_tls.o)
                0x20000410                __aeabi_idiv0
                0x20000410                __aeabi_ldiv0
 .text.selfrel_offset31
                0x20000414       0x18 c:/progra~2/armgnu~1/112202~1.02/bin/../lib/gcc/arm-none-eabi/11.2.1/thumb/v6-m/nofp\libgcc.a(unwind-arm.o)
 .text.search_EIT_table
                0x2000042c       0x70 c:/progra~2/armgnu~1/112202~1.02/bin/../lib/gcc/arm-none-eabi/11.2.1/thumb/v6-m/nofp\libgcc.a(unwind-arm.o)
 .text.__gnu_unwind_get_pr_addr
                0x2000049c       0x2c c:/progra~2/armgnu~1/112202~1.02/bin/../lib/gcc/arm-none-eabi/11.2.1/thumb/v6-m/nofp\libgcc.a(unwind-arm.o)
 .text.get_eit_entry
                0x200004c8       0x94 c:/progra~2/armgnu~1/112202~1.02/bin/../lib/gcc/arm-none-eabi/11.2.1/thumb/v6-m/nofp\libgcc.a(unwind-arm.o)
 .text.restore_non_core_regs
                0x2000055c       0x5c c:/progra~2/armgnu~1/112202~1.02/bin/../lib/gcc/arm-none-eabi/11.2.1/thumb/v6-m/nofp\libgcc.a(unwind-arm.o)
 .text._Unwind_decode_typeinfo_ptr.constprop.0
                0x200005b8        0xc c:/progra~2/armgnu~1/112202~1.02/bin/../lib/gcc/arm-none-eabi/11.2.1/thumb/v6-m/nofp\libgcc.a(unwind-arm.o)
 .text._Unwind_DebugHook
                0x200005c4        0x4 c:/progra~2/armgnu~1/112202~1.02/bin/../lib/gcc/arm-none-eabi/11.2.1/thumb/v6-m/nofp\libgcc.a(unwind-arm.o)
 .text.unwind_phase2
                0x200005c8       0x3c c:/progra~2/armgnu~1/112202~1.02/bin/../lib/gcc/arm-none-eabi/11.2.1/thumb/v6-m/nofp\libgcc.a(unwind-arm.o)
 .text.unwind_phase2_forced
                0x20000604       0xc8 c:/progra~2/armgnu~1/112202~1.02/bin/../lib/gcc/arm-none-eabi/11.2.1/thumb/v6-m/nofp\libgcc.a(unwind-arm.o)
 .text.__gnu_Unwind_RaiseException
                0x200006cc       0x50 c:/progra~2/armgnu~1/112202~1.02/bin/../lib/gcc/arm-none-eabi/11.2.1/thumb/v6-m/nofp\libgcc.a(unwind-arm.o)
                0x200006cc                __gnu_Unwind_RaiseException
 .text.__gnu_Unwind_ForcedUnwind
                0x2000071c       0x14 c:/progra~2/armgnu~1/112202~1.02/bin/../lib/gcc/arm-none-eabi/11.2.1/thumb/v6-m/nofp\libgcc.a(unwind-arm.o)
                0x2000071c                __gnu_Unwind_ForcedUnwind
 .text.__gnu_Unwind_Resume
                0x20000730       0x48 c:/progra~2/armgnu~1/112202~1.02/bin/../lib/gcc/arm-none-eabi/11.2.1/thumb/v6-m/nofp\libgcc.a(unwind-arm.o)
                0x20000730                __gnu_Unwind_Resume
 .text.__gnu_Unwind_Resume_or_Rethrow
                0x20000778       0x1c c:/progra~2/armgnu~1/112202~1.02/bin/../lib/gcc/arm-none-eabi/11.2.1/thumb/v6-m/nofp\libgcc.a(unwind-arm.o)
                0x20000778                __gnu_Unwind_Resume_or_Rethrow
 .text._Unwind_VRS_Get
                0x20000794       0x34 c:/progra~2/armgnu~1/112202~1.02/bin/../lib/gcc/arm-none-eabi/11.2.1/thumb/v6-m/nofp\libgcc.a(unwind-arm.o)
                0x20000794                _Unwind_VRS_Get
 .text._Unwind_GetGR
                0x200007c8       0x18 c:/progra~2/armgnu~1/112202~1.02/bin/../lib/gcc/arm-none-eabi/11.2.1/thumb/v6-m/nofp\libgcc.a(unwind-arm.o)
 .text._Unwind_VRS_Set
                0x200007e0       0x34 c:/progra~2/armgnu~1/112202~1.02/bin/../lib/gcc/arm-none-eabi/11.2.1/thumb/v6-m/nofp\libgcc.a(unwind-arm.o)
                0x200007e0                _Unwind_VRS_Set
 .text._Unwind_SetGR
                0x20000814       0x18 c:/progra~2/armgnu~1/112202~1.02/bin/../lib/gcc/arm-none-eabi/11.2.1/thumb/v6-m/nofp\libgcc.a(unwind-arm.o)
 .text.__gnu_Unwind_Backtrace
                0x2000082c       0x6c c:/progra~2/armgnu~1/112202~1.02/bin/../lib/gcc/arm-none-eabi/11.2.1/thumb/v6-m/nofp\libgcc.a(unwind-arm.o)
                0x2000082c                __gnu_Unwind_Backtrace
 .text.__gnu_unwind_pr_common
                0x20000898      0x2f0 c:/progra~2/armgnu~1/112202~1.02/bin/../lib/gcc/arm-none-eabi/11.2.1/thumb/v6-m/nofp\libgcc.a(unwind-arm.o)
 .text.__aeabi_unwind_cpp_pr0
                0x20000b88        0xc c:/progra~2/armgnu~1/112202~1.02/bin/../lib/gcc/arm-none-eabi/11.2.1/thumb/v6-m/nofp\libgcc.a(unwind-arm.o)
                0x20000b88                __aeabi_unwind_cpp_pr0
 .text.__aeabi_unwind_cpp_pr1
                0x20000b94        0xc c:/progra~2/armgnu~1/112202~1.02/bin/../lib/gcc/arm-none-eabi/11.2.1/thumb/v6-m/nofp\libgcc.a(unwind-arm.o)
                0x20000b94                __aeabi_unwind_cpp_pr1
 .text.__aeabi_unwind_cpp_pr2
                0x20000ba0        0xc c:/progra~2/armgnu~1/112202~1.02/bin/../lib/gcc/arm-none-eabi/11.2.1/thumb/v6-m/nofp\libgcc.a(unwind-arm.o)
                0x20000ba0                __aeabi_unwind_cpp_pr2
 .text._Unwind_VRS_Pop
                0x20000bac      0x2b4 c:/progra~2/armgnu~1/112202~1.02/bin/../lib/gcc/arm-none-eabi/11.2.1/thumb/v6-m/nofp\libgcc.a(unwind-arm.o)
                0x20000bac                _Unwind_VRS_Pop
 .text          0x20000e60      0x144 c:/progra~2/armgnu~1/112202~1.02/bin/../lib/gcc/arm-none-eabi/11.2.1/thumb/v6-m/nofp\libgcc.a(libunwind.o)
                0x20000e60                __restore_core_regs
                0x20000e60                restore_core_regs
                0x20000e8c                __gnu_Unwind_Restore_VFP
                0x20000e90                __gnu_Unwind_Save_VFP
                0x20000e94                __gnu_Unwind_Restore_VFP_D
                0x20000e98                __gnu_Unwind_Save_VFP_D
                0x20000e9c                __gnu_Unwind_Restore_VFP_D_16_to_31
                0x20000ea0                __gnu_Unwind_Save_VFP_D_16_to_31
                0x20000ea4                __gnu_Unwind_Restore_WMMXD
                0x20000ea8                __gnu_Unwind_Save_WMMXD
                0x20000eac                __gnu_Unwind_Restore_WMMXC
                0x20000eb0                __gnu_Unwind_Save_WMMXC
                0x20000eb4                ___Unwind_RaiseException
                0x20000eb4                _Unwind_RaiseException
                0x20000ee4                _Unwind_Resume
                0x20000ee4                ___Unwind_Resume
                0x20000f14                _Unwind_Resume_or_Rethrow
                0x20000f14                ___Unwind_Resume_or_Rethrow
                0x20000f44                _Unwind_ForcedUnwind
                0x20000f44                ___Unwind_ForcedUnwind
                0x20000f74                ___Unwind_Backtrace
                0x20000f74                _Unwind_Backtrace
 .text.next_unwind_byte
                0x20000fa4       0x34 c:/progra~2/armgnu~1/112202~1.02/bin/../lib/gcc/arm-none-eabi/11.2.1/thumb/v6-m/nofp\libgcc.a(pr-support.o)
 .text.__gnu_unwind_execute
                0x20000fd8      0x2f0 c:/progra~2/armgnu~1/112202~1.02/bin/../lib/gcc/arm-none-eabi/11.2.1/thumb/v6-m/nofp\libgcc.a(pr-support.o)
                0x20000fd8                __gnu_unwind_execute
 .text.__gnu_unwind_execute.__stub
                0x200012c8       0x50 linker stubs
                0x20001318                . = ALIGN (0x4)
 *(.rodata*)
                0x20001318                . = ALIGN (0x4)
 *(.data*)
 .data.striped_spin_lock_num
                0x20001318        0x1 CMakeFiles/LoRaSenderNonBlocking.dir/C_/Users/henrik.pedersen/pico/pico-sdk/src/rp2_common/hardware_sync/sync.c.obj
 *fill*         0x20001319        0x3 
 .data          0x2000131c       0x48 CMakeFiles/LoRaSenderNonBlocking.dir/C_/Users/henrik.pedersen/pico/pico-sdk/src/rp2_common/hardware_irq/irq_handler_chain.S.obj
                0x2000131c                irq_handler_chain_slots
                0x2000134c                irq_handler_chain_first_slot
                0x20001356                irq_handler_chain_remove_tail
 .data.default_alarm_pool
                0x20001364       0x18 CMakeFiles/LoRaSenderNonBlocking.dir/C_/Users/henrik.pedersen/pico/pico-sdk/src/common/pico_time/time.c.obj
 .data.default_alarm_pool_heap
                0x2000137c       0x10 CMakeFiles/LoRaSenderNonBlocking.dir/C_/Users/henrik.pedersen/pico/pico-sdk/src/common/pico_time/time.c.obj
 *fill*         0x2000138c        0x4 
 .data.aeabi_bits_funcs
                0x20001390       0x10 CMakeFiles/LoRaSenderNonBlocking.dir/C_/Users/henrik.pedersen/pico/pico-sdk/src/rp2_common/pico_bit_ops/bit_ops_aeabi.S.obj
                0x20001390                aeabi_bits_funcs
                0x200013a0                aeabi_bits_funcs_end
 .data.aeabi_mem_funcs
                0x200013a0       0x10 CMakeFiles/LoRaSenderNonBlocking.dir/C_/Users/henrik.pedersen/pico/pico-sdk/src/rp2_common/pico_mem_ops/mem_ops_aeabi.S.obj
                0x200013a0                aeabi_mem_funcs
                0x200013b0                aeabi_mem_funcs_end
 .data.stdio_usb
                0x200013b0       0x14 CMakeFiles/LoRaSenderNonBlocking.dir/C_/Users/henrik.pedersen/pico/pico-sdk/src/rp2_common/pico_stdio_usb/stdio_usb.c.obj
                0x200013b0                stdio_usb
 .data.ep_dir_string
                0x200013c4        0x8 CMakeFiles/LoRaSenderNonBlocking.dir/C_/Users/henrik.pedersen/pico/pico-sdk/lib/tinyusb/src/portable/raspberrypi/rp2040/rp2040_usb.c.obj
                0x200013c4                ep_dir_string
 .data._usbd_qdef
                0x200013cc       0x24 CMakeFiles/LoRaSenderNonBlocking.dir/C_/Users/henrik.pedersen/pico/pico-sdk/lib/tinyusb/src/device/usbd.c.obj
                0x200013cc                _usbd_qdef
 .data._impure_ptr
                0x200013f0        0x4 c:/progra~2/armgnu~1/112202~1.02/bin/../lib/gcc/arm-none-eabi/11.2.1/thumb/v6-m/nofp\libc.a(lib_a-impure.o)
                0x200013f0                _impure_ptr
 *fill*         0x200013f4        0x4 
 .data.impure_data
                0x200013f8      0x428 c:/progra~2/armgnu~1/112202~1.02/bin/../lib/gcc/arm-none-eabi/11.2.1/thumb/v6-m/nofp\libc.a(lib_a-impure.o)
                0x20001820                . = ALIGN (0x4)
 *(.after_data.*)
                0x20001820                . = ALIGN (0x4)
                0x20001820                PROVIDE (__mutex_array_start = .)
 *(SORT_BY_NAME(.mutex_array.*))
 *(.mutex_array)
 .mutex_array   0x20001820        0x8 CMakeFiles/LoRaSenderNonBlocking.dir/C_/Users/henrik.pedersen/pico/pico-sdk/src/rp2_common/pico_stdio/stdio.c.obj
                0x20001828                PROVIDE (__mutex_array_end = .)
                0x20001828                . = ALIGN (0x4)
                0x20001828                PROVIDE (__preinit_array_start = .)
 *(SORT_BY_NAME(.preinit_array.*))
 .preinit_array.00001
                0x20001828        0x4 CMakeFiles/LoRaSenderNonBlocking.dir/C_/Users/henrik.pedersen/pico/pico-sdk/src/rp2_common/pico_mem_ops/mem_ops_aeabi.S.obj
 .preinit_array.00010
                0x2000182c        0x4 CMakeFiles/LoRaSenderNonBlocking.dir/C_/Users/henrik.pedersen/pico/pico-sdk/src/rp2_common/pico_bit_ops/bit_ops_aeabi.S.obj
 .preinit_array.00020
                0x20001830        0x4 CMakeFiles/LoRaSenderNonBlocking.dir/C_/Users/henrik.pedersen/pico/pico-sdk/src/rp2_common/pico_double/double_aeabi.S.obj
 .preinit_array.00020
                0x20001834        0x4 CMakeFiles/LoRaSenderNonBlocking.dir/C_/Users/henrik.pedersen/pico/pico-sdk/src/rp2_common/pico_float/float_aeabi.S.obj
 *(.preinit_array)
                0x20001838                PROVIDE (__preinit_array_end = .)
                0x20001838                . = ALIGN (0x4)
                0x20001838                PROVIDE (__init_array_start = .)
 *(SORT_BY_NAME(.init_array.*))
 *(.init_array)
 .init_array    0x20001838        0x4 c:/progra~2/armgnu~1/112202~1.02/bin/../lib/gcc/arm-none-eabi/11.2.1/thumb/v6-m/nofp/crtbegin.o
 .init_array    0x2000183c        0x4 CMakeFiles/LoRaSenderNonBlocking.dir/C_/Users/henrik.pedersen/pico/pico-sdk/src/rp2_common/pico_unique_id/unique_id.c.obj
 .init_array    0x20001840        0x4 ..\..\src\libLoRa_pico_lib.a(LoRa-RP2040.cpp.obj)
                0x20001844                PROVIDE (__init_array_end = .)
                0x20001844                . = ALIGN (0x4)
                [!provide]                PROVIDE (__fini_array_start = .)
 *(SORT_BY_NAME(.fini_array.*))
 *(.fini_array)
                [!provide]                PROVIDE (__fini_array_end = .)
 *(.jcr)
                0x20001844                . = ALIGN (0x4)
                0x20001844                __data_end__ = .

.tm_clone_table
                0x20001844        0x0 load address 0x1000a914
 .tm_clone_table
                0x20001844        0x0 c:/progra~2/armgnu~1/112202~1.02/bin/../lib/gcc/arm-none-eabi/11.2.1/thumb/v6-m/nofp/crtbegin.o
 .tm_clone_table
                0x20001844        0x0 c:/progra~2/armgnu~1/112202~1.02/bin/../lib/gcc/arm-none-eabi/11.2.1/thumb/v6-m/nofp/crtend.o

.igot.plt       0x20001844        0x0 load address 0x1000a914
 .igot.plt      0x20001844        0x0 c:/progra~2/armgnu~1/112202~1.02/bin/../lib/gcc/arm-none-eabi/11.2.1/thumb/v6-m/nofp/crtbegin.o

.uninitialized_data
                0x20001844        0x0 load address 0x1000a914
                0x20001844                . = ALIGN (0x4)
 *(.uninitialized_data*)

.scratch_x      0x20040000        0x0 load address 0x1000a914
                0x20040000                __scratch_x_start__ = .
 *(.scratch_x.*)
                0x20040000                . = ALIGN (0x4)
                0x20040000                __scratch_x_end__ = .
                0x1000a914                __scratch_x_source__ = LOADADDR (.scratch_x)

.scratch_y      0x20041000        0x0 load address 0x1000a914
                0x20041000                __scratch_y_start__ = .
 *(.scratch_y.*)
                0x20041000                . = ALIGN (0x4)
                0x20041000                __scratch_y_end__ = .
                0x1000a914                __scratch_y_source__ = LOADADDR (.scratch_y)

.bss            0x20001848      0xdbc
                0x20001848                . = ALIGN (0x4)
                0x20001848                __bss_start__ = .
 *(SORT_BY_ALIGNMENT(SORT_BY_NAME(.bss*)))
 .bss.default_alarm_pool_entries
                0x20001848      0x100 CMakeFiles/LoRaSenderNonBlocking.dir/C_/Users/henrik.pedersen/pico/pico-sdk/src/common/pico_time/time.c.obj
 .bss.last_avail_time.1
                0x20001948        0x8 CMakeFiles/LoRaSenderNonBlocking.dir/C_/Users/henrik.pedersen/pico/pico-sdk/src/rp2_common/pico_stdio_usb/stdio_usb.c.obj
 .bss.sd_table  0x20001950      0x100 CMakeFiles/LoRaSenderNonBlocking.dir/C_/Users/henrik.pedersen/pico/pico-sdk/src/rp2_common/pico_double/double_init_rom.c.obj
                0x20001950                sd_table
 .bss.sf_table  0x20001a50      0x100 CMakeFiles/LoRaSenderNonBlocking.dir/C_/Users/henrik.pedersen/pico/pico-sdk/src/rp2_common/pico_float/float_init_rom.c.obj
                0x20001a50                sf_table
 .bss.LoRa      0x20001b50       0x30 ..\..\src\libLoRa_pico_lib.a(LoRa-RP2040.cpp.obj)
                0x20001b50                LoRa
 .bss._app_driver
                0x20001b80        0x4 CMakeFiles/LoRaSenderNonBlocking.dir/C_/Users/henrik.pedersen/pico/pico-sdk/lib/tinyusb/src/device/usbd.c.obj
 .bss._cdcd_itf
                0x20001b84      0x2d8 CMakeFiles/LoRaSenderNonBlocking.dir/C_/Users/henrik.pedersen/pico/pico-sdk/lib/tinyusb/src/class/cdc/cdc_device.c.obj
 .bss._ctrl_xfer
                0x20001e5c       0x14 CMakeFiles/LoRaSenderNonBlocking.dir/C_/Users/henrik.pedersen/pico/pico-sdk/lib/tinyusb/src/device/usbd_control.c.obj
 .bss._ubsd_mutexdef
                0x20001e70        0x8 CMakeFiles/LoRaSenderNonBlocking.dir/C_/Users/henrik.pedersen/pico/pico-sdk/lib/tinyusb/src/device/usbd.c.obj
 .bss._usbd_ctrl_buf
                0x20001e78       0x40 CMakeFiles/LoRaSenderNonBlocking.dir/C_/Users/henrik.pedersen/pico/pico-sdk/lib/tinyusb/src/device/usbd_control.c.obj
 .bss._usbd_dev
                0x20001eb8       0x53 CMakeFiles/LoRaSenderNonBlocking.dir/C_/Users/henrik.pedersen/pico/pico-sdk/lib/tinyusb/src/device/usbd.c.obj
 *fill*         0x20001f0b        0x1 
 .bss._usbd_mutex
                0x20001f0c        0x4 CMakeFiles/LoRaSenderNonBlocking.dir/C_/Users/henrik.pedersen/pico/pico-sdk/lib/tinyusb/src/device/usbd.c.obj
 .bss._usbd_q   0x20001f10        0x4 CMakeFiles/LoRaSenderNonBlocking.dir/C_/Users/henrik.pedersen/pico/pico-sdk/lib/tinyusb/src/device/usbd.c.obj